
> retail-app@0.0.0 build
> ng build

[33mΓ¥»[39m Building...
[32mΓ£ö[39m Building...
[35mPrerendered 0 static routes.[39m
Application bundle generation failed. [2.112 seconds] - 2026-04-16T07:29:03.189Z

node.exe : 
[1m[33m[33mΓû▓ [43;33m
[[43;30mWARNING[43;33m]
[0m [1mDuplicate member 
"n" in class body[0m 
[duplicate-class-member]
At line:1 char:1
+ & "C:\Program 
Files\nodejs/node.exe" 
"C:\Program 
Files\nodejs/node_mo ...
+ ~~~~~~~~~~~~~~~~~~~~~~~~
~~~~~~~~~~~~~~~~~~~~~~~~~~
~~~~~~~~~~~~~~~~~~~
    + CategoryInfo        
      : NotSpecified: (  
  [1m[33m[33mΓ...e-cl   
 ass-member]:String) [    
], RemoteException
    + FullyQualifiedError 
   Id : NativeCommandErr  
  or
 

    src/app/components/log
in/login.component.ts:32:4
:
[37m      32 Γöé     
[32mn[37m;
         Γò╡     
[32m^[0m

  The original member "n" 
is here:

    src/app/components/log
in/login.component.ts:30:4
:
[37m      30 Γöé     
[32mn[37m;
         Γò╡     
[32m^[0m


[33mΓû▓ [43;33m[[43;30m
WARNING[43;33m][0m 
[1mDuplicate member "n" 
in class body[0m 
[duplicate-class-member]

    src/app/components/log
in/login.component.ts:34:4
:
[37m      34 Γöé     
[32mn[37m;
         Γò╡     
[32m^[0m

  The original member "n" 
is here:

    src/app/components/log
in/login.component.ts:32:4
:
[37m      32 Γöé     
[32mn[37m;
         Γò╡     
[32m^[0m


[33mΓû▓ [43;33m[[43;30m
WARNING[43;33m][0m 
[1mDuplicate member "n" 
in class body[0m 
[duplicate-class-member]

    src/app/components/log
in/login.component.ts:35:4
:
[37m      35 Γöé     
[32mn[37m;
         Γò╡     
[32m^[0m

  The original member "n" 
is here:

    src/app/components/log
in/login.component.ts:34:4
:
[37m      34 Γöé     
[32mn[37m;
         Γò╡     
[32m^[0m


[33mΓû▓ [43;33m[[43;30m
WARNING[43;33m][0m 
[1mDuplicate member "n" 
in class body[0m 
[duplicate-class-member]

    src/app/components/log
in/login.component.ts:37:4
:
[37m      37 Γöé     
[32mn[37m;
         Γò╡     
[32m^[0m

  The original member "n" 
is here:

    src/app/components/log
in/login.component.ts:35:4
:
[37m      35 Γöé     
[32mn[37m;
         Γò╡     
[32m^[0m


[33mΓû▓ [43;33m[[43;30m
WARNING[43;33m][0m 
[1mDuplicate member "n" 
in class body[0m 
[duplicate-class-member]

    src/app/components/log
in/login.component.ts:39:4
:
[37m      39 Γöé     
[32mn[37m;
         Γò╡     
[32m^[0m

  The original member "n" 
is here:

    src/app/components/log
in/login.component.ts:37:4
:
[37m      37 Γöé     
[32mn[37m;
         Γò╡     
[32m^[0m


[33mΓû▓ [43;33m[[43;30m
WARNING[43;33m][0m 
[1mDuplicate member "n" 
in class body[0m 
[duplicate-class-member]

    src/app/components/log
in/login.component.ts:41:4
:
[37m      41 Γöé     
[32mn[37m;
         Γò╡     
[32m^[0m

  The original member "n" 
is here:

    src/app/components/log
in/login.component.ts:39:4
:
[37m      39 Γöé     
[32mn[37m;
         Γò╡     
[32m^[0m


[33mΓû▓ [43;33m[[43;30m
WARNING[43;33m][0m 
[1mDuplicate member "n" 
in class body[0m 
[duplicate-class-member]

    src/app/components/log
in/login.component.ts:43:4
:
[37m      43 Γöé     
[32mn[37m;
         Γò╡     
[32m^[0m

  The original member "n" 
is here:

    src/app/components/log
in/login.component.ts:41:4
:
[37m      41 Γöé     
[32mn[37m;
         Γò╡     
[32m^[0m


[33mΓû▓ [43;33m[[43;30m
WARNING[43;33m][0m 
[1mDuplicate member "n" 
in class body[0m 
[duplicate-class-member]

    src/app/components/log
in/login.component.ts:44:4
:
[37m      44 Γöé     
[32mn[37m;
         Γò╡     
[32m^[0m

  The original member "n" 
is here:

    src/app/components/log
in/login.component.ts:43:4
:
[37m      43 Γöé     
[32mn[37m;
         Γò╡     
[32m^[0m


[33mΓû▓ [43;33m[[43;30m
WARNING[43;33m][0m 
[1mDuplicate member "n" 
in class body[0m 
[duplicate-class-member]

    src/app/components/log
in/login.component.ts:55:4
:
[37m      55 Γöé     
[32mn[37m;
         Γò╡     
[32m^[0m

  The original member "n" 
is here:

    src/app/components/log
in/login.component.ts:44:4
:
[37m      44 Γöé     
[32mn[37m;
         Γò╡     
[32m^[0m


[33mΓû▓ [43;33m[[43;30m
WARNING[43;33m][0m 
[1mDuplicate member "n" 
in class body[0m 
[duplicate-class-member]

    src/app/components/log
in/login.component.ts:32:4
:
[37m      32 Γöé     
[32mn[37m;
         Γò╡     
[32m^[0m

  The original member "n" 
is here:

    src/app/components/log
in/login.component.ts:30:4
:
[37m      30 Γöé     
[32mn[37m;
         Γò╡     
[32m^[0m


[33mΓû▓ [43;33m[[43;30m
WARNING[43;33m][0m 
[1mDuplicate member "n" 
in class body[0m 
[duplicate-class-member]

    src/app/components/log
in/login.component.ts:34:4
:
[37m      34 Γöé     
[32mn[37m;
         Γò╡     
[32m^[0m

  The original member "n" 
is here:

    src/app/components/log
in/login.component.ts:32:4
:
[37m      32 Γöé     
[32mn[37m;
         Γò╡     
[32m^[0m


[33mΓû▓ [43;33m[[43;30m
WARNING[43;33m][0m 
[1mDuplicate member "n" 
in class body[0m 
[duplicate-class-member]

    src/app/components/log
in/login.component.ts:35:4
:
[37m      35 Γöé     
[32mn[37m;
         Γò╡     
[32m^[0m

  The original member "n" 
is here:

    src/app/components/log
in/login.component.ts:34:4
:
[37m      34 Γöé     
[32mn[37m;
         Γò╡     
[32m^[0m


[33mΓû▓ [43;33m[[43;30m
WARNING[43;33m][0m 
[1mDuplicate member "n" 
in class body[0m 
[duplicate-class-member]

    src/app/components/log
in/login.component.ts:37:4
:
[37m      37 Γöé     
[32mn[37m;
         Γò╡     
[32m^[0m

  The original member "n" 
is here:

    src/app/components/log
in/login.component.ts:35:4
:
[37m      35 Γöé     
[32mn[37m;
         Γò╡     
[32m^[0m


[33mΓû▓ [43;33m[[43;30m
WARNING[43;33m][0m 
[1mDuplicate member "n" 
in class body[0m 
[duplicate-class-member]

    src/app/components/log
in/login.component.ts:39:4
:
[37m      39 Γöé     
[32mn[37m;
         Γò╡     
[32m^[0m

  The original member "n" 
is here:

    src/app/components/log
in/login.component.ts:37:4
:
[37m      37 Γöé     
[32mn[37m;
         Γò╡     
[32m^[0m


[33mΓû▓ [43;33m[[43;30m
WARNING[43;33m][0m 
[1mDuplicate member "n" 
in class body[0m 
[duplicate-class-member]

    src/app/components/log
in/login.component.ts:41:4
:
[37m      41 Γöé     
[32mn[37m;
         Γò╡     
[32m^[0m

  The original member "n" 
is here:

    src/app/components/log
in/login.component.ts:39:4
:
[37m      39 Γöé     
[32mn[37m;
         Γò╡     
[32m^[0m


[33mΓû▓ [43;33m[[43;30m
WARNING[43;33m][0m 
[1mDuplicate member "n" 
in class body[0m 
[duplicate-class-member]

    src/app/components/log
in/login.component.ts:43:4
:
[37m      43 Γöé     
[32mn[37m;
         Γò╡     
[32m^[0m

  The original member "n" 
is here:

    src/app/components/log
in/login.component.ts:41:4
:
[37m      41 Γöé     
[32mn[37m;
         Γò╡     
[32m^[0m


[33mΓû▓ [43;33m[[43;30m
WARNING[43;33m][0m 
[1mDuplicate member "n" 
in class body[0m 
[duplicate-class-member]

    src/app/components/log
in/login.component.ts:44:4
:
[37m      44 Γöé     
[32mn[37m;
         Γò╡     
[32m^[0m

  The original member "n" 
is here:

    src/app/components/log
in/login.component.ts:43:4
:
[37m      43 Γöé     
[32mn[37m;
         Γò╡     
[32m^[0m


[33mΓû▓ [43;33m[[43;30m
WARNING[43;33m][0m 
[1mDuplicate member "n" 
in class body[0m 
[duplicate-class-member]

    src/app/components/log
in/login.component.ts:55:4
:
[37m      55 Γöé     
[32mn[37m;
         Γò╡     
[32m^[0m

  The original member "n" 
is here:

    src/app/components/log
in/login.component.ts:44:4
:
[37m      44 Γöé     
[32mn[37m;
         Γò╡     
[32m^[0m

[39m[22m
[1m[31m[31mX [41;31m[
[41;97mERROR[41;31m][0m 
[1mTS2459: Module '"./com
ponents/login/login.compon
ent"' declares 
'LoginComponent' locally, 
but it is not 
exported.[0m 
[1m[35m[plugin 
angular-compiler][0m

    
src/app/app.routes.ts:2:9:
[37m      2 Γöé import { 
[32mLoginComponent[37m 
} from './components/login
/login.component';
        Γò╡          
[32m~~~~~~~~~~~~~~[0m

  'LoginComponent' is 
declared here.

    src/app/components/log
in/login.component.ts:1:95
0:
[37m      1 Γöé ...\n  
`]\n})\nexport class 
[32mLoginComponent[37m 
{\n  authService = 
injec...
        Γò╡               
              
[32m~~~~~~~~~~~~~~[0m


[31mX [41;31m[[41;97mER
ROR[41;31m][0m 
[1mTS2459: Module '"./com
ponents/products/products.
component"' declares 
'ProductsComponent' 
locally, but it is not 
exported.[0m 
[1m[35m[plugin 
angular-compiler][0m

    
src/app/app.routes.ts:3:9:
[37m      3 Γöé import { 
[32mProductsComponent[37
m } from './components/pro
ducts/products.c...
        Γò╡          
[32m~~~~~~~~~~~~~~~~~[0m

  'ProductsComponent' is 
declared here.

    src/app/components/pro
ducts/products.component.t
s:1:1865:
[37m      1 Γöé ...n  
`]\n})\nexport class [32m
ProductsComponent[37m 
{\n  productService = ...
        Γò╡               
             
[32m~~~~~~~~~~~~~~~~~[0m


[31mX [41;31m[[41;97mER
ROR[41;31m][0m 
[1mTS2459: Module '"./com
ponents/cart/cart.componen
t"' declares 
'CartComponent' locally, 
but it is not 
exported.[0m 
[1m[35m[plugin 
angular-compiler][0m

    
src/app/app.routes.ts:4:9:
[37m      4 Γöé import { 
[32mCartComponent[37m } 
from './components/cart/ca
rt.component';
        Γò╡          
[32m~~~~~~~~~~~~~[0m

  'CartComponent' is 
declared here.

    src/app/components/car
t/cart.component.ts:1:2291
:
[37m      1 Γöé ...}\n  
`]\n})\nexport class 
[32mCartComponent[37m 
{\n  orderService = 
inje...
        Γò╡               
               
[32m~~~~~~~~~~~~~[0m


[31mX [41;31m[[41;97mER
ROR[41;31m][0m 
[1mTS2459: Module '"./com
ponents/orders/orders.comp
onent"' declares 
'OrdersComponent' 
locally, but it is not 
exported.[0m 
[1m[35m[plugin 
angular-compiler][0m

    
src/app/app.routes.ts:5:9:
[37m      5 Γöé import { 
[32mOrdersComponent[37m 
} from './components/order
s/orders.compone...
        Γò╡          
[32m~~~~~~~~~~~~~~~[0m

  'OrdersComponent' is 
declared here.

    src/app/components/ord
ers/orders.component.ts:1:
2574:
[37m      1 Γöé ...\n  
`]\n})\nexport class 
[32mOrdersComponent[37m 
{\n  orderService = inj...
        Γò╡               
              
[32m~~~~~~~~~~~~~~~[0m


[31mX [41;31m[[41;97mER
ROR[41;31m][0m 
[1mTS1127: Invalid 
character.[0m 
[1m[35m[plugin 
angular-compiler][0m

    src/app/components/car
t/cart.component.ts:1:50:
[37m      1 Γöé ..., 
inject } from '@angular/co
re';[32m[37m\nimport { 
CommonModule } from '...
        Γò╡               
                     
[32m^[0m


[31mX [41;31m[[41;97mER
ROR[41;31m][0m 
[1mTS1435: Unknown 
keyword or identifier. 
Did you mean 
'import'?[0m 
[1m[35m[plugin 
angular-compiler][0m

    src/app/components/car
t/cart.component.ts:1:51:
[37m      1 Γöé ...ject 
} from '@angular/core';\[
32mnimport[37m { 
CommonModule } from 
'@ang...
        Γò╡               
                  
[32m~~~~~~~[0m


[31mX [41;31m[[41;97mER
ROR[41;31m][0m 
[1mTS2304: Cannot find 
name 'nimport'.[0m 
[1m[35m[plugin 
angular-compiler][0m

    src/app/components/car
t/cart.component.ts:1:51:
[37m      1 Γöé ...ject 
} from '@angular/core';\[
32mnimport[37m { 
CommonModule } from 
'@ang...
        Γò╡               
                  
[32m~~~~~~~[0m


[31mX [41;31m[[41;97mER
ROR[41;31m][0m 
[1mTS2304: Cannot find 
name 'CommonModule'.[0m 
[1m[35m[plugin 
angular-compiler][0m

    src/app/components/car
t/cart.component.ts:1:61:
[37m      1 Γöé ...@angul
ar/core';\nimport { 
[32mCommonModule[37m } 
from '@angular/common';...
        Γò╡               
               
[32m~~~~~~~~~~~~[0m


[31mX [41;31m[[41;97mER
ROR[41;31m][0m 
[1mTS1434: Unexpected 
keyword or 
identifier.[0m 
[1m[35m[plugin 
angular-compiler][0m

    src/app/components/car
t/cart.component.ts:1:76:
[37m      1 Γöé 
...re';\nimport { 
CommonModule } 
[32mfrom[37m '@angular/c
ommon';\nimport { ...
        Γò╡               
                   
[32m~~~~[0m


[31mX [41;31m[[41;97mER
ROR[41;31m][0m 
[1mTS2304: Cannot find 
name 'from'.[0m 
[1m[35m[plugin 
angular-compiler][0m

    src/app/components/car
t/cart.component.ts:1:76:
[37m      1 Γöé 
...re';\nimport { 
CommonModule } 
[32mfrom[37m '@angular/c
ommon';\nimport { ...
        Γò╡               
                   
[32m~~~~[0m


[31mX [41;31m[[41;97mER
ROR[41;31m][0m 
[1mTS1127: Invalid 
character.[0m 
[1m[35m[plugin 
angular-compiler][0m

    src/app/components/car
t/cart.component.ts:1:99:
[37m      1 Γöé 
...Module } from '@angular
/common';[32m[37m\nimpor
t { FormsModule } from 
'@...
        Γò╡               
                     
[32m^[0m


[31mX [41;31m[[41;97mER
ROR[41;31m][0m 
[1mTS1435: Unknown 
keyword or identifier. 
Did you mean 
'import'?[0m 
[1m[35m[plugin 
angular-compiler][0m

    src/app/components/car
t/cart.component.ts:1:100:
[37m      1 Γöé ...le } 
from '@angular/common';\[
32mnimport[37m { 
FormsModule } from 
'@angu...
        Γò╡               
                  
[32m~~~~~~~[0m


[31mX [41;31m[[41;97mER
ROR[41;31m][0m 
[1mTS2304: Cannot find 
name 'nimport'.[0m 
[1m[35m[plugin 
angular-compiler][0m

    src/app/components/car
t/cart.component.ts:1:100:
[37m      1 Γöé ...le } 
from '@angular/common';\[
32mnimport[37m { 
FormsModule } from 
'@angu...
        Γò╡               
                  
[32m~~~~~~~[0m


[31mX [41;31m[[41;97mER
ROR[41;31m][0m 
[1mTS2304: Cannot find 
name 'FormsModule'.[0m 
[1m[35m[plugin 
angular-compiler][0m

    src/app/components/car
t/cart.component.ts:1:110:
[37m      1 Γöé ...angula
r/common';\nimport { 
[32mFormsModule[37m } 
from '@angular/forms';\...
        Γò╡               
                
[32m~~~~~~~~~~~[0m


[31mX [41;31m[[41;97mER
ROR[41;31m][0m 
[1mTS1434: Unexpected 
keyword or 
identifier.[0m 
[1m[35m[plugin 
angular-compiler][0m

    src/app/components/car
t/cart.component.ts:1:124:
[37m      1 Γöé 
...mon';\nimport { 
FormsModule } 
[32mfrom[37m 
'@angular/forms';\nimport 
{ R...
        Γò╡               
                   
[32m~~~~[0m


[31mX [41;31m[[41;97mER
ROR[41;31m][0m 
[1mTS2304: Cannot find 
name 'from'.[0m 
[1m[35m[plugin 
angular-compiler][0m

    src/app/components/car
t/cart.component.ts:1:124:
[37m      1 Γöé 
...mon';\nimport { 
FormsModule } 
[32mfrom[37m 
'@angular/forms';\nimport 
{ R...
        Γò╡               
                   
[32m~~~~[0m


[31mX [41;31m[[41;97mER
ROR[41;31m][0m 
[1mTS1127: Invalid 
character.[0m 
[1m[35m[plugin 
angular-compiler][0m

    src/app/components/car
t/cart.component.ts:1:146:
[37m      1 Γöé 
...sModule } from '@angula
r/forms';[32m[37m\nimpor
t { Router } from 
'@angul...
        Γò╡               
                     
[32m^[0m


[31mX [41;31m[[41;97mER
ROR[41;31m][0m 
[1mTS1435: Unknown 
keyword or identifier. 
Did you mean 
'import'?[0m 
[1m[35m[plugin 
angular-compiler][0m

    src/app/components/car
t/cart.component.ts:1:147:
[37m      1 Γöé ...ule } 
from '@angular/forms';\[3
2mnimport[37m { Router } 
from '@angular/r...
        Γò╡               
                  
[32m~~~~~~~[0m


[31mX [41;31m[[41;97mER
ROR[41;31m][0m 
[1mTS2304: Cannot find 
name 'nimport'.[0m 
[1m[35m[plugin 
angular-compiler][0m

    src/app/components/car
t/cart.component.ts:1:147:
[37m      1 Γöé ...ule } 
from '@angular/forms';\[3
2mnimport[37m { Router } 
from '@angular/r...
        Γò╡               
                  
[32m~~~~~~~[0m


[31mX [41;31m[[41;97mER
ROR[41;31m][0m 
[1mTS2304: Cannot find 
name 'Router'.[0m 
[1m[35m[plugin 
angular-compiler][0m

    src/app/components/car
t/cart.component.ts:1:157:
[37m      1 Γöé ... 
'@angular/forms';\nimport 
{ [32mRouter[37m } from 
'@angular/router';\ni...
        Γò╡               
                  
[32m~~~~~~[0m


[31mX [41;31m[[41;97mER
ROR[41;31m][0m 
[1mTS1434: Unexpected 
keyword or 
identifier.[0m 
[1m[35m[plugin 
angular-compiler][0m

    src/app/components/car
t/cart.component.ts:1:166:
[37m      1 Γöé 
...ar/forms';\nimport { 
Router } [32mfrom[37m '@
angular/router';\nimport 
{ ...
        Γò╡               
                   
[32m~~~~[0m


[31mX [41;31m[[41;97mER
ROR[41;31m][0m 
[1mTS2304: Cannot find 
name 'from'.[0m 
[1m[35m[plugin 
angular-compiler][0m

    src/app/components/car
t/cart.component.ts:1:166:
[37m      1 Γöé 
...ar/forms';\nimport { 
Router } [32mfrom[37m '@
angular/router';\nimport 
{ ...
        Γò╡               
                   
[32m~~~~[0m


[31mX [41;31m[[41;97mER
ROR[41;31m][0m 
[1mTS1127: Invalid 
character.[0m 
[1m[35m[plugin 
angular-compiler][0m

    src/app/components/car
t/cart.component.ts:1:189:
[37m      1 Γöé 
...Router } from '@angular
/router';[32m[37m\nimpor
t { OrderService } from 
'...
        Γò╡               
                     
[32m^[0m


[31mX [41;31m[[41;97mER
ROR[41;31m][0m 
[1mTS1435: Unknown 
keyword or identifier. 
Did you mean 
'import'?[0m 
[1m[35m[plugin 
angular-compiler][0m

    src/app/components/car
t/cart.component.ts:1:190:
[37m      1 Γöé ...er } 
from '@angular/router';\[
32mnimport[37m { 
OrderService } from 
'../....
        Γò╡               
                  
[32m~~~~~~~[0m


[31mX [41;31m[[41;97mER
ROR[41;31m][0m 
[1mTS2304: Cannot find 
name 'nimport'.[0m 
[1m[35m[plugin 
angular-compiler][0m

    src/app/components/car
t/cart.component.ts:1:190:
[37m      1 Γöé ...er } 
from '@angular/router';\[
32mnimport[37m { 
OrderService } from 
'../....
        Γò╡               
                  
[32m~~~~~~~[0m


[31mX [41;31m[[41;97mER
ROR[41;31m][0m 
[1mTS2304: Cannot find 
name 'OrderService'.[0m 
[1m[35m[plugin 
angular-compiler][0m

    src/app/components/car
t/cart.component.ts:1:200:
[37m      1 Γöé ...ngular
/router';\nimport { 
[32mOrderService[37m } 
from '../../services/or...
        Γò╡               
               
[32m~~~~~~~~~~~~[0m


[31mX [41;31m[[41;97mER
ROR[41;31m][0m 
[1mTS1434: Unexpected 
keyword or 
identifier.[0m 
[1m[35m[plugin 
angular-compiler][0m

    src/app/components/car
t/cart.component.ts:1:215:
[37m      1 Γöé 
...er';\nimport { 
OrderService } 
[32mfrom[37m '../../serv
ices/order.service...
        Γò╡               
                   
[32m~~~~[0m


[31mX [41;31m[[41;97mER
ROR[41;31m][0m 
[1mTS2304: Cannot find 
name 'from'.[0m 
[1m[35m[plugin 
angular-compiler][0m

    src/app/components/car
t/cart.component.ts:1:215:
[37m      1 Γöé 
...er';\nimport { 
OrderService } 
[32mfrom[37m '../../serv
ices/order.service...
        Γò╡               
                   
[32m~~~~[0m


[31mX [41;31m[[41;97mER
ROR[41;31m][0m 
[1mTS1127: Invalid 
character.[0m 
[1m[35m[plugin 
angular-compiler][0m

    src/app/components/car
t/cart.component.ts:1:251:
[37m      1 Γöé ... '../.
./services/order.service';
[32m[37m\nimport { 
AuthService } from '....
        Γò╡               
                     
[32m^[0m


[31mX [41;31m[[41;97mER
ROR[41;31m][0m 
[1mTS1435: Unknown 
keyword or identifier. 
Did you mean 
'import'?[0m 
[1m[35m[plugin 
angular-compiler][0m

    src/app/components/car
t/cart.component.ts:1:252:
[37m      1 Γöé .../../se
rvices/order.service';\[3
2mnimport[37m { 
AuthService } from 
'../.....
        Γò╡               
                  
[32m~~~~~~~[0m


[31mX [41;31m[[41;97mER
ROR[41;31m][0m 
[1mTS2304: Cannot find 
name 'nimport'.[0m 
[1m[35m[plugin 
angular-compiler][0m

    src/app/components/car
t/cart.component.ts:1:252:
[37m      1 Γöé .../../se
rvices/order.service';\[3
2mnimport[37m { 
AuthService } from 
'../.....
        Γò╡               
                  
[32m~~~~~~~[0m


[31mX [41;31m[[41;97mER
ROR[41;31m][0m 
[1mTS2304: Cannot find 
name 'AuthService'.[0m 
[1m[35m[plugin 
angular-compiler][0m

    src/app/components/car
t/cart.component.ts:1:262:
[37m      1 Γöé .../order
.service';\nimport { 
[32mAuthService[37m } 
from '../../services/au...
        Γò╡               
                
[32m~~~~~~~~~~~[0m


[31mX [41;31m[[41;97mER
ROR[41;31m][0m 
[1mTS1434: Unexpected 
keyword or 
identifier.[0m 
[1m[35m[plugin 
angular-compiler][0m

    src/app/components/car
t/cart.component.ts:1:276:
[37m      1 Γöé 
...ice';\nimport { 
AuthService } 
[32mfrom[37m '../../serv
ices/auth.service'...
        Γò╡               
                   
[32m~~~~[0m


[31mX [41;31m[[41;97mER
ROR[41;31m][0m 
[1mTS2304: Cannot find 
name 'from'.[0m 
[1m[35m[plugin 
angular-compiler][0m

    src/app/components/car
t/cart.component.ts:1:276:
[37m      1 Γöé 
...ice';\nimport { 
AuthService } 
[32mfrom[37m '../../serv
ices/auth.service'...
        Γò╡               
                   
[32m~~~~[0m


[31mX [41;31m[[41;97mER
ROR[41;31m][0m 
[1mTS1127: Invalid 
character.[0m 
[1m[35m[plugin 
angular-compiler][0m

    src/app/components/car
t/cart.component.ts:1:311:
[37m      1 Γöé ...m '../
../services/auth.service';
[32m[37m\n\n@Component({
\n  selector: 'a...
        Γò╡               
                     
[32m^[0m


[31mX [41;31m[[41;97mER
ROR[41;31m][0m 
[1mTS2304: Cannot find 
name 'n'.[0m 
[1m[35m[plugin 
angular-compiler][0m

    src/app/components/car
t/cart.component.ts:1:312:
[37m      1 Γöé ... '../.
./services/auth.service';\
[32mn[37m\n@Component({\
n  selector: 'ap...
        Γò╡               
                     
[32m^[0m


[31mX [41;31m[[41;97mER
ROR[41;31m][0m 
[1mTS1127: Invalid 
character.[0m 
[1m[35m[plugin 
angular-compiler][0m

    src/app/components/car
t/cart.component.ts:1:313:
[37m      1 Γöé ...'../..
/services/auth.service';\n
[32m[37m\n@Component({\n
  selector: 'app...
        Γò╡               
                     
[32m^[0m


[31mX [41;31m[[41;97mER
ROR[41;31m][0m 
[1mTS1434: Unexpected 
keyword or 
identifier.[0m 
[1m[35m[plugin 
angular-compiler][0m

    src/app/components/car
t/cart.component.ts:1:314:
[37m      1 Γöé ...../../
services/auth.service';\n\
[32mn[37m@Component({\n 
 selector: 'app-...
        Γò╡               
                     
[32m^[0m


[31mX [41;31m[[41;97mER
ROR[41;31m][0m 
[1mTS2304: Cannot find 
name 'n'.[0m 
[1m[35m[plugin 
angular-compiler][0m

    src/app/components/car
t/cart.component.ts:1:314:
[37m      1 Γöé ...../../
services/auth.service';\n\
[32mn[37m@Component({\n 
 selector: 'app-...
        Γò╡               
                     
[32m^[0m


[31mX [41;31m[[41;97mER
ROR[41;31m][0m 
[1mTS1127: Invalid 
character.[0m 
[1m[35m[plugin 
angular-compiler][0m

    src/app/components/car
t/cart.component.ts:1:327:
[37m      1 Γöé ...s/auth
.service';\n\n@Component({
[32m[37m\n  selector: 
'app-cart',\n  sta...
        Γò╡               
                     
[32m^[0m


[31mX [41;31m[[41;97mER
ROR[41;31m][0m 
[1mTS1005: ',' 
expected.[0m 
[1m[35m[plugin 
angular-compiler][0m

    src/app/components/car
t/cart.component.ts:1:331:
[37m      1 Γöé ...ervice
';\n\n@Component({\n  
[32mselector[37m: 
'app-cart',\n  
standalone:...
        Γò╡               
                 
[32m~~~~~~~~[0m


[31mX [41;31m[[41;97mER
ROR[41;31m][0m 
[1mTS1127: Invalid 
character.[0m 
[1m[35m[plugin 
angular-compiler][0m

    src/app/components/car
t/cart.component.ts:1:352:
[37m      1 Γöé 
...onent({\n  selector: 
'app-cart',[32m[37m\n  
standalone: true,\n  
imports...
        Γò╡               
                     
[32m^[0m


[31mX [41;31m[[41;97mER
ROR[41;31m][0m 
[1mTS1005: ',' 
expected.[0m 
[1m[35m[plugin 
angular-compiler][0m

    src/app/components/car
t/cart.component.ts:1:356:
[37m      1 Γöé ...  
selector: 'app-cart',\n  
[32mstandalone[37m: 
true,\n  imports: 
[Common...
        Γò╡               
                
[32m~~~~~~~~~~[0m


[31mX [41;31m[[41;97mER
ROR[41;31m][0m 
[1mTS1127: Invalid 
character.[0m 
[1m[35m[plugin 
angular-compiler][0m

    src/app/components/car
t/cart.component.ts:1:373:
[37m      1 Γöé 
...'app-cart',\n  
standalone: 
true,[32m[37m\n  
imports: [CommonModule, 
Form...
        Γò╡               
                     
[32m^[0m


[31mX [41;31m[[41;97mER
ROR[41;31m][0m 
[1mTS1005: ',' 
expected.[0m 
[1m[35m[plugin 
angular-compiler][0m

    src/app/components/car
t/cart.component.ts:1:377:
[37m      1 Γöé 
...rt',\n  standalone: 
true,\n  
[32mimports[37m: 
[CommonModule, 
FormsModule...
        Γò╡               
                  
[32m~~~~~~~[0m


[31mX [41;31m[[41;97mER
ROR[41;31m][0m 
[1mTS1127: Invalid 
character.[0m 
[1m[35m[plugin 
angular-compiler][0m

    src/app/components/car
t/cart.component.ts:1:414:
[37m      1 Γöé ...ts: 
[CommonModule, 
FormsModule],[32m[37m\n 
 template: `\n    <div 
class=...
        Γò╡               
                     
[32m^[0m


[31mX [41;31m[[41;97mER
ROR[41;31m][0m 
[1mTS1005: ',' 
expected.[0m 
[1m[35m[plugin 
angular-compiler][0m

    src/app/components/car
t/cart.component.ts:1:418:
[37m      1 Γöé 
...monModule, 
FormsModule],\n  
[32mtemplate[37m: `\n   
 <div class="cart-co...
        Γò╡               
                 
[32m~~~~~~~~[0m


[31mX [41;31m[[41;97mER
ROR[41;31m][0m 
[1mTS1127: Invalid 
character.[0m 
[1m[35m[plugin 
angular-compiler][0m

    src/app/components/car
t/cart.component.ts:1:1660
:
[37m      1 Γöé 
.../div>\n      }\n    
</div>\n  `,[32m[37m\n  
styles: [`\n    
.cart-contai...
        Γò╡               
                     
[32m^[0m


[31mX [41;31m[[41;97mER
ROR[41;31m][0m 
[1mTS1005: ',' 
expected.[0m 
[1m[35m[plugin 
angular-compiler][0m

    src/app/components/car
t/cart.component.ts:1:1664
:
[37m      1 Γöé ...      
}\n    </div>\n  `,\n  
[32mstyles[37m: [`\n    
.cart-container { m...
        Γò╡               
                  
[32m~~~~~~[0m


[31mX [41;31m[[41;97mER
ROR[41;31m][0m 
[1mTS1127: Invalid 
character.[0m 
[1m[35m[plugin 
angular-compiler][0m

    src/app/components/car
t/cart.component.ts:1:2272
:
[37m      1 Γöé ...: 
#dc3545; color: white; 
}\n  
`][32m[37m\n})\nexport 
class CartComponent...
        Γò╡               
                     
[32m^[0m


[31mX [41;31m[[41;97mER
ROR[41;31m][0m 
[1mTS1127: Invalid 
character.[0m 
[1m[35m[plugin 
angular-compiler][0m

    src/app/components/car
t/cart.component.ts:1:2276
:
[37m      1 Γöé 
...c3545; color: white; 
}\n  
`]\n})[32m[37m\nexport 
class CartComponent {\n...
        Γò╡               
                     
[32m^[0m


[31mX [41;31m[[41;97mER
ROR[41;31m][0m 
[1mTS1435: Unknown 
keyword or identifier. 
Did you mean 
'export'?[0m 
[1m[35m[plugin 
angular-compiler][0m

    src/app/components/car
t/cart.component.ts:1:2277
:
[37m      1 Γöé ...5; 
color: white; }\n  
`]\n})\[32mnexport[37m 
class CartComponent {\n  
or...
        Γò╡               
                  
[32m~~~~~~~[0m


[31mX [41;31m[[41;97mER
ROR[41;31m][0m 
[1mTS2304: Cannot find 
name 'nexport'.[0m 
[1m[35m[plugin 
angular-compiler][0m

    src/app/components/car
t/cart.component.ts:1:2277
:
[37m      1 Γöé ...5; 
color: white; }\n  
`]\n})\[32mnexport[37m 
class CartComponent {\n  
or...
        Γò╡               
                  
[32m~~~~~~~[0m


[31mX [41;31m[[41;97mER
ROR[41;31m][0m 
[1mTS1127: Invalid 
character.[0m 
[1m[35m[plugin 
angular-compiler][0m

    src/app/components/car
t/cart.component.ts:1:2306
:
[37m      1 Γöé 
...})\nexport class 
CartComponent 
{[32m[37m\n  
orderService = 
inject(OrderS...
        Γò╡               
                     
[32m^[0m


[31mX [41;31m[[41;97mER
ROR[41;31m][0m 
[1mTS1434: Unexpected 
keyword or 
identifier.[0m 
[1m[35m[plugin 
angular-compiler][0m

    src/app/components/car
t/cart.component.ts:1:2307
:
[37m      1 Γöé 
...)\nexport class 
CartComponent 
{\[32mn[37m  
orderService = 
inject(OrderSe...
        Γò╡               
                     
[32m^[0m


[31mX [41;31m[[41;97mER
ROR[41;31m][0m 
[1mTS7008: Member 'n' 
implicitly has an 'any' 
type.[0m 
[1m[35m[plugin 
angular-compiler][0m

    src/app/components/car
t/cart.component.ts:1:2307
:
[37m      1 Γöé 
...)\nexport class 
CartComponent 
{\[32mn[37m  
orderService = 
inject(OrderSe...
        Γò╡               
                     
[32m^[0m


[31mX [41;31m[[41;97mER
ROR[41;31m][0m 
[1mTS2304: Cannot find 
name 'OrderService'.[0m 
[1m[35m[plugin 
angular-compiler][0m

    src/app/components/car
t/cart.component.ts:1:2332
:
[37m      1 Γöé ...\n  
orderService = inject([32
mOrderService[37m);\n  
authService = inject...
        Γò╡               
               
[32m~~~~~~~~~~~~[0m


[31mX [41;31m[[41;97mER
ROR[41;31m][0m 
[1mTS1127: Invalid 
character.[0m 
[1m[35m[plugin 
angular-compiler][0m

    src/app/components/car
t/cart.component.ts:1:2346
:
[37m      1 Γöé 
...rService = inject(Order
Service);[32m[37m\n  
authService = 
inject(AuthSer...
        Γò╡               
                     
[32m^[0m


[31mX [41;31m[[41;97mER
ROR[41;31m][0m 
[1mTS1434: Unexpected 
keyword or 
identifier.[0m 
[1m[35m[plugin 
angular-compiler][0m

    src/app/components/car
t/cart.component.ts:1:2347
:
[37m      1 Γöé 
...Service = inject(OrderS
ervice);\[32mn[37m  
authService = 
inject(AuthServ...
        Γò╡               
                     
[32m^[0m


[31mX [41;31m[[41;97mER
ROR[41;31m][0m 
[1mTS2300: Duplicate 
identifier 'n'.[0m 
[1m[35m[plugin 
angular-compiler][0m

    src/app/components/car
t/cart.component.ts:1:2347
:
[37m      1 Γöé 
...Service = inject(OrderS
ervice);\[32mn[37m  
authService = 
inject(AuthServ...
        Γò╡               
                     
[32m^[0m


[31mX [41;31m[[41;97mER
ROR[41;31m][0m 
[1mTS2304: Cannot find 
name 'AuthService'.[0m 
[1m[35m[plugin 
angular-compiler][0m

    src/app/components/car
t/cart.component.ts:1:2371
:
[37m      1 Γöé ...);\n  
authService = inject([32m
AuthService[37m);\n  
router = inject(Rout...
        Γò╡               
                
[32m~~~~~~~~~~~[0m


[31mX [41;31m[[41;97mER
ROR[41;31m][0m 
[1mTS1127: Invalid 
character.[0m 
[1m[35m[plugin 
angular-compiler][0m

    src/app/components/car
t/cart.component.ts:1:2384
:
[37m      1 Γöé 
...thService = inject(Auth
Service);[32m[37m\n  
router = 
inject(Router);\n\n...
        Γò╡               
                     
[32m^[0m


[31mX [41;31m[[41;97mER
ROR[41;31m][0m 
[1mTS1434: Unexpected 
keyword or 
identifier.[0m 
[1m[35m[plugin 
angular-compiler][0m

    src/app/components/car
t/cart.component.ts:1:2385
:
[37m      1 Γöé 
...hService = inject(AuthS
ervice);\[32mn[37m  
router = 
inject(Router);\n\n ...
        Γò╡               
                     
[32m^[0m


[31mX [41;31m[[41;97mER
ROR[41;31m][0m 
[1mTS2300: Duplicate 
identifier 'n'.[0m 
[1m[35m[plugin 
angular-compiler][0m

    src/app/components/car
t/cart.component.ts:1:2385
:
[37m      1 Γöé 
...hService = inject(AuthS
ervice);\[32mn[37m  
router = 
inject(Router);\n\n ...
        Γò╡               
                     
[32m^[0m


[31mX [41;31m[[41;97mER
ROR[41;31m][0m 
[1mTS2304: Cannot find 
name 'Router'.[0m 
[1m[35m[plugin 
angular-compiler][0m

    src/app/components/car
t/cart.component.ts:1:2404
:
[37m      1 Γöé 
...Service);\n  router = i
nject([32mRouter[37m);\n
\n  cartItems = 
this.orde...
        Γò╡               
                  
[32m~~~~~~[0m


[31mX [41;31m[[41;97mER
ROR[41;31m][0m 
[1mTS1127: Invalid 
character.[0m 
[1m[35m[plugin 
angular-compiler][0m

    src/app/components/car
t/cart.component.ts:1:2412
:
[37m      1 Γöé 
...ce);\n  router = inject
(Router);[32m[37m\n\n  
cartItems = 
this.orderServ...
        Γò╡               
                     
[32m^[0m


[31mX [41;31m[[41;97mER
ROR[41;31m][0m 
[1mTS2300: Duplicate 
identifier 'n'.[0m 
[1m[35m[plugin 
angular-compiler][0m

    src/app/components/car
t/cart.component.ts:1:2413
:
[37m      1 Γöé ...e);\n 
 router = inject(Router);\
[32mn[37m\n  cartItems 
= this.orderServi...
        Γò╡               
                     
[32m^[0m


[31mX [41;31m[[41;97mER
ROR[41;31m][0m 
[1mTS1127: Invalid 
character.[0m 
[1m[35m[plugin 
angular-compiler][0m

    src/app/components/car
t/cart.component.ts:1:2414
:
[37m      1 Γöé ...);\n  
router = inject(Router);\n
[32m[37m\n  cartItems = 
this.orderServic...
        Γò╡               
                     
[32m^[0m


[31mX [41;31m[[41;97mER
ROR[41;31m][0m 
[1mTS1434: Unexpected 
keyword or 
identifier.[0m 
[1m[35m[plugin 
angular-compiler][0m

    src/app/components/car
t/cart.component.ts:1:2415
:
[37m      1 Γöé ...;\n  
router = inject(Router);\n
\[32mn[37m  cartItems = 
this.orderService...
        Γò╡               
                     
[32m^[0m


[31mX [41;31m[[41;97mER
ROR[41;31m][0m 
[1mTS2300: Duplicate 
identifier 'n'.[0m 
[1m[35m[plugin 
angular-compiler][0m

    src/app/components/car
t/cart.component.ts:1:2415
:
[37m      1 Γöé ...;\n  
router = inject(Router);\n
\[32mn[37m  cartItems = 
this.orderService...
        Γò╡               
                     
[32m^[0m


[31mX [41;31m[[41;97mER
ROR[41;31m][0m 
[1mTS2571: Object is of 
type 'unknown'.[0m 
[1m[35m[plugin 
angular-compiler][0m

    src/app/components/car
t/cart.component.ts:1:2430
:
[37m      1 Γöé 
...uter);\n\n  cartItems 
= [32mthis.orderService[
37m.cartItems;\n  
cartTota...
        Γò╡               
             
[32m~~~~~~~~~~~~~~~~~[0m


[31mX [41;31m[[41;97mER
ROR[41;31m][0m 
[1mTS1127: Invalid 
character.[0m 
[1m[35m[plugin 
angular-compiler][0m

    src/app/components/car
t/cart.component.ts:1:2458
:
[37m      1 Γöé ...s = th
is.orderService.cartItems;
[32m[37m\n  cartTotal = 
this.orderServic...
        Γò╡               
                     
[32m^[0m


[31mX [41;31m[[41;97mER
ROR[41;31m][0m 
[1mTS1434: Unexpected 
keyword or 
identifier.[0m 
[1m[35m[plugin 
angular-compiler][0m

    src/app/components/car
t/cart.component.ts:1:2459
:
[37m      1 Γöé ... = thi
s.orderService.cartItems;\
[32mn[37m  cartTotal = 
this.orderService...
        Γò╡               
                     
[32m^[0m


[31mX [41;31m[[41;97mER
ROR[41;31m][0m 
[1mTS2300: Duplicate 
identifier 'n'.[0m 
[1m[35m[plugin 
angular-compiler][0m

    src/app/components/car
t/cart.component.ts:1:2459
:
[37m      1 Γöé ... = thi
s.orderService.cartItems;\
[32mn[37m  cartTotal = 
this.orderService...
        Γò╡               
                     
[32m^[0m


[31mX [41;31m[[41;97mER
ROR[41;31m][0m 
[1mTS2571: Object is of 
type 'unknown'.[0m 
[1m[35m[plugin 
angular-compiler][0m

    src/app/components/car
t/cart.component.ts:1:2474
:
[37m      1 Γöé 
...rtItems;\n  cartTotal 
= [32mthis.orderService[
37m.cartTotal;\n\n  
update...
        Γò╡               
             
[32m~~~~~~~~~~~~~~~~~[0m


[31mX [41;31m[[41;97mER
ROR[41;31m][0m 
[1mTS1127: Invalid 
character.[0m 
[1m[35m[plugin 
angular-compiler][0m

    src/app/components/car
t/cart.component.ts:1:2502
:
[37m      1 Γöé ...l = th
is.orderService.cartTotal;
[32m[37m\n\n  
updateQuantity(productId: 
...
        Γò╡               
                     
[32m^[0m


[31mX [41;31m[[41;97mER
ROR[41;31m][0m 
[1mTS2300: Duplicate 
identifier 'n'.[0m 
[1m[35m[plugin 
angular-compiler][0m

    src/app/components/car
t/cart.component.ts:1:2503
:
[37m      1 Γöé ... = thi
s.orderService.cartTotal;\
[32mn[37m\n  
updateQuantity(productId: 
s...
        Γò╡               
                     
[32m^[0m


[31mX [41;31m[[41;97mER
ROR[41;31m][0m 
[1mTS1127: Invalid 
character.[0m 
[1m[35m[plugin 
angular-compiler][0m

    src/app/components/car
t/cart.component.ts:1:2504
:
[37m      1 Γöé ...= this
.orderService.cartTotal;\n
[32m[37m\n  
updateQuantity(productId: 
st...
        Γò╡               
                     
[32m^[0m


[31mX [41;31m[[41;97mER
ROR[41;31m][0m 
[1mTS1434: Unexpected 
keyword or 
identifier.[0m 
[1m[35m[plugin 
angular-compiler][0m

    src/app/components/car
t/cart.component.ts:1:2505
:
[37m      1 Γöé ... this.
orderService.cartTotal;\n\
[32mn[37m  
updateQuantity(productId: 
str...
        Γò╡               
                     
[32m^[0m


[31mX [41;31m[[41;97mER
ROR[41;31m][0m 
[1mTS2300: Duplicate 
identifier 'n'.[0m 
[1m[35m[plugin 
angular-compiler][0m

    src/app/components/car
t/cart.component.ts:1:2505
:
[37m      1 Γöé ... this.
orderService.cartTotal;\n\
[32mn[37m  
updateQuantity(productId: 
str...
        Γò╡               
                     
[32m^[0m


[31mX [41;31m[[41;97mER
ROR[41;31m][0m 
[1mTS1127: Invalid 
character.[0m 
[1m[35m[plugin 
angular-compiler][0m

    src/app/components/car
t/cart.component.ts:1:2565
:
[37m      1 Γöé ... 
string, qty: number | 
string) {[32m[37m\n    
const quantity = typeof 
qt...
        Γò╡               
                     
[32m^[0m


[31mX [41;31m[[41;97mER
ROR[41;31m][0m 
[1mTS1434: Unexpected 
keyword or 
identifier.[0m 
[1m[35m[plugin 
angular-compiler][0m

    src/app/components/car
t/cart.component.ts:1:2566
:
[37m      1 Γöé 
...string, qty: number | 
string) {\[32mn[37m    
const quantity = typeof 
qty...
        Γò╡               
                     
[32m^[0m


[31mX [41;31m[[41;97mER
ROR[41;31m][0m 
[1mTS2663: Cannot find 
name 'n'. Did you mean 
the instance member 
'this.n'?[0m 
[1m[35m[plugin 
angular-compiler][0m

    src/app/components/car
t/cart.component.ts:1:2566
:
[37m      1 Γöé 
...string, qty: number | 
string) {\[32mn[37m    
const quantity = typeof 
qty...
        Γò╡               
                     
[32m^[0m


[31mX [41;31m[[41;97mER
ROR[41;31m][0m 
[1mTS1127: Invalid 
character.[0m 
[1m[35m[plugin 
angular-compiler][0m

    src/app/components/car
t/cart.component.ts:1:2638
:
[37m      1 Γöé ...ring' 
? parseInt(qty, 10) : 
qty;[32m[37m\n    if 
(!isNaN(quantity)) {\n ...
        Γò╡               
                     
[32m^[0m


[31mX [41;31m[[41;97mER
ROR[41;31m][0m 
[1mTS1434: Unexpected 
keyword or 
identifier.[0m 
[1m[35m[plugin 
angular-compiler][0m

    src/app/components/car
t/cart.component.ts:1:2639
:
[37m      1 Γöé ...ing' 
? parseInt(qty, 10) : 
qty;\[32mn[37m    if 
(!isNaN(quantity)) {\n  
...
        Γò╡               
                     
[32m^[0m


[31mX [41;31m[[41;97mER
ROR[41;31m][0m 
[1mTS2663: Cannot find 
name 'n'. Did you mean 
the instance member 
'this.n'?[0m 
[1m[35m[plugin 
angular-compiler][0m

    src/app/components/car
t/cart.component.ts:1:2639
:
[37m      1 Γöé ...ing' 
? parseInt(qty, 10) : 
qty;\[32mn[37m    if 
(!isNaN(quantity)) {\n  
...
        Γò╡               
                     
[32m^[0m


[31mX [41;31m[[41;97mER
ROR[41;31m][0m 
[1mTS1127: Invalid 
character.[0m 
[1m[35m[plugin 
angular-compiler][0m

    src/app/components/car
t/cart.component.ts:1:2667
:
[37m      1 Γöé ...ty;\n 
   if (!isNaN(quantity)) 
{[32m[37m\n      this.or
derService.update...
        Γò╡               
                     
[32m^[0m


[31mX [41;31m[[41;97mER
ROR[41;31m][0m 
[1mTS1434: Unexpected 
keyword or 
identifier.[0m 
[1m[35m[plugin 
angular-compiler][0m

    src/app/components/car
t/cart.component.ts:1:2668
:
[37m      1 Γöé ...y;\n  
  if (!isNaN(quantity)) 
{\[32mn[37m      this.or
derService.updateC...
        Γò╡               
                     
[32m^[0m


[31mX [41;31m[[41;97mER
ROR[41;31m][0m 
[1mTS2663: Cannot find 
name 'n'. Did you mean 
the instance member 
'this.n'?[0m 
[1m[35m[plugin 
angular-compiler][0m

    src/app/components/car
t/cart.component.ts:1:2668
:
[37m      1 Γöé ...y;\n  
  if (!isNaN(quantity)) 
{\[32mn[37m      this.or
derService.updateC...
        Γò╡               
                     
[32m^[0m


[31mX [41;31m[[41;97mER
ROR[41;31m][0m 
[1mTS2571: Object is of 
type 'unknown'.[0m 
[1m[35m[plugin 
angular-compiler][0m

    src/app/components/car
t/cart.component.ts:1:2675
:
[37m      1 Γöé 
...NaN(quantity)) {\n     
 [32mthis.orderService[3
7m.updateCartItemQuantity.
..
        Γò╡               
             
[32m~~~~~~~~~~~~~~~~~[0m


[31mX [41;31m[[41;97mER
ROR[41;31m][0m 
[1mTS1127: Invalid 
character.[0m 
[1m[35m[plugin 
angular-compiler][0m

    src/app/components/car
t/cart.component.ts:1:2737
:
[37m      1 Γöé 
...emQuantity(productId, 
quantity);[32m[37m\n    
}\n  }\n\n  
removeItem(pro...
        Γò╡               
                     
[32m^[0m


[31mX [41;31m[[41;97mER
ROR[41;31m][0m 
[1mTS2663: Cannot find 
name 'n'. Did you mean 
the instance member 
'this.n'?[0m 
[1m[35m[plugin 
angular-compiler][0m

    src/app/components/car
t/cart.component.ts:1:2738
:
[37m      1 Γöé 
...mQuantity(productId, 
quantity);\[32mn[37m    
}\n  }\n\n  
removeItem(prod...
        Γò╡               
                     
[32m^[0m


[31mX [41;31m[[41;97mER
ROR[41;31m][0m 
[1mTS1127: Invalid 
character.[0m 
[1m[35m[plugin 
angular-compiler][0m

    src/app/components/car
t/cart.component.ts:1:2744
:
[37m      1 Γöé 
...ity(productId, 
quantity);\n    
}[32m[37m\n  }\n\n  
removeItem(productId:...
        Γò╡               
                     
[32m^[0m


[31mX [41;31m[[41;97mER
ROR[41;31m][0m 
[1mTS2663: Cannot find 
name 'n'. Did you mean 
the instance member 
'this.n'?[0m 
[1m[35m[plugin 
angular-compiler][0m

    src/app/components/car
t/cart.component.ts:1:2745
:
[37m      1 Γöé 
...ty(productId, 
quantity);\n    
}\[32mn[37m  }\n\n  
removeItem(productId: ...
        Γò╡               
                     
[32m^[0m


[31mX [41;31m[[41;97mER
ROR[41;31m][0m 
[1mTS1127: Invalid 
character.[0m 
[1m[35m[plugin 
angular-compiler][0m

    src/app/components/car
t/cart.component.ts:1:2749
:
[37m      1 Γöé 
...roductId, quantity);\n 
   }\n  }[32m[37m\n\n  
removeItem(productId: 
stri...
        Γò╡               
                     
[32m^[0m


[31mX [41;31m[[41;97mER
ROR[41;31m][0m 
[1mTS2300: Duplicate 
identifier 'n'.[0m 
[1m[35m[plugin 
angular-compiler][0m

    src/app/components/car
t/cart.component.ts:1:2750
:
[37m      1 Γöé 
...oductId, quantity);\n  
  }\n  }\[32mn[37m\n  
removeItem(productId: 
strin...
        Γò╡               
                     
[32m^[0m


[31mX [41;31m[[41;97mER
ROR[41;31m][0m 
[1mTS1127: Invalid 
character.[0m 
[1m[35m[plugin 
angular-compiler][0m

    src/app/components/car
t/cart.component.ts:1:2751
:
[37m      1 Γöé 
...ductId, quantity);\n   
 }\n  }\n[32m[37m\n  
removeItem(productId: 
string...
        Γò╡               
                     
[32m^[0m


[31mX [41;31m[[41;97mER
ROR[41;31m][0m 
[1mTS1434: Unexpected 
keyword or 
identifier.[0m 
[1m[35m[plugin 
angular-compiler][0m

    src/app/components/car
t/cart.component.ts:1:2752
:
[37m      1 Γöé 
...uctId, quantity);\n    
}\n  }\n\[32mn[37m  
removeItem(productId: 
string)...
        Γò╡               
                     
[32m^[0m


[31mX [41;31m[[41;97mER
ROR[41;31m][0m 
[1mTS2300: Duplicate 
identifier 'n'.[0m 
[1m[35m[plugin 
angular-compiler][0m

    src/app/components/car
t/cart.component.ts:1:2752
:
[37m      1 Γöé 
...uctId, quantity);\n    
}\n  }\n\[32mn[37m  
removeItem(productId: 
string)...
        Γò╡               
                     
[32m^[0m


[31mX [41;31m[[41;97mER
ROR[41;31m][0m 
[1mTS1127: Invalid 
character.[0m 
[1m[35m[plugin 
angular-compiler][0m

    src/app/components/car
t/cart.component.ts:1:2786
:
[37m      1 Γöé ... 
removeItem(productId: 
string) {[32m[37m\n    t
his.orderService.removeFr.
..
        Γò╡               
                     
[32m^[0m


[31mX [41;31m[[41;97mER
ROR[41;31m][0m 
[1mTS1434: Unexpected 
keyword or 
identifier.[0m 
[1m[35m[plugin 
angular-compiler][0m

    src/app/components/car
t/cart.component.ts:1:2787
:
[37m      1 Γöé 
...removeItem(productId: 
string) {\[32mn[37m    t
his.orderService.removeFro
...
        Γò╡               
                     
[32m^[0m


[31mX [41;31m[[41;97mER
ROR[41;31m][0m 
[1mTS2663: Cannot find 
name 'n'. Did you mean 
the instance member 
'this.n'?[0m 
[1m[35m[plugin 
angular-compiler][0m

    src/app/components/car
t/cart.component.ts:1:2787
:
[37m      1 Γöé 
...removeItem(productId: 
string) {\[32mn[37m    t
his.orderService.removeFro
...
        Γò╡               
                     
[32m^[0m


[31mX [41;31m[[41;97mER
ROR[41;31m][0m 
[1mTS2571: Object is of 
type 'unknown'.[0m 
[1m[35m[plugin 
angular-compiler][0m

    src/app/components/car
t/cart.component.ts:1:2792
:
[37m      1 Γöé 
...oductId: string) {\n   
 [32mthis.orderService[3
7m.removeFromCart(product.
..
        Γò╡               
             
[32m~~~~~~~~~~~~~~~~~[0m


[31mX [41;31m[[41;97mER
ROR[41;31m][0m 
[1mTS1127: Invalid 
character.[0m 
[1m[35m[plugin 
angular-compiler][0m

    src/app/components/car
t/cart.component.ts:1:2836
:
[37m      1 Γöé ...rvice.
removeFromCart(productId);
[32m[37m\n  }\n\n  
continueShopping() {\...
        Γò╡               
                     
[32m^[0m


[31mX [41;31m[[41;97mER
ROR[41;31m][0m 
[1mTS2663: Cannot find 
name 'n'. Did you mean 
the instance member 
'this.n'?[0m 
[1m[35m[plugin 
angular-compiler][0m

    src/app/components/car
t/cart.component.ts:1:2837
:
[37m      1 Γöé ...vice.r
emoveFromCart(productId);\
[32mn[37m  }\n\n  
continueShopping() {\n...
        Γò╡               
                     
[32m^[0m


[31mX [41;31m[[41;97mER
ROR[41;31m][0m 
[1mTS1127: Invalid 
character.[0m 
[1m[35m[plugin 
angular-compiler][0m

    src/app/components/car
t/cart.component.ts:1:2841
:
[37m      1 Γöé ....remov
eFromCart(productId);\n  
}[32m[37m\n\n  
continueShopping() {\n    
...
        Γò╡               
                     
[32m^[0m


[31mX [41;31m[[41;97mER
ROR[41;31m][0m 
[1mTS2300: Duplicate 
identifier 'n'.[0m 
[1m[35m[plugin 
angular-compiler][0m

    src/app/components/car
t/cart.component.ts:1:2842
:
[37m      1 Γöé ...remove
FromCart(productId);\n  
}\[32mn[37m\n  
continueShopping() {\n    
t...
        Γò╡               
                     
[32m^[0m


[31mX [41;31m[[41;97mER
ROR[41;31m][0m 
[1mTS1127: Invalid 
character.[0m 
[1m[35m[plugin 
angular-compiler][0m

    src/app/components/car
t/cart.component.ts:1:2843
:
[37m      1 Γöé ...emoveF
romCart(productId);\n  
}\n[32m[37m\n  
continueShopping() {\n    
th...
        Γò╡               
                     
[32m^[0m


[31mX [41;31m[[41;97mER
ROR[41;31m][0m 
[1mTS1434: Unexpected 
keyword or 
identifier.[0m 
[1m[35m[plugin 
angular-compiler][0m

    src/app/components/car
t/cart.component.ts:1:2844
:
[37m      1 Γöé ...moveFr
omCart(productId);\n  
}\n\[32mn[37m  
continueShopping() {\n    
thi...
        Γò╡               
                     
[32m^[0m


[31mX [41;31m[[41;97mER
ROR[41;31m][0m 
[1mTS2300: Duplicate 
identifier 'n'.[0m 
[1m[35m[plugin 
angular-compiler][0m

    src/app/components/car
t/cart.component.ts:1:2844
:
[37m      1 Γöé ...moveFr
omCart(productId);\n  
}\n\[32mn[37m  
continueShopping() {\n    
thi...
        Γò╡               
                     
[32m^[0m


[31mX [41;31m[[41;97mER
ROR[41;31m][0m 
[1mTS1127: Invalid 
character.[0m 
[1m[35m[plugin 
angular-compiler][0m

    src/app/components/car
t/cart.component.ts:1:2867
:
[37m      1 Γöé ...;\n  
}\n\n  continueShopping() 
{[32m[37m\n    this.rout
er.navigate(['/pr...
        Γò╡               
                     
[32m^[0m


[31mX [41;31m[[41;97mER
ROR[41;31m][0m 
[1mTS1434: Unexpected 
keyword or 
identifier.[0m 
[1m[35m[plugin 
angular-compiler][0m

    src/app/components/car
t/cart.component.ts:1:2868
:
[37m      1 Γöé ...\n  
}\n\n  continueShopping() 
{\[32mn[37m    this.rout
er.navigate(['/pro...
        Γò╡               
                     
[32m^[0m


[31mX [41;31m[[41;97mER
ROR[41;31m][0m 
[1mTS2663: Cannot find 
name 'n'. Did you mean 
the instance member 
'this.n'?[0m 
[1m[35m[plugin 
angular-compiler][0m

    src/app/components/car
t/cart.component.ts:1:2868
:
[37m      1 Γöé ...\n  
}\n\n  continueShopping() 
{\[32mn[37m    this.rout
er.navigate(['/pro...
        Γò╡               
                     
[32m^[0m


[31mX [41;31m[[41;97mER
ROR[41;31m][0m 
[1mTS2571: Object is of 
type 'unknown'.[0m 
[1m[35m[plugin 
angular-compiler][0m

    src/app/components/car
t/cart.component.ts:1:2873
:
[37m      1 Γöé ... 
continueShopping() {\n    
[32mthis.router[37m.navi
gate(['/products']);\...
        Γò╡               
                
[32m~~~~~~~~~~~[0m


[31mX [41;31m[[41;97mER
ROR[41;31m][0m 
[1mTS1127: Invalid 
character.[0m 
[1m[35m[plugin 
angular-compiler][0m

    src/app/components/car
t/cart.component.ts:1:2909
:
[37m      1 Γöé ....route
r.navigate(['/products']);
[32m[37m\n  }\n\n  
async checkout() {\n ...
        Γò╡               
                     
[32m^[0m


[31mX [41;31m[[41;97mER
ROR[41;31m][0m 
[1mTS2663: Cannot find 
name 'n'. Did you mean 
the instance member 
'this.n'?[0m 
[1m[35m[plugin 
angular-compiler][0m

    src/app/components/car
t/cart.component.ts:1:2910
:
[37m      1 Γöé ...router
.navigate(['/products']);\
[32mn[37m  }\n\n  async 
checkout() {\n  ...
        Γò╡               
                     
[32m^[0m


[31mX [41;31m[[41;97mER
ROR[41;31m][0m 
[1mTS1127: Invalid 
character.[0m 
[1m[35m[plugin 
angular-compiler][0m

    src/app/components/car
t/cart.component.ts:1:2914
:
[37m      1 Γöé ...er.nav
igate(['/products']);\n  
}[32m[37m\n\n  async 
checkout() {\n    co...
        Γò╡               
                     
[32m^[0m


[31mX [41;31m[[41;97mER
ROR[41;31m][0m 
[1mTS2300: Duplicate 
identifier 'n'.[0m 
[1m[35m[plugin 
angular-compiler][0m

    src/app/components/car
t/cart.component.ts:1:2915
:
[37m      1 Γöé ...r.navi
gate(['/products']);\n  
}\[32mn[37m\n  async 
checkout() {\n    con...
        Γò╡               
                     
[32m^[0m


[31mX [41;31m[[41;97mER
ROR[41;31m][0m 
[1mTS1127: Invalid 
character.[0m 
[1m[35m[plugin 
angular-compiler][0m

    src/app/components/car
t/cart.component.ts:1:2916
:
[37m      1 Γöé ....navig
ate(['/products']);\n  
}\n[32m[37m\n  async 
checkout() {\n    cons...
        Γò╡               
                     
[32m^[0m


[31mX [41;31m[[41;97mER
ROR[41;31m][0m 
[1mTS1434: Unexpected 
keyword or 
identifier.[0m 
[1m[35m[plugin 
angular-compiler][0m

    src/app/components/car
t/cart.component.ts:1:2917
:
[37m      1 Γöé ...naviga
te(['/products']);\n  
}\n\[32mn[37m  async 
checkout() {\n    const...
        Γò╡               
                     
[32m^[0m


[31mX [41;31m[[41;97mER
ROR[41;31m][0m 
[1mTS2300: Duplicate 
identifier 'n'.[0m 
[1m[35m[plugin 
angular-compiler][0m

    src/app/components/car
t/cart.component.ts:1:2917
:
[37m      1 Γöé ...naviga
te(['/products']);\n  
}\n\[32mn[37m  async 
checkout() {\n    const...
        Γò╡               
                     
[32m^[0m


[31mX [41;31m[[41;97mER
ROR[41;31m][0m 
[1mTS1127: Invalid 
character.[0m 
[1m[35m[plugin 
angular-compiler][0m

    src/app/components/car
t/cart.component.ts:1:2938
:
[37m      1 Γöé ...]);\n 
 }\n\n  async checkout() 
{[32m[37m\n    const 
user = this.authServ...
        Γò╡               
                     
[32m^[0m


[31mX [41;31m[[41;97mER
ROR[41;31m][0m 
[1mTS1434: Unexpected 
keyword or 
identifier.[0m 
[1m[35m[plugin 
angular-compiler][0m

    src/app/components/car
t/cart.component.ts:1:2939
:
[37m      1 Γöé ...);\n  
}\n\n  async checkout() 
{\[32mn[37m    const 
user = this.authServi...
        Γò╡               
                     
[32m^[0m


[31mX [41;31m[[41;97mER
ROR[41;31m][0m 
[1mTS2663: Cannot find 
name 'n'. Did you mean 
the instance member 
'this.n'?[0m 
[1m[35m[plugin 
angular-compiler][0m

    src/app/components/car
t/cart.component.ts:1:2939
:
[37m      1 Γöé ...);\n  
}\n\n  async checkout() 
{\[32mn[37m    const 
user = this.authServi...
        Γò╡               
                     
[32m^[0m


[31mX [41;31m[[41;97mER
ROR[41;31m][0m 
[1mTS2571: Object is of 
type 'unknown'.[0m 
[1m[35m[plugin 
angular-compiler][0m

    src/app/components/car
t/cart.component.ts:1:2957
:
[37m      1 Γöé ...t() 
{\n    const user = [32mt
his.authService[37m.curre
ntUser();\n    if ...
        Γò╡               
             
[32m~~~~~~~~~~~~~~~~[0m


[31mX [41;31m[[41;97mER
ROR[41;31m][0m 
[1mTS1127: Invalid 
character.[0m 
[1m[35m[plugin 
angular-compiler][0m

    src/app/components/car
t/cart.component.ts:1:2988
:
[37m      1 Γöé ... this.
authService.currentUser();
[32m[37m\n    if 
(!user) {\n      alert(...
        Γò╡               
                     
[32m^[0m


[31mX [41;31m[[41;97mER
ROR[41;31m][0m 
[1mTS1434: Unexpected 
keyword or 
identifier.[0m 
[1m[35m[plugin 
angular-compiler][0m

    src/app/components/car
t/cart.component.ts:1:2989
:
[37m      1 Γöé ...this.a
uthService.currentUser();\
[32mn[37m    if (!user) 
{\n      alert('...
        Γò╡               
                     
[32m^[0m


[31mX [41;31m[[41;97mER
ROR[41;31m][0m 
[1mTS2663: Cannot find 
name 'n'. Did you mean 
the instance member 
'this.n'?[0m 
[1m[35m[plugin 
angular-compiler][0m

    src/app/components/car
t/cart.component.ts:1:2989
:
[37m      1 Γöé ...this.a
uthService.currentUser();\
[32mn[37m    if (!user) 
{\n      alert('...
        Γò╡               
                     
[32m^[0m


[31mX [41;31m[[41;97mER
ROR[41;31m][0m 
[1mTS1127: Invalid 
character.[0m 
[1m[35m[plugin 
angular-compiler][0m

    src/app/components/car
t/cart.component.ts:1:3006
:
[37m      1 Γöé 
...currentUser();\n    if 
(!user) {[32m[37m\n     
 alert('Please login to 
c...
        Γò╡               
                     
[32m^[0m


[31mX [41;31m[[41;97mER
ROR[41;31m][0m 
[1mTS1434: Unexpected 
keyword or 
identifier.[0m 
[1m[35m[plugin 
angular-compiler][0m

    src/app/components/car
t/cart.component.ts:1:3007
:
[37m      1 Γöé 
...urrentUser();\n    if 
(!user) {\[32mn[37m     
 alert('Please login to 
ch...
        Γò╡               
                     
[32m^[0m


[31mX [41;31m[[41;97mER
ROR[41;31m][0m 
[1mTS2663: Cannot find 
name 'n'. Did you mean 
the instance member 
'this.n'?[0m 
[1m[35m[plugin 
angular-compiler][0m

    src/app/components/car
t/cart.component.ts:1:3007
:
[37m      1 Γöé 
...urrentUser();\n    if 
(!user) {\[32mn[37m     
 alert('Please login to 
ch...
        Γò╡               
                     
[32m^[0m


[31mX [41;31m[[41;97mER
ROR[41;31m][0m 
[1mTS1127: Invalid 
character.[0m 
[1m[35m[plugin 
angular-compiler][0m

    src/app/components/car
t/cart.component.ts:1:3049
:
[37m      1 Γöé 
...rt('Please login to 
checkout.');[32m[37m\n  
    this.router.navigate([
'/...
        Γò╡               
                     
[32m^[0m


[31mX [41;31m[[41;97mER
ROR[41;31m][0m 
[1mTS1434: Unexpected 
keyword or 
identifier.[0m 
[1m[35m[plugin 
angular-compiler][0m

    src/app/components/car
t/cart.component.ts:1:3050
:
[37m      1 Γöé 
...t('Please login to 
checkout.');\[32mn[37m  
    this.router.navigate([
'/l...
        Γò╡               
                     
[32m^[0m


[31mX [41;31m[[41;97mER
ROR[41;31m][0m 
[1mTS2663: Cannot find 
name 'n'. Did you mean 
the instance member 
'this.n'?[0m 
[1m[35m[plugin 
angular-compiler][0m

    src/app/components/car
t/cart.component.ts:1:3050
:
[37m      1 Γöé 
...t('Please login to 
checkout.');\[32mn[37m  
    this.router.navigate([
'/l...
        Γò╡               
                     
[32m^[0m


[31mX [41;31m[[41;97mER
ROR[41;31m][0m 
[1mTS2571: Object is of 
type 'unknown'.[0m 
[1m[35m[plugin 
angular-compiler][0m

    src/app/components/car
t/cart.component.ts:1:3057
:
[37m      1 Γöé ...gin 
to checkout.');\n      [3
2mthis.router[37m.navigat
e(['/login']);\n  ...
        Γò╡               
                
[32m~~~~~~~~~~~[0m


[31mX [41;31m[[41;97mER
ROR[41;31m][0m 
[1mTS1127: Invalid 
character.[0m 
[1m[35m[plugin 
angular-compiler][0m

    src/app/components/car
t/cart.component.ts:1:3090
:
[37m      1 Γöé ...his.ro
uter.navigate(['/login']);
[32m[37m\n      
return;\n    }\n\n    
tr...
        Γò╡               
                     
[32m^[0m


[31mX [41;31m[[41;97mER
ROR[41;31m][0m 
[1mTS1434: Unexpected 
keyword or 
identifier.[0m 
[1m[35m[plugin 
angular-compiler][0m

    src/app/components/car
t/cart.component.ts:1:3091
:
[37m      1 Γöé ...is.rou
ter.navigate(['/login']);\
[32mn[37m      
return;\n    }\n\n    
try...
        Γò╡               
                     
[32m^[0m


[31mX [41;31m[[41;97mER
ROR[41;31m][0m 
[1mTS2663: Cannot find 
name 'n'. Did you mean 
the instance member 
'this.n'?[0m 
[1m[35m[plugin 
angular-compiler][0m

    src/app/components/car
t/cart.component.ts:1:3091
:
[37m      1 Γöé ...is.rou
ter.navigate(['/login']);\
[32mn[37m      
return;\n    }\n\n    
try...
        Γò╡               
                     
[32m^[0m


[31mX [41;31m[[41;97mER
ROR[41;31m][0m 
[1mTS1127: Invalid 
character.[0m 
[1m[35m[plugin 
angular-compiler][0m

    src/app/components/car
t/cart.component.ts:1:3105
:
[37m      1 Γöé 
...gate(['/login']);\n    
  return;[32m[37m\n    
}\n\n    try {\n      
awai...
        Γò╡               
                     
[32m^[0m


[31mX [41;31m[[41;97mER
ROR[41;31m][0m 
[1mTS2663: Cannot find 
name 'n'. Did you mean 
the instance member 
'this.n'?[0m 
[1m[35m[plugin 
angular-compiler][0m

    src/app/components/car
t/cart.component.ts:1:3106
:
[37m      1 Γöé 
...ate(['/login']);\n     
 return;\[32mn[37m    
}\n\n    try {\n      
await...
        Γò╡               
                     
[32m^[0m


[31mX [41;31m[[41;97mER
ROR[41;31m][0m 
[1mTS1127: Invalid 
character.[0m 
[1m[35m[plugin 
angular-compiler][0m

    src/app/components/car
t/cart.component.ts:1:3112
:
[37m      1 Γöé 
.../login']);\n      
return;\n    
}[32m[37m\n\n    try 
{\n      await this....
        Γò╡               
                     
[32m^[0m


[31mX [41;31m[[41;97mER
ROR[41;31m][0m 
[1mTS2663: Cannot find 
name 'n'. Did you mean 
the instance member 
'this.n'?[0m 
[1m[35m[plugin 
angular-compiler][0m

    src/app/components/car
t/cart.component.ts:1:3113
:
[37m      1 Γöé 
...login']);\n      
return;\n    
}\[32mn[37m\n    try 
{\n      await this.o...
        Γò╡               
                     
[32m^[0m


[31mX [41;31m[[41;97mER
ROR[41;31m][0m 
[1mTS1127: Invalid 
character.[0m 
[1m[35m[plugin 
angular-compiler][0m

    src/app/components/car
t/cart.component.ts:1:3114
:
[37m      1 Γöé 
...ogin']);\n      
return;\n    
}\n[32m[37m\n    try 
{\n      await this.or...
        Γò╡               
                     
[32m^[0m


[31mX [41;31m[[41;97mER
ROR[41;31m][0m 
[1mTS1434: Unexpected 
keyword or 
identifier.[0m 
[1m[35m[plugin 
angular-compiler][0m

    src/app/components/car
t/cart.component.ts:1:3115
:
[37m      1 Γöé 
...gin']);\n      
return;\n    
}\n\[32mn[37m    try 
{\n      await this.ord...
        Γò╡               
                     
[32m^[0m


[31mX [41;31m[[41;97mER
ROR[41;31m][0m 
[1mTS2663: Cannot find 
name 'n'. Did you mean 
the instance member 
'this.n'?[0m 
[1m[35m[plugin 
angular-compiler][0m

    src/app/components/car
t/cart.component.ts:1:3115
:
[37m      1 Γöé 
...gin']);\n      
return;\n    
}\n\[32mn[37m    try 
{\n      await this.ord...
        Γò╡               
                     
[32m^[0m


[31mX [41;31m[[41;97mER
ROR[41;31m][0m 
[1mTS1127: Invalid 
character.[0m 
[1m[35m[plugin 
angular-compiler][0m

    src/app/components/car
t/cart.component.ts:1:3125
:
[37m      1 Γöé ...     
return;\n    }\n\n    try 
{[32m[37m\n      await 
this.orderService....
        Γò╡               
                     
[32m^[0m


[31mX [41;31m[[41;97mER
ROR[41;31m][0m 
[1mTS1434: Unexpected 
keyword or 
identifier.[0m 
[1m[35m[plugin 
angular-compiler][0m

    src/app/components/car
t/cart.component.ts:1:3126
:
[37m      1 Γöé ...    
return;\n    }\n\n    try 
{\[32mn[37m      await 
this.orderService.p...
        Γò╡               
                     
[32m^[0m


[31mX [41;31m[[41;97mER
ROR[41;31m][0m 
[1mTS2663: Cannot find 
name 'n'. Did you mean 
the instance member 
'this.n'?[0m 
[1m[35m[plugin 
angular-compiler][0m

    src/app/components/car
t/cart.component.ts:1:3126
:
[37m      1 Γöé ...    
return;\n    }\n\n    try 
{\[32mn[37m      await 
this.orderService.p...
        Γò╡               
                     
[32m^[0m


[31mX [41;31m[[41;97mER
ROR[41;31m][0m 
[1mTS2571: Object is of 
type 'unknown'.[0m 
[1m[35m[plugin 
angular-compiler][0m

    src/app/components/car
t/cart.component.ts:1:3139
:
[37m      1 Γöé ...n    
try {\n      await [32mth
is.orderService[37m.place
Order(user.id);\n...
        Γò╡               
             
[32m~~~~~~~~~~~~~~~~~[0m


[31mX [41;31m[[41;97mER
ROR[41;31m][0m 
[1mTS1127: Invalid 
character.[0m 
[1m[35m[plugin 
angular-compiler][0m

    src/app/components/car
t/cart.component.ts:1:3177
:
[37m      1 Γöé ...rderSe
rvice.placeOrder(user.id);
[32m[37m\n      
alert('Order placed 
succ...
        Γò╡               
                     
[32m^[0m


[31mX [41;31m[[41;97mER
ROR[41;31m][0m 
[1mTS1434: Unexpected 
keyword or 
identifier.[0m 
[1m[35m[plugin 
angular-compiler][0m

    src/app/components/car
t/cart.component.ts:1:3178
:
[37m      1 Γöé ...derSer
vice.placeOrder(user.id);\
[32mn[37m      
alert('Order placed 
succe...
        Γò╡               
                     
[32m^[0m


[31mX [41;31m[[41;97mER
ROR[41;31m][0m 
[1mTS2663: Cannot find 
name 'n'. Did you mean 
the instance member 
'this.n'?[0m 
[1m[35m[plugin 
angular-compiler][0m

    src/app/components/car
t/cart.component.ts:1:3178
:
[37m      1 Γöé ...derSer
vice.placeOrder(user.id);\
[32mn[37m      
alert('Order placed 
succe...
        Γò╡               
                     
[32m^[0m


[31mX [41;31m[[41;97mER
ROR[41;31m][0m 
[1mTS1127: Invalid 
character.[0m 
[1m[35m[plugin 
angular-compiler][0m

    src/app/components/car
t/cart.component.ts:1:3221
:
[37m      1 Γöé 
...t('Order placed success
fully!');[32m[37m\n     
 this.router.navigate(['/.
..
        Γò╡               
                     
[32m^[0m


[31mX [41;31m[[41;97mER
ROR[41;31m][0m 
[1mTS1434: Unexpected 
keyword or 
identifier.[0m 
[1m[35m[plugin 
angular-compiler][0m

    src/app/components/car
t/cart.component.ts:1:3222
:
[37m      1 Γöé 
...('Order placed successf
ully!');\[32mn[37m      
this.router.navigate(['/o.
..
        Γò╡               
                     
[32m^[0m


[31mX [41;31m[[41;97mER
ROR[41;31m][0m 
[1mTS2663: Cannot find 
name 'n'. Did you mean 
the instance member 
'this.n'?[0m 
[1m[35m[plugin 
angular-compiler][0m

    src/app/components/car
t/cart.component.ts:1:3222
:
[37m      1 Γöé 
...('Order placed successf
ully!');\[32mn[37m      
this.router.navigate(['/o.
..
        Γò╡               
                     
[32m^[0m


[31mX [41;31m[[41;97mER
ROR[41;31m][0m 
[1mTS2571: Object is of 
type 'unknown'.[0m 
[1m[35m[plugin 
angular-compiler][0m

    src/app/components/car
t/cart.component.ts:1:3229
:
[37m      1 Γöé ...ed 
successfully!');\n      [
32mthis.router[37m.naviga
te(['/orders']);\n ...
        Γò╡               
                
[32m~~~~~~~~~~~[0m


[31mX [41;31m[[41;97mER
ROR[41;31m][0m 
[1mTS1127: Invalid 
character.[0m 
[1m[35m[plugin 
angular-compiler][0m

    src/app/components/car
t/cart.component.ts:1:3263
:
[37m      1 Γöé ...is.rou
ter.navigate(['/orders']);
[32m[37m\n    } catch 
(error: any) {\n  ...
        Γò╡               
                     
[32m^[0m


[31mX [41;31m[[41;97mER
ROR[41;31m][0m 
[1mTS2663: Cannot find 
name 'n'. Did you mean 
the instance member 
'this.n'?[0m 
[1m[35m[plugin 
angular-compiler][0m

    src/app/components/car
t/cart.component.ts:1:3264
:
[37m      1 Γöé ...s.rout
er.navigate(['/orders']);\
[32mn[37m    } catch 
(error: any) {\n   ...
        Γò╡               
                     
[32m^[0m


[31mX [41;31m[[41;97mER
ROR[41;31m][0m 
[1mTS1127: Invalid 
character.[0m 
[1m[35m[plugin 
angular-compiler][0m

    src/app/components/car
t/cart.component.ts:1:3291
:
[37m      1 Γöé 
...']);\n    } catch 
(error: any) 
{[32m[37m\n      
alert(error.message);\n 
...
        Γò╡               
                     
[32m^[0m


[31mX [41;31m[[41;97mER
ROR[41;31m][0m 
[1mTS1434: Unexpected 
keyword or 
identifier.[0m 
[1m[35m[plugin 
angular-compiler][0m

    src/app/components/car
t/cart.component.ts:1:3292
:
[37m      1 Γöé ...]);\n 
   } catch (error: any) 
{\[32mn[37m      
alert(error.message);\n  
...
        Γò╡               
                     
[32m^[0m


[31mX [41;31m[[41;97mER
ROR[41;31m][0m 
[1mTS2663: Cannot find 
name 'n'. Did you mean 
the instance member 
'this.n'?[0m 
[1m[35m[plugin 
angular-compiler][0m

    src/app/components/car
t/cart.component.ts:1:3292
:
[37m      1 Γöé ...]);\n 
   } catch (error: any) 
{\[32mn[37m      
alert(error.message);\n  
...
        Γò╡               
                     
[32m^[0m


[31mX [41;31m[[41;97mER
ROR[41;31m][0m 
[1mTS1127: Invalid 
character.[0m 
[1m[35m[plugin 
angular-compiler][0m

    src/app/components/car
t/cart.component.ts:1:3320
:
[37m      1 Γöé ... 
catch (error: any) {\n    
  alert(error.message);[3
2m[37m\n    }\n  }\n}\n
        Γò╡               
                          
             [32m^[0m


[31mX [41;31m[[41;97mER
ROR[41;31m][0m 
[1mTS2663: Cannot find 
name 'n'. Did you mean 
the instance member 
'this.n'?[0m 
[1m[35m[plugin 
angular-compiler][0m

    src/app/components/car
t/cart.component.ts:1:3321
:
[37m      1 Γöé ... 
catch (error: any) {\n    
  alert(error.message);\[
32mn[37m    }\n  }\n}\n
        Γò╡               
                          
              [32m^[0m


[31mX [41;31m[[41;97mER
ROR[41;31m][0m 
[1mTS1127: Invalid 
character.[0m 
[1m[35m[plugin 
angular-compiler][0m

    src/app/components/car
t/cart.component.ts:1:3327
:
[37m      1 Γöé ... 
catch (error: any) {\n    
  alert(error.message);\n 
   }[32m[37m\n  }\n}\n
        Γò╡               
                          
                    
[32m^[0m


[31mX [41;31m[[41;97mER
ROR[41;31m][0m 
[1mTS2663: Cannot find 
name 'n'. Did you mean 
the instance member 
'this.n'?[0m 
[1m[35m[plugin 
angular-compiler][0m

    src/app/components/car
t/cart.component.ts:1:3328
:
[37m      1 Γöé ... 
catch (error: any) {\n    
  alert(error.message);\n 
   }\[32mn[37m  }\n}\n
        Γò╡               
                          
                     
[32m^[0m


[31mX [41;31m[[41;97mER
ROR[41;31m][0m 
[1mTS1127: Invalid 
character.[0m 
[1m[35m[plugin 
angular-compiler][0m

    src/app/components/car
t/cart.component.ts:1:3332
:
[37m      1 Γöé ... 
catch (error: any) {\n    
  alert(error.message);\n 
   }\n  }[32m[37m\n}\n
        Γò╡               
                          
                         
[32m^[0m


[31mX [41;31m[[41;97mER
ROR[41;31m][0m 
[1mTS2300: Duplicate 
identifier 'n'.[0m 
[1m[35m[plugin 
angular-compiler][0m

    src/app/components/car
t/cart.component.ts:1:3333
:
[37m      1 Γöé ... 
catch (error: any) {\n    
  alert(error.message);\n 
   }\n  }\[32mn[37m}\n
        Γò╡               
                          
                          
[32m^[0m


[31mX [41;31m[[41;97mER
ROR[41;31m][0m 
[1mTS1127: Invalid 
character.[0m 
[1m[35m[plugin 
angular-compiler][0m

    src/app/components/car
t/cart.component.ts:1:3335
:
[37m      1 Γöé ... 
catch (error: any) {\n    
  alert(error.message);\n 
   }\n  }\n}[32m[37m\n
        Γò╡               
                          
                          
  [32m^[0m


[31mX [41;31m[[41;97mER
ROR[41;31m][0m 
[1mTS2304: Cannot find 
name 'n'.[0m 
[1m[35m[plugin 
angular-compiler][0m

    src/app/components/car
t/cart.component.ts:1:3336
:
[37m      1 Γöé ... 
catch (error: any) {\n    
  alert(error.message);\n 
   }\n  }\n}\[32mn[37m
        Γò╡               
                          
                          
   [32m^[0m


[31mX [41;31m[[41;97mER
ROR[41;31m][0m 
[1mTS1127: Invalid 
character.[0m 
[1m[35m[plugin 
angular-compiler][0m

    src/app/components/log
in/login.component.ts:1:58
:
[37m      1 Γöé ..., 
signal } from '@angular/co
re';[32m[37m\nimport { 
Router } from '@angul...
        Γò╡               
                     
[32m^[0m


[31mX [41;31m[[41;97mER
ROR[41;31m][0m 
[1mTS1435: Unknown 
keyword or identifier. 
Did you mean 
'import'?[0m 
[1m[35m[plugin 
angular-compiler][0m

    src/app/components/log
in/login.component.ts:1:59
:
[37m      1 Γöé ...gnal 
} from '@angular/core';\[
32mnimport[37m { Router 
} from '@angular/r...
        Γò╡               
                  
[32m~~~~~~~[0m


[31mX [41;31m[[41;97mER
ROR[41;31m][0m 
[1mTS2304: Cannot find 
name 'nimport'.[0m 
[1m[35m[plugin 
angular-compiler][0m

    src/app/components/log
in/login.component.ts:1:59
:
[37m      1 Γöé ...gnal 
} from '@angular/core';\[
32mnimport[37m { Router 
} from '@angular/r...
        Γò╡               
                  
[32m~~~~~~~[0m


[31mX [41;31m[[41;97mER
ROR[41;31m][0m 
[1mTS2304: Cannot find 
name 'Router'.[0m 
[1m[35m[plugin 
angular-compiler][0m

    src/app/components/log
in/login.component.ts:1:69
:
[37m      1 Γöé ...m 
'@angular/core';\nimport 
{ [32mRouter[37m } from 
'@angular/router';\ni...
        Γò╡               
                  
[32m~~~~~~[0m


[31mX [41;31m[[41;97mER
ROR[41;31m][0m 
[1mTS1434: Unexpected 
keyword or 
identifier.[0m 
[1m[35m[plugin 
angular-compiler][0m

    src/app/components/log
in/login.component.ts:1:78
:
[37m      1 Γöé 
...lar/core';\nimport { 
Router } [32mfrom[37m '@
angular/router';\nimport 
{ ...
        Γò╡               
                   
[32m~~~~[0m


[31mX [41;31m[[41;97mER
ROR[41;31m][0m 
[1mTS2304: Cannot find 
name 'from'.[0m 
[1m[35m[plugin 
angular-compiler][0m

    src/app/components/log
in/login.component.ts:1:78
:
[37m      1 Γöé 
...lar/core';\nimport { 
Router } [32mfrom[37m '@
angular/router';\nimport 
{ ...
        Γò╡               
                   
[32m~~~~[0m


[31mX [41;31m[[41;97mER
ROR[41;31m][0m 
[1mTS1127: Invalid 
character.[0m 
[1m[35m[plugin 
angular-compiler][0m

    src/app/components/log
in/login.component.ts:1:10
1:
[37m      1 Γöé 
...Router } from '@angular
/router';[32m[37m\nimpor
t { FormsModule } from 
'@...
        Γò╡               
                     
[32m^[0m


[31mX [41;31m[[41;97mER
ROR[41;31m][0m 
[1mTS1435: Unknown 
keyword or identifier. 
Did you mean 
'import'?[0m 
[1m[35m[plugin 
angular-compiler][0m

    src/app/components/log
in/login.component.ts:1:10
2:
[37m      1 Γöé ...er } 
from '@angular/router';\[
32mnimport[37m { 
FormsModule } from 
'@angu...
        Γò╡               
                  
[32m~~~~~~~[0m


[31mX [41;31m[[41;97mER
ROR[41;31m][0m 
[1mTS2304: Cannot find 
name 'nimport'.[0m 
[1m[35m[plugin 
angular-compiler][0m

    src/app/components/log
in/login.component.ts:1:10
2:
[37m      1 Γöé ...er } 
from '@angular/router';\[
32mnimport[37m { 
FormsModule } from 
'@angu...
        Γò╡               
                  
[32m~~~~~~~[0m


[31mX [41;31m[[41;97mER
ROR[41;31m][0m 
[1mTS2304: Cannot find 
name 'FormsModule'.[0m 
[1m[35m[plugin 
angular-compiler][0m

    src/app/components/log
in/login.component.ts:1:11
2:
[37m      1 Γöé ...angula
r/router';\nimport { 
[32mFormsModule[37m } 
from '@angular/forms';\...
        Γò╡               
                
[32m~~~~~~~~~~~[0m


[31mX [41;31m[[41;97mER
ROR[41;31m][0m 
[1mTS1434: Unexpected 
keyword or 
identifier.[0m 
[1m[35m[plugin 
angular-compiler][0m

    src/app/components/log
in/login.component.ts:1:12
6:
[37m      1 Γöé 
...ter';\nimport { 
FormsModule } 
[32mfrom[37m 
'@angular/forms';\nimport 
{ C...
        Γò╡               
                   
[32m~~~~[0m


[31mX [41;31m[[41;97mER
ROR[41;31m][0m 
[1mTS2304: Cannot find 
name 'from'.[0m 
[1m[35m[plugin 
angular-compiler][0m

    src/app/components/log
in/login.component.ts:1:12
6:
[37m      1 Γöé 
...ter';\nimport { 
FormsModule } 
[32mfrom[37m 
'@angular/forms';\nimport 
{ C...
        Γò╡               
                   
[32m~~~~[0m


[31mX [41;31m[[41;97mER
ROR[41;31m][0m 
[1mTS1127: Invalid 
character.[0m 
[1m[35m[plugin 
angular-compiler][0m

    src/app/components/log
in/login.component.ts:1:14
8:
[37m      1 Γöé 
...sModule } from '@angula
r/forms';[32m[37m\nimpor
t { CommonModule } from 
'...
        Γò╡               
                     
[32m^[0m


[31mX [41;31m[[41;97mER
ROR[41;31m][0m 
[1mTS1435: Unknown 
keyword or identifier. 
Did you mean 
'import'?[0m 
[1m[35m[plugin 
angular-compiler][0m

    src/app/components/log
in/login.component.ts:1:14
9:
[37m      1 Γöé ...ule } 
from '@angular/forms';\[3
2mnimport[37m { 
CommonModule } from 
'@ang...
        Γò╡               
                  
[32m~~~~~~~[0m


[31mX [41;31m[[41;97mER
ROR[41;31m][0m 
[1mTS2304: Cannot find 
name 'nimport'.[0m 
[1m[35m[plugin 
angular-compiler][0m

    src/app/components/log
in/login.component.ts:1:14
9:
[37m      1 Γöé ...ule } 
from '@angular/forms';\[3
2mnimport[37m { 
CommonModule } from 
'@ang...
        Γò╡               
                  
[32m~~~~~~~[0m


[31mX [41;31m[[41;97mER
ROR[41;31m][0m 
[1mTS2304: Cannot find 
name 'CommonModule'.[0m 
[1m[35m[plugin 
angular-compiler][0m

    src/app/components/log
in/login.component.ts:1:15
9:
[37m      1 Γöé ...angula
r/forms';\nimport { 
[32mCommonModule[37m } 
from '@angular/common';...
        Γò╡               
               
[32m~~~~~~~~~~~~[0m


[31mX [41;31m[[41;97mER
ROR[41;31m][0m 
[1mTS1434: Unexpected 
keyword or 
identifier.[0m 
[1m[35m[plugin 
angular-compiler][0m

    src/app/components/log
in/login.component.ts:1:17
4:
[37m      1 Γöé 
...ms';\nimport { 
CommonModule } 
[32mfrom[37m '@angular/c
ommon';\nimport { ...
        Γò╡               
                   
[32m~~~~[0m


[31mX [41;31m[[41;97mER
ROR[41;31m][0m 
[1mTS2304: Cannot find 
name 'from'.[0m 
[1m[35m[plugin 
angular-compiler][0m

    src/app/components/log
in/login.component.ts:1:17
4:
[37m      1 Γöé 
...ms';\nimport { 
CommonModule } 
[32mfrom[37m '@angular/c
ommon';\nimport { ...
        Γò╡               
                   
[32m~~~~[0m


[31mX [41;31m[[41;97mER
ROR[41;31m][0m 
[1mTS1127: Invalid 
character.[0m 
[1m[35m[plugin 
angular-compiler][0m

    src/app/components/log
in/login.component.ts:1:19
7:
[37m      1 Γöé 
...Module } from '@angular
/common';[32m[37m\nimpor
t { AuthService } from 
'....
        Γò╡               
                     
[32m^[0m


[31mX [41;31m[[41;97mER
ROR[41;31m][0m 
[1mTS1435: Unknown 
keyword or identifier. 
Did you mean 
'import'?[0m 
[1m[35m[plugin 
angular-compiler][0m

    src/app/components/log
in/login.component.ts:1:19
8:
[37m      1 Γöé ...le } 
from '@angular/common';\[
32mnimport[37m { 
AuthService } from 
'../.....
        Γò╡               
                  
[32m~~~~~~~[0m


[31mX [41;31m[[41;97mER
ROR[41;31m][0m 
[1mTS2304: Cannot find 
name 'nimport'.[0m 
[1m[35m[plugin 
angular-compiler][0m

    src/app/components/log
in/login.component.ts:1:19
8:
[37m      1 Γöé ...le } 
from '@angular/common';\[
32mnimport[37m { 
AuthService } from 
'../.....
        Γò╡               
                  
[32m~~~~~~~[0m


[31mX [41;31m[[41;97mER
ROR[41;31m][0m 
[1mTS2304: Cannot find 
name 'AuthService'.[0m 
[1m[35m[plugin 
angular-compiler][0m

    src/app/components/log
in/login.component.ts:1:20
8:
[37m      1 Γöé ...angula
r/common';\nimport { 
[32mAuthService[37m } 
from '../../services/au...
        Γò╡               
                
[32m~~~~~~~~~~~[0m


[31mX [41;31m[[41;97mER
ROR[41;31m][0m 
[1mTS1434: Unexpected 
keyword or 
identifier.[0m 
[1m[35m[plugin 
angular-compiler][0m

    src/app/components/log
in/login.component.ts:1:22
2:
[37m      1 Γöé 
...mon';\nimport { 
AuthService } 
[32mfrom[37m '../../serv
ices/auth.service'...
        Γò╡               
                   
[32m~~~~[0m


[31mX [41;31m[[41;97mER
ROR[41;31m][0m 
[1mTS2304: Cannot find 
name 'from'.[0m 
[1m[35m[plugin 
angular-compiler][0m

    src/app/components/log
in/login.component.ts:1:22
2:
[37m      1 Γöé 
...mon';\nimport { 
AuthService } 
[32mfrom[37m '../../serv
ices/auth.service'...
        Γò╡               
                   
[32m~~~~[0m


[31mX [41;31m[[41;97mER
ROR[41;31m][0m 
[1mTS1127: Invalid 
character.[0m 
[1m[35m[plugin 
angular-compiler][0m

    src/app/components/log
in/login.component.ts:1:25
7:
[37m      1 Γöé ...m '../
../services/auth.service';
[32m[37m\n\n@Component({
\n  selector: 'a...
        Γò╡               
                     
[32m^[0m


[31mX [41;31m[[41;97mER
ROR[41;31m][0m 
[1mTS2304: Cannot find 
name 'n'.[0m 
[1m[35m[plugin 
angular-compiler][0m

    src/app/components/log
in/login.component.ts:1:25
8:
[37m      1 Γöé ... '../.
./services/auth.service';\
[32mn[37m\n@Component({\
n  selector: 'ap...
        Γò╡               
                     
[32m^[0m


[31mX [41;31m[[41;97mER
ROR[41;31m][0m 
[1mTS1127: Invalid 
character.[0m 
[1m[35m[plugin 
angular-compiler][0m

    src/app/components/log
in/login.component.ts:1:25
9:
[37m      1 Γöé ...'../..
/services/auth.service';\n
[32m[37m\n@Component({\n
  selector: 'app...
        Γò╡               
                     
[32m^[0m


[31mX [41;31m[[41;97mER
ROR[41;31m][0m 
[1mTS1434: Unexpected 
keyword or 
identifier.[0m 
[1m[35m[plugin 
angular-compiler][0m

    src/app/components/log
in/login.component.ts:1:26
0:
[37m      1 Γöé ...../../
services/auth.service';\n\
[32mn[37m@Component({\n 
 selector: 'app-...
        Γò╡               
                     
[32m^[0m


[31mX [41;31m[[41;97mER
ROR[41;31m][0m 
[1mTS2304: Cannot find 
name 'n'.[0m 
[1m[35m[plugin 
angular-compiler][0m

    src/app/components/log
in/login.component.ts:1:26
0:
[37m      1 Γöé ...../../
services/auth.service';\n\
[32mn[37m@Component({\n 
 selector: 'app-...
        Γò╡               
                     
[32m^[0m


[31mX [41;31m[[41;97mER
ROR[41;31m][0m 
[1mTS1127: Invalid 
character.[0m 
[1m[35m[plugin 
angular-compiler][0m

    src/app/components/log
in/login.component.ts:1:27
3:
[37m      1 Γöé ...s/auth
.service';\n\n@Component({
[32m[37m\n  selector: 
'app-login',\n  st...
        Γò╡               
                     
[32m^[0m


[31mX [41;31m[[41;97mER
ROR[41;31m][0m 
[1mTS1005: ',' 
expected.[0m 
[1m[35m[plugin 
angular-compiler][0m

    src/app/components/log
in/login.component.ts:1:27
7:
[37m      1 Γöé ...ervice
';\n\n@Component({\n  
[32mselector[37m: 
'app-login',\n  
standalone...
        Γò╡               
                 
[32m~~~~~~~~[0m


[31mX [41;31m[[41;97mER
ROR[41;31m][0m 
[1mTS1127: Invalid 
character.[0m 
[1m[35m[plugin 
angular-compiler][0m

    src/app/components/log
in/login.component.ts:1:29
9:
[37m      1 Γöé 
...nent({\n  selector: 
'app-login',[32m[37m\n  
standalone: true,\n  
imports...
        Γò╡               
                     
[32m^[0m


[31mX [41;31m[[41;97mER
ROR[41;31m][0m 
[1mTS1005: ',' 
expected.[0m 
[1m[35m[plugin 
angular-compiler][0m

    src/app/components/log
in/login.component.ts:1:30
3:
[37m      1 Γöé ... 
selector: 'app-login',\n  
[32mstandalone[37m: 
true,\n  imports: 
[Common...
        Γò╡               
                
[32m~~~~~~~~~~[0m


[31mX [41;31m[[41;97mER
ROR[41;31m][0m 
[1mTS1127: Invalid 
character.[0m 
[1m[35m[plugin 
angular-compiler][0m

    src/app/components/log
in/login.component.ts:1:32
0:
[37m      1 Γöé 
...app-login',\n  
standalone: 
true,[32m[37m\n  
imports: [CommonModule, 
Form...
        Γò╡               
                     
[32m^[0m


[31mX [41;31m[[41;97mER
ROR[41;31m][0m 
[1mTS1005: ',' 
expected.[0m 
[1m[35m[plugin 
angular-compiler][0m

    src/app/components/log
in/login.component.ts:1:32
4:
[37m      1 Γöé 
...in',\n  standalone: 
true,\n  
[32mimports[37m: 
[CommonModule, 
FormsModule...
        Γò╡               
                  
[32m~~~~~~~[0m


[31mX [41;31m[[41;97mER
ROR[41;31m][0m 
[1mTS1127: Invalid 
character.[0m 
[1m[35m[plugin 
angular-compiler][0m

    src/app/components/log
in/login.component.ts:1:36
1:
[37m      1 Γöé ...ts: 
[CommonModule, 
FormsModule],[32m[37m\n 
 templateUrl: 
'./login.compon...
        Γò╡               
                     
[32m^[0m


[31mX [41;31m[[41;97mER
ROR[41;31m][0m 
[1mTS1005: ',' 
expected.[0m 
[1m[35m[plugin 
angular-compiler][0m

    src/app/components/log
in/login.component.ts:1:36
5:
[37m      1 Γöé 
...onModule, 
FormsModule],\n  
[32mtemplateUrl[37m: './
login.component.html'...
        Γò╡               
                
[32m~~~~~~~~~~~[0m


[31mX [41;31m[[41;97mER
ROR[41;31m][0m 
[1mTS1127: Invalid 
character.[0m 
[1m[35m[plugin 
angular-compiler][0m

    src/app/components/log
in/login.component.ts:1:40
3:
[37m      1 Γöé 
...teUrl: './login.compone
nt.html',[32m[37m\n  
styles: [`\n    
.login-conta...
        Γò╡               
                     
[32m^[0m


[31mX [41;31m[[41;97mER
ROR[41;31m][0m 
[1mTS1005: ',' 
expected.[0m 
[1m[35m[plugin 
angular-compiler][0m

    src/app/components/log
in/login.component.ts:1:40
7:
[37m      1 Γöé ...'./log
in.component.html',\n  
[32mstyles[37m: [`\n    
.login-container { ...
        Γò╡               
                  
[32m~~~~~~[0m


[31mX [41;31m[[41;97mER
ROR[41;31m][0m 
[1mTS1127: Invalid 
character.[0m 
[1m[35m[plugin 
angular-compiler][0m

    src/app/components/log
in/login.component.ts:1:93
1:
[37m      1 Γöé ...ed; 
margin-bottom: 1rem; }\n  
`][32m[37m\n})\nexport 
class LoginComponen...
        Γò╡               
                     
[32m^[0m


[31mX [41;31m[[41;97mER
ROR[41;31m][0m 
[1mTS1127: Invalid 
character.[0m 
[1m[35m[plugin 
angular-compiler][0m

    src/app/components/log
in/login.component.ts:1:93
5:
[37m      1 Γöé 
...margin-bottom: 1rem; 
}\n  
`]\n})[32m[37m\nexport 
class LoginComponent {\...
        Γò╡               
                     
[32m^[0m


[31mX [41;31m[[41;97mER
ROR[41;31m][0m 
[1mTS1435: Unknown 
keyword or identifier. 
Did you mean 
'export'?[0m 
[1m[35m[plugin 
angular-compiler][0m

    src/app/components/log
in/login.component.ts:1:93
6:
[37m      1 Γöé 
...in-bottom: 1rem; }\n  
`]\n})\[32mnexport[37m 
class LoginComponent {\n  
a...
        Γò╡               
                  
[32m~~~~~~~[0m


[31mX [41;31m[[41;97mER
ROR[41;31m][0m 
[1mTS2304: Cannot find 
name 'nexport'.[0m 
[1m[35m[plugin 
angular-compiler][0m

    src/app/components/log
in/login.component.ts:1:93
6:
[37m      1 Γöé 
...in-bottom: 1rem; }\n  
`]\n})\[32mnexport[37m 
class LoginComponent {\n  
a...
        Γò╡               
                  
[32m~~~~~~~[0m


[31mX [41;31m[[41;97mER
ROR[41;31m][0m 
[1mTS1127: Invalid 
character.[0m 
[1m[35m[plugin 
angular-compiler][0m

    src/app/components/log
in/login.component.ts:1:96
6:
[37m      1 Γöé 
...)\nexport class 
LoginComponent 
{[32m[37m\n  
authService = 
inject(AuthSer...
        Γò╡               
                     
[32m^[0m


[31mX [41;31m[[41;97mER
ROR[41;31m][0m 
[1mTS1434: Unexpected 
keyword or 
identifier.[0m 
[1m[35m[plugin 
angular-compiler][0m

    src/app/components/log
in/login.component.ts:1:96
7:
[37m      1 Γöé 
...\nexport class 
LoginComponent 
{\[32mn[37m  
authService = 
inject(AuthServ...
        Γò╡               
                     
[32m^[0m


[31mX [41;31m[[41;97mER
ROR[41;31m][0m 
[1mTS7008: Member 'n' 
implicitly has an 'any' 
type.[0m 
[1m[35m[plugin 
angular-compiler][0m

    src/app/components/log
in/login.component.ts:1:96
7:
[37m      1 Γöé 
...\nexport class 
LoginComponent 
{\[32mn[37m  
authService = 
inject(AuthServ...
        Γò╡               
                     
[32m^[0m


[31mX [41;31m[[41;97mER
ROR[41;31m][0m 
[1mTS2304: Cannot find 
name 'AuthService'.[0m 
[1m[35m[plugin 
angular-compiler][0m

    src/app/components/log
in/login.component.ts:1:99
1:
[37m      1 Γöé ... {\n  
authService = inject([32m
AuthService[37m);\n  
router = inject(Rout...
        Γò╡               
                
[32m~~~~~~~~~~~[0m


[31mX [41;31m[[41;97mER
ROR[41;31m][0m 
[1mTS1127: Invalid 
character.[0m 
[1m[35m[plugin 
angular-compiler][0m

    src/app/components/log
in/login.component.ts:1:10
04:
[37m      1 Γöé 
...thService = inject(Auth
Service);[32m[37m\n  
router = 
inject(Router);\n\n...
        Γò╡               
                     
[32m^[0m


[31mX [41;31m[[41;97mER
ROR[41;31m][0m 
[1mTS1434: Unexpected 
keyword or 
identifier.[0m 
[1m[35m[plugin 
angular-compiler][0m

    src/app/components/log
in/login.component.ts:1:10
05:
[37m      1 Γöé 
...hService = inject(AuthS
ervice);\[32mn[37m  
router = 
inject(Router);\n\n ...
        Γò╡               
                     
[32m^[0m


[31mX [41;31m[[41;97mER
ROR[41;31m][0m 
[1mTS2300: Duplicate 
identifier 'n'.[0m 
[1m[35m[plugin 
angular-compiler][0m

    src/app/components/log
in/login.component.ts:1:10
05:
[37m      1 Γöé 
...hService = inject(AuthS
ervice);\[32mn[37m  
router = 
inject(Router);\n\n ...
        Γò╡               
                     
[32m^[0m


[31mX [41;31m[[41;97mER
ROR[41;31m][0m 
[1mTS2304: Cannot find 
name 'Router'.[0m 
[1m[35m[plugin 
angular-compiler][0m

    src/app/components/log
in/login.component.ts:1:10
24:
[37m      1 Γöé 
...Service);\n  router = i
nject([32mRouter[37m);\n
\n  email = 
signal('test@...
        Γò╡               
                  
[32m~~~~~~[0m


[31mX [41;31m[[41;97mER
ROR[41;31m][0m 
[1mTS1127: Invalid 
character.[0m 
[1m[35m[plugin 
angular-compiler][0m

    src/app/components/log
in/login.component.ts:1:10
32:
[37m      1 Γöé 
...ce);\n  router = inject
(Router);[32m[37m\n\n  
email = 
signal('test@examp...
        Γò╡               
                     
[32m^[0m


[31mX [41;31m[[41;97mER
ROR[41;31m][0m 
[1mTS2300: Duplicate 
identifier 'n'.[0m 
[1m[35m[plugin 
angular-compiler][0m

    src/app/components/log
in/login.component.ts:1:10
33:
[37m      1 Γöé ...e);\n 
 router = inject(Router);\
[32mn[37m\n  email = 
signal('test@exampl...
        Γò╡               
                     
[32m^[0m


[31mX [41;31m[[41;97mER
ROR[41;31m][0m 
[1mTS1127: Invalid 
character.[0m 
[1m[35m[plugin 
angular-compiler][0m

    src/app/components/log
in/login.component.ts:1:10
34:
[37m      1 Γöé ...);\n  
router = inject(Router);\n
[32m[37m\n  email = 
signal('test@example...
        Γò╡               
                     
[32m^[0m


[31mX [41;31m[[41;97mER
ROR[41;31m][0m 
[1mTS1434: Unexpected 
keyword or 
identifier.[0m 
[1m[35m[plugin 
angular-compiler][0m

    src/app/components/log
in/login.component.ts:1:10
35:
[37m      1 Γöé ...;\n  
router = inject(Router);\n
\[32mn[37m  email = 
signal('test@example....
        Γò╡               
                     
[32m^[0m


[31mX [41;31m[[41;97mER
ROR[41;31m][0m 
[1mTS2300: Duplicate 
identifier 'n'.[0m 
[1m[35m[plugin 
angular-compiler][0m

    src/app/components/log
in/login.component.ts:1:10
35:
[37m      1 Γöé ...;\n  
router = inject(Router);\n
\[32mn[37m  email = 
signal('test@example....
        Γò╡               
                     
[32m^[0m


[31mX [41;31m[[41;97mER
ROR[41;31m][0m 
[1mTS1127: Invalid 
character.[0m 
[1m[35m[plugin 
angular-compiler][0m

    src/app/components/log
in/login.component.ts:1:10
73:
[37m      1 Γöé ...il = s
ignal('test@example.com');
[32m[37m\n  password = 
signal('password'...
        Γò╡               
                     
[32m^[0m


[31mX [41;31m[[41;97mER
ROR[41;31m][0m 
[1mTS1434: Unexpected 
keyword or 
identifier.[0m 
[1m[35m[plugin 
angular-compiler][0m

    src/app/components/log
in/login.component.ts:1:10
74:
[37m      1 Γöé ...l = si
gnal('test@example.com');\
[32mn[37m  password = 
signal('password')...
        Γò╡               
                     
[32m^[0m


[31mX [41;31m[[41;97mER
ROR[41;31m][0m 
[1mTS2300: Duplicate 
identifier 'n'.[0m 
[1m[35m[plugin 
angular-compiler][0m

    src/app/components/log
in/login.component.ts:1:10
74:
[37m      1 Γöé ...l = si
gnal('test@example.com');\
[32mn[37m  password = 
signal('password')...
        Γò╡               
                     
[32m^[0m


[31mX [41;31m[[41;97mER
ROR[41;31m][0m 
[1mTS1127: Invalid 
character.[0m 
[1m[35m[plugin 
angular-compiler][0m

    src/app/components/log
in/login.component.ts:1:11
07:
[37m      1 Γöé ...  
password = signal('passwor
d');[32m[37m\n  
errorMessage = 
signal('');\n...
        Γò╡               
                     
[32m^[0m


[31mX [41;31m[[41;97mER
ROR[41;31m][0m 
[1mTS1434: Unexpected 
keyword or 
identifier.[0m 
[1m[35m[plugin 
angular-compiler][0m

    src/app/components/log
in/login.component.ts:1:11
08:
[37m      1 Γöé ... 
password = signal('passwor
d');\[32mn[37m  
errorMessage = 
signal('');\n ...
        Γò╡               
                     
[32m^[0m


[31mX [41;31m[[41;97mER
ROR[41;31m][0m 
[1mTS2300: Duplicate 
identifier 'n'.[0m 
[1m[35m[plugin 
angular-compiler][0m

    src/app/components/log
in/login.component.ts:1:11
08:
[37m      1 Γöé ... 
password = signal('passwor
d');\[32mn[37m  
errorMessage = 
signal('');\n ...
        Γò╡               
                     
[32m^[0m


[31mX [41;31m[[41;97mER
ROR[41;31m][0m 
[1mTS1127: Invalid 
character.[0m 
[1m[35m[plugin 
angular-compiler][0m

    src/app/components/log
in/login.component.ts:1:11
37:
[37m      1 Γöé ...);\n  
errorMessage = 
signal('');[32m[37m\n  
isLoading = 
signal(false);\n...
        Γò╡               
                     
[32m^[0m


[31mX [41;31m[[41;97mER
ROR[41;31m][0m 
[1mTS1434: Unexpected 
keyword or 
identifier.[0m 
[1m[35m[plugin 
angular-compiler][0m

    src/app/components/log
in/login.component.ts:1:11
38:
[37m      1 Γöé ...;\n  
errorMessage = 
signal('');\[32mn[37m  
isLoading = 
signal(false);\n\...
        Γò╡               
                     
[32m^[0m


[31mX [41;31m[[41;97mER
ROR[41;31m][0m 
[1mTS2300: Duplicate 
identifier 'n'.[0m 
[1m[35m[plugin 
angular-compiler][0m

    src/app/components/log
in/login.component.ts:1:11
38:
[37m      1 Γöé ...;\n  
errorMessage = 
signal('');\[32mn[37m  
isLoading = 
signal(false);\n\...
        Γò╡               
                     
[32m^[0m


[31mX [41;31m[[41;97mER
ROR[41;31m][0m 
[1mTS1127: Invalid 
character.[0m 
[1m[35m[plugin 
angular-compiler][0m

    src/app/components/log
in/login.component.ts:1:11
67:
[37m      1 Γöé ...);\n  
isLoading = signal(false);
[32m[37m\n\n  async 
onSubmit() {\n    th...
        Γò╡               
                     
[32m^[0m


[31mX [41;31m[[41;97mER
ROR[41;31m][0m 
[1mTS2300: Duplicate 
identifier 'n'.[0m 
[1m[35m[plugin 
angular-compiler][0m

    src/app/components/log
in/login.component.ts:1:11
68:
[37m      1 Γöé ...;\n  
isLoading = signal(false);
\[32mn[37m\n  async 
onSubmit() {\n    thi...
        Γò╡               
                     
[32m^[0m


[31mX [41;31m[[41;97mER
ROR[41;31m][0m 
[1mTS1127: Invalid 
character.[0m 
[1m[35m[plugin 
angular-compiler][0m

    src/app/components/log
in/login.component.ts:1:11
69:
[37m      1 Γöé ...\n  
isLoading = signal(false);
\n[32m[37m\n  async 
onSubmit() {\n    this...
        Γò╡               
                     
[32m^[0m


[31mX [41;31m[[41;97mER
ROR[41;31m][0m 
[1mTS1434: Unexpected 
keyword or 
identifier.[0m 
[1m[35m[plugin 
angular-compiler][0m

    src/app/components/log
in/login.component.ts:1:11
70:
[37m      1 Γöé ...n  
isLoading = signal(false);
\n\[32mn[37m  async 
onSubmit() {\n    this....
        Γò╡               
                     
[32m^[0m


[31mX [41;31m[[41;97mER
ROR[41;31m][0m 
[1mTS2300: Duplicate 
identifier 'n'.[0m 
[1m[35m[plugin 
angular-compiler][0m

    src/app/components/log
in/login.component.ts:1:11
70:
[37m      1 Γöé ...n  
isLoading = signal(false);
\n\[32mn[37m  async 
onSubmit() {\n    this....
        Γò╡               
                     
[32m^[0m


[31mX [41;31m[[41;97mER
ROR[41;31m][0m 
[1mTS1127: Invalid 
character.[0m 
[1m[35m[plugin 
angular-compiler][0m

    src/app/components/log
in/login.component.ts:1:11
91:
[37m      1 Γöé 
...(false);\n\n  async 
onSubmit() {[32m[37m\n  
  this.isLoading.set(true)
;\...
        Γò╡               
                     
[32m^[0m


[31mX [41;31m[[41;97mER
ROR[41;31m][0m 
[1mTS1434: Unexpected 
keyword or 
identifier.[0m 
[1m[35m[plugin 
angular-compiler][0m

    src/app/components/log
in/login.component.ts:1:11
92:
[37m      1 Γöé 
...false);\n\n  async 
onSubmit() {\[32mn[37m  
  this.isLoading.set(true)
;\n...
        Γò╡               
                     
[32m^[0m


[31mX [41;31m[[41;97mER
ROR[41;31m][0m 
[1mTS2663: Cannot find 
name 'n'. Did you mean 
the instance member 
'this.n'?[0m 
[1m[35m[plugin 
angular-compiler][0m

    src/app/components/log
in/login.component.ts:1:11
92:
[37m      1 Γöé 
...false);\n\n  async 
onSubmit() {\[32mn[37m  
  this.isLoading.set(true)
;\n...
        Γò╡               
                     
[32m^[0m


[31mX [41;31m[[41;97mER
ROR[41;31m][0m 
[1mTS1127: Invalid 
character.[0m 
[1m[35m[plugin 
angular-compiler][0m

    src/app/components/log
in/login.component.ts:1:12
22:
[37m      1 Γöé ...{\n   
 this.isLoading.set(true);
[32m[37m\n    this.error
Message.set('');...
        Γò╡               
                     
[32m^[0m


[31mX [41;31m[[41;97mER
ROR[41;31m][0m 
[1mTS1434: Unexpected 
keyword or 
identifier.[0m 
[1m[35m[plugin 
angular-compiler][0m

    src/app/components/log
in/login.component.ts:1:12
23:
[37m      1 Γöé ...\n    
this.isLoading.set(true);\
[32mn[37m    this.errorM
essage.set('');\...
        Γò╡               
                     
[32m^[0m


[31mX [41;31m[[41;97mER
ROR[41;31m][0m 
[1mTS2663: Cannot find 
name 'n'. Did you mean 
the instance member 
'this.n'?[0m 
[1m[35m[plugin 
angular-compiler][0m

    src/app/components/log
in/login.component.ts:1:12
23:
[37m      1 Γöé ...\n    
this.isLoading.set(true);\
[32mn[37m    this.errorM
essage.set('');\...
        Γò╡               
                     
[32m^[0m


[31mX [41;31m[[41;97mER
ROR[41;31m][0m 
[1mTS1127: Invalid 
character.[0m 
[1m[35m[plugin 
angular-compiler][0m

    src/app/components/log
in/login.component.ts:1:12
54:
[37m      1 Γöé ...\n    
this.errorMessage.set('');
[32m[37m\n\n    const 
success = await th...
        Γò╡               
                     
[32m^[0m


[31mX [41;31m[[41;97mER
ROR[41;31m][0m 
[1mTS2663: Cannot find 
name 'n'. Did you mean 
the instance member 
'this.n'?[0m 
[1m[35m[plugin 
angular-compiler][0m

    src/app/components/log
in/login.component.ts:1:12
55:
[37m      1 Γöé ...n    t
his.errorMessage.set('');\
[32mn[37m\n    const 
success = await thi...
        Γò╡               
                     
[32m^[0m


[31mX [41;31m[[41;97mER
ROR[41;31m][0m 
[1mTS1127: Invalid 
character.[0m 
[1m[35m[plugin 
angular-compiler][0m

    src/app/components/log
in/login.component.ts:1:12
56:
[37m      1 Γöé ...    th
is.errorMessage.set('');\n
[32m[37m\n    const 
success = await this...
        Γò╡               
                     
[32m^[0m


[31mX [41;31m[[41;97mER
ROR[41;31m][0m 
[1mTS1434: Unexpected 
keyword or 
identifier.[0m 
[1m[35m[plugin 
angular-compiler][0m

    src/app/components/log
in/login.component.ts:1:12
57:
[37m      1 Γöé ...   thi
s.errorMessage.set('');\n\
[32mn[37m    const 
success = await this....
        Γò╡               
                     
[32m^[0m


[31mX [41;31m[[41;97mER
ROR[41;31m][0m 
[1mTS2663: Cannot find 
name 'n'. Did you mean 
the instance member 
'this.n'?[0m 
[1m[35m[plugin 
angular-compiler][0m

    src/app/components/log
in/login.component.ts:1:12
57:
[37m      1 Γöé ...   thi
s.errorMessage.set('');\n\
[32mn[37m    const 
success = await this....
        Γò╡               
                     
[32m^[0m


[31mX [41;31m[[41;97mER
ROR[41;31m][0m 
[1mTS2571: Object is of 
type 'unknown'.[0m 
[1m[35m[plugin 
angular-compiler][0m

    src/app/components/log
in/login.component.ts:1:12
84:
[37m      1 Γöé ...  
const success = await [32
mthis.authService[37m.log
in(this.email(), thi...
        Γò╡               
             
[32m~~~~~~~~~~~~~~~~[0m


[31mX [41;31m[[41;97mER
ROR[41;31m][0m 
[1mTS1127: Invalid 
character.[0m 
[1m[35m[plugin 
angular-compiler][0m

    src/app/components/log
in/login.component.ts:1:13
38:
[37m      1 Γöé 
...(this.email(), this.pas
sword());[32m[37m\n    
\n    
this.isLoading.set(f...
        Γò╡               
                     
[32m^[0m


[31mX [41;31m[[41;97mER
ROR[41;31m][0m 
[1mTS2663: Cannot find 
name 'n'. Did you mean 
the instance member 
'this.n'?[0m 
[1m[35m[plugin 
angular-compiler][0m

    src/app/components/log
in/login.component.ts:1:13
39:
[37m      1 Γöé 
...this.email(), this.pass
word());\[32mn[37m    
\n    
this.isLoading.set(fa...
        Γò╡               
                     
[32m^[0m


[31mX [41;31m[[41;97mER
ROR[41;31m][0m 
[1mTS1127: Invalid 
character.[0m 
[1m[35m[plugin 
angular-compiler][0m

    src/app/components/log
in/login.component.ts:1:13
44:
[37m      1 Γöé 
...email(), 
this.password());\n    
[32m[37m\n    this.isLoa
ding.set(false);...
        Γò╡               
                     
[32m^[0m


[31mX [41;31m[[41;97mER
ROR[41;31m][0m 
[1mTS1434: Unexpected 
keyword or 
identifier.[0m 
[1m[35m[plugin 
angular-compiler][0m

    src/app/components/log
in/login.component.ts:1:13
45:
[37m      1 Γöé 
...mail(), 
this.password());\n    
\[32mn[37m    this.isLoa
ding.set(false);\...
        Γò╡               
                     
[32m^[0m


[31mX [41;31m[[41;97mER
ROR[41;31m][0m 
[1mTS2663: Cannot find 
name 'n'. Did you mean 
the instance member 
'this.n'?[0m 
[1m[35m[plugin 
angular-compiler][0m

    src/app/components/log
in/login.component.ts:1:13
45:
[37m      1 Γöé 
...mail(), 
this.password());\n    
\[32mn[37m    this.isLoa
ding.set(false);\...
        Γò╡               
                     
[32m^[0m


[31mX [41;31m[[41;97mER
ROR[41;31m][0m 
[1mTS1127: Invalid 
character.[0m 
[1m[35m[plugin 
angular-compiler][0m

    src/app/components/log
in/login.component.ts:1:13
76:
[37m      1 Γöé ...\n    
this.isLoading.set(false);
[32m[37m\n    \n    if 
(success) {\n    ...
        Γò╡               
                     
[32m^[0m


[31mX [41;31m[[41;97mER
ROR[41;31m][0m 
[1mTS2663: Cannot find 
name 'n'. Did you mean 
the instance member 
'this.n'?[0m 
[1m[35m[plugin 
angular-compiler][0m

    src/app/components/log
in/login.component.ts:1:13
77:
[37m      1 Γöé ...n    t
his.isLoading.set(false);\
[32mn[37m    \n    if 
(success) {\n     ...
        Γò╡               
                     
[32m^[0m


[31mX [41;31m[[41;97mER
ROR[41;31m][0m 
[1mTS1127: Invalid 
character.[0m 
[1m[35m[plugin 
angular-compiler][0m

    src/app/components/log
in/login.component.ts:1:13
82:
[37m      1 Γöé ...this.i
sLoading.set(false);\n    
[32m[37m\n    if 
(success) {\n      this...
        Γò╡               
                     
[32m^[0m


[31mX [41;31m[[41;97mER
ROR[41;31m][0m 
[1mTS1434: Unexpected 
keyword or 
identifier.[0m 
[1m[35m[plugin 
angular-compiler][0m

    src/app/components/log
in/login.component.ts:1:13
83:
[37m      1 Γöé ...his.is
Loading.set(false);\n    
\[32mn[37m    if 
(success) {\n      
this....
        Γò╡               
                     
[32m^[0m


[31mX [41;31m[[41;97mER
ROR[41;31m][0m 
[1mTS2663: Cannot find 
name 'n'. Did you mean 
the instance member 
'this.n'?[0m 
[1m[35m[plugin 
angular-compiler][0m

    src/app/components/log
in/login.component.ts:1:13
83:
[37m      1 Γöé ...his.is
Loading.set(false);\n    
\[32mn[37m    if 
(success) {\n      
this....
        Γò╡               
                     
[32m^[0m


[31mX [41;31m[[41;97mER
ROR[41;31m][0m 
[1mTS1127: Invalid 
character.[0m 
[1m[35m[plugin 
angular-compiler][0m

    src/app/components/log
in/login.component.ts:1:14
02:
[37m      1 Γöé 
...alse);\n    \n    if 
(success) {[32m[37m\n   
   this.router.navigate(['
/...
        Γò╡               
                     
[32m^[0m


[31mX [41;31m[[41;97mER
ROR[41;31m][0m 
[1mTS1434: Unexpected 
keyword or 
identifier.[0m 
[1m[35m[plugin 
angular-compiler][0m

    src/app/components/log
in/login.component.ts:1:14
03:
[37m      1 Γöé 
...lse);\n    \n    if 
(success) {\[32mn[37m   
   this.router.navigate(['
/p...
        Γò╡               
                     
[32m^[0m


[31mX [41;31m[[41;97mER
ROR[41;31m][0m 
[1mTS2663: Cannot find 
name 'n'. Did you mean 
the instance member 
'this.n'?[0m 
[1m[35m[plugin 
angular-compiler][0m

    src/app/components/log
in/login.component.ts:1:14
03:
[37m      1 Γöé 
...lse);\n    \n    if 
(success) {\[32mn[37m   
   this.router.navigate(['
/p...
        Γò╡               
                     
[32m^[0m


[31mX [41;31m[[41;97mER
ROR[41;31m][0m 
[1mTS2571: Object is of 
type 'unknown'.[0m 
[1m[35m[plugin 
angular-compiler][0m

    src/app/components/log
in/login.component.ts:1:14
10:
[37m      1 Γöé ...n    
if (success) {\n      [32
mthis.router[37m.navigate
(['/products']);\...
        Γò╡               
                
[32m~~~~~~~~~~~[0m


[31mX [41;31m[[41;97mER
ROR[41;31m][0m 
[1mTS1127: Invalid 
character.[0m 
[1m[35m[plugin 
angular-compiler][0m

    src/app/components/log
in/login.component.ts:1:14
46:
[37m      1 Γöé ....route
r.navigate(['/products']);
[32m[37m\n    } else 
{\n      this.error...
        Γò╡               
                     
[32m^[0m


[31mX [41;31m[[41;97mER
ROR[41;31m][0m 
[1mTS2663: Cannot find 
name 'n'. Did you mean 
the instance member 
'this.n'?[0m 
[1m[35m[plugin 
angular-compiler][0m

    src/app/components/log
in/login.component.ts:1:14
47:
[37m      1 Γöé ...router
.navigate(['/products']);\
[32mn[37m    } else {\n 
     this.errorM...
        Γò╡               
                     
[32m^[0m


[31mX [41;31m[[41;97mER
ROR[41;31m][0m 
[1mTS1127: Invalid 
character.[0m 
[1m[35m[plugin 
angular-compiler][0m

    src/app/components/log
in/login.component.ts:1:14
60:
[37m      1 Γöé 
...te(['/products']);\n   
 } else {[32m[37m\n     
 this.errorMessage.set('I.
..
        Γò╡               
                     
[32m^[0m


[31mX [41;31m[[41;97mER
ROR[41;31m][0m 
[1mTS1434: Unexpected 
keyword or 
identifier.[0m 
[1m[35m[plugin 
angular-compiler][0m

    src/app/components/log
in/login.component.ts:1:14
61:
[37m      1 Γöé 
...e(['/products']);\n    
} else {\[32mn[37m      
this.errorMessage.set('In.
..
        Γò╡               
                     
[32m^[0m


[31mX [41;31m[[41;97mER
ROR[41;31m][0m 
[1mTS2663: Cannot find 
name 'n'. Did you mean 
the instance member 
'this.n'?[0m 
[1m[35m[plugin 
angular-compiler][0m

    src/app/components/log
in/login.component.ts:1:14
61:
[37m      1 Γöé 
...e(['/products']);\n    
} else {\[32mn[37m      
this.errorMessage.set('In.
..
        Γò╡               
                     
[32m^[0m


[31mX [41;31m[[41;97mER
ROR[41;31m][0m 
[1mTS1127: Invalid 
character.[0m 
[1m[35m[plugin 
angular-compiler][0m

    src/app/components/log
in/login.component.ts:1:15
19:
[37m      1 Γöé ...his.er
rorMessage.set('Invalid 
email or 
password');[32m[37m\n   
 }\n  }\n}\n
        Γò╡               
                          
             [32m^[0m


[31mX [41;31m[[41;97mER
ROR[41;31m][0m 
[1mTS2663: Cannot find 
name 'n'. Did you mean 
the instance member 
'this.n'?[0m 
[1m[35m[plugin 
angular-compiler][0m

    src/app/components/log
in/login.component.ts:1:15
20:
[37m      1 Γöé ...his.er
rorMessage.set('Invalid 
email or 
password');\[32mn[37m   
 }\n  }\n}\n
        Γò╡               
                          
              [32m^[0m


[31mX [41;31m[[41;97mER
ROR[41;31m][0m 
[1mTS1127: Invalid 
character.[0m 
[1m[35m[plugin 
angular-compiler][0m

    src/app/components/log
in/login.component.ts:1:15
26:
[37m      1 Γöé ...his.er
rorMessage.set('Invalid 
email or password');\n    
}[32m[37m\n  }\n}\n
        Γò╡               
                          
                    
[32m^[0m


[31mX [41;31m[[41;97mER
ROR[41;31m][0m 
[1mTS2663: Cannot find 
name 'n'. Did you mean 
the instance member 
'this.n'?[0m 
[1m[35m[plugin 
angular-compiler][0m

    src/app/components/log
in/login.component.ts:1:15
27:
[37m      1 Γöé ...his.er
rorMessage.set('Invalid 
email or password');\n    
}\[32mn[37m  }\n}\n
        Γò╡               
                          
                     
[32m^[0m


[31mX [41;31m[[41;97mER
ROR[41;31m][0m 
[1mTS1127: Invalid 
character.[0m 
[1m[35m[plugin 
angular-compiler][0m

    src/app/components/log
in/login.component.ts:1:15
31:
[37m      1 Γöé ...his.er
rorMessage.set('Invalid 
email or password');\n    
}\n  }[32m[37m\n}\n
        Γò╡               
                          
                         
[32m^[0m


[31mX [41;31m[[41;97mER
ROR[41;31m][0m 
[1mTS2300: Duplicate 
identifier 'n'.[0m 
[1m[35m[plugin 
angular-compiler][0m

    src/app/components/log
in/login.component.ts:1:15
32:
[37m      1 Γöé ...his.er
rorMessage.set('Invalid 
email or password');\n    
}\n  }\[32mn[37m}\n
        Γò╡               
                          
                          
[32m^[0m


[31mX [41;31m[[41;97mER
ROR[41;31m][0m 
[1mTS1127: Invalid 
character.[0m 
[1m[35m[plugin 
angular-compiler][0m

    src/app/components/log
in/login.component.ts:1:15
34:
[37m      1 Γöé ...his.er
rorMessage.set('Invalid 
email or password');\n    
}\n  }\n}[32m[37m\n
        Γò╡               
                          
                          
  [32m^[0m


[31mX [41;31m[[41;97mER
ROR[41;31m][0m 
[1mTS2304: Cannot find 
name 'n'.[0m 
[1m[35m[plugin 
angular-compiler][0m

    src/app/components/log
in/login.component.ts:1:15
35:
[37m      1 Γöé ...his.er
rorMessage.set('Invalid 
email or password');\n    
}\n  }\n}\[32mn[37m
        Γò╡               
                          
                          
   [32m^[0m


[31mX [41;31m[[41;97mER
ROR[41;31m][0m 
[1mTS1127: Invalid 
character.[0m 
[1m[35m[plugin 
angular-compiler][0m

    src/app/components/ord
ers/orders.component.ts:1:
50:
[37m      1 Γöé ..., 
inject } from '@angular/co
re';[32m[37m\nimport { 
CommonModule, Currenc...
        Γò╡               
                     
[32m^[0m


[31mX [41;31m[[41;97mER
ROR[41;31m][0m 
[1mTS1435: Unknown 
keyword or identifier. 
Did you mean 
'import'?[0m 
[1m[35m[plugin 
angular-compiler][0m

    src/app/components/ord
ers/orders.component.ts:1:
51:
[37m      1 Γöé ...ject 
} from '@angular/core';\[
32mnimport[37m { 
CommonModule, 
CurrencyPip...
        Γò╡               
                  
[32m~~~~~~~[0m


[31mX [41;31m[[41;97mER
ROR[41;31m][0m 
[1mTS2304: Cannot find 
name 'nimport'.[0m 
[1m[35m[plugin 
angular-compiler][0m

    src/app/components/ord
ers/orders.component.ts:1:
51:
[37m      1 Γöé ...ject 
} from '@angular/core';\[
32mnimport[37m { 
CommonModule, 
CurrencyPip...
        Γò╡               
                  
[32m~~~~~~~[0m


[31mX [41;31m[[41;97mER
ROR[41;31m][0m 
[1mTS2304: Cannot find 
name 'CommonModule'.[0m 
[1m[35m[plugin 
angular-compiler][0m

    src/app/components/ord
ers/orders.component.ts:1:
61:
[37m      1 Γöé ...@angul
ar/core';\nimport { 
[32mCommonModule[37m, 
CurrencyPipe, 
TitleCaseP...
        Γò╡               
               
[32m~~~~~~~~~~~~[0m


[31mX [41;31m[[41;97mER
ROR[41;31m][0m 
[1mTS2695: Left side of 
comma operator is unused 
and has no side 
effects.[0m 
[1m[35m[plugin 
angular-compiler][0m

    src/app/components/ord
ers/orders.component.ts:1:
61:
[37m      1 Γöé ...@angul
ar/core';\nimport { 
[32mCommonModule[37m, 
CurrencyPipe, 
TitleCaseP...
        Γò╡               
               
[32m~~~~~~~~~~~~[0m


[31mX [41;31m[[41;97mER
ROR[41;31m][0m 
[1mTS2695: Left side of 
comma operator is unused 
and has no side 
effects.[0m 
[1m[35m[plugin 
angular-compiler][0m

    src/app/components/ord
ers/orders.component.ts:1:
61:
[37m      1 Γöé 
...r/core';\nimport { 
[32mCommonModule, 
CurrencyPipe[37m, 
TitleCasePipe, Da...
        Γò╡               
        [32m~~~~~~~~~~~~~
~~~~~~~~~~~~~[0m


[31mX [41;31m[[41;97mER
ROR[41;31m][0m 
[1mTS2695: Left side of 
comma operator is unused 
and has no side 
effects.[0m 
[1m[35m[plugin 
angular-compiler][0m

    src/app/components/ord
ers/orders.component.ts:1:
61:
[37m      1 Γöé 
...;\nimport { 
[32mCommonModule, 
CurrencyPipe, 
TitleCasePipe[37m, 
DatePipe,...
        Γò╡               
 [32m~~~~~~~~~~~~~~~~~~~~
~~~~~~~~~~~~~~~~~~~~~[0m


[31mX [41;31m[[41;97mER
ROR[41;31m][0m 
[1mTS2695: Left side of 
comma operator is unused 
and has no side 
effects.[0m 
[1m[35m[plugin 
angular-compiler][0m

    src/app/components/ord
ers/orders.component.ts:1:
61:
[37m      1 Γöé 
...\nimport { 
[32mCommonModule, 
CurrencyPipe, 
TitleCasePipe, 
DatePipe[37m, ...
        Γò╡               
[32m~~~~~~~~~~~~~~~~~~~~~
~~~~~~~~~~~~~~~~~~~~~~~~~~
~~~~[0m


[31mX [41;31m[[41;97mER
ROR[41;31m][0m 
[1mTS2304: Cannot find 
name 'CurrencyPipe'.[0m 
[1m[35m[plugin 
angular-compiler][0m

    src/app/components/ord
ers/orders.component.ts:1:
75:
[37m      1 Γöé 
...;\nimport { 
CommonModule, 
[32mCurrencyPipe[37m, 
TitleCasePipe, 
DatePipe,...
        Γò╡               
               
[32m~~~~~~~~~~~~[0m


[31mX [41;31m[[41;97mER
ROR[41;31m][0m 
[1mTS2304: Cannot find 
name 'TitleCasePipe'.[0m 
[1m[35m[plugin 
angular-compiler][0m

    src/app/components/ord
ers/orders.component.ts:1:
89:
[37m      1 Γöé 
...mmonModule, 
CurrencyPipe, 
[32mTitleCasePipe[37m, 
DatePipe, DecimalPipe }...
        Γò╡               
               
[32m~~~~~~~~~~~~~[0m


[31mX [41;31m[[41;97mER
ROR[41;31m][0m 
[1mTS2304: Cannot find 
name 'DatePipe'.[0m 
[1m[35m[plugin 
angular-compiler][0m

    src/app/components/ord
ers/orders.component.ts:1:
104:
[37m      1 Γöé 
...urrencyPipe, 
TitleCasePipe, 
[32mDatePipe[37m, 
DecimalPipe } from 
'@angul...
        Γò╡               
                 
[32m~~~~~~~~[0m


[31mX [41;31m[[41;97mER
ROR[41;31m][0m 
[1mTS2304: Cannot find 
name 'DecimalPipe'.[0m 
[1m[35m[plugin 
angular-compiler][0m

    src/app/components/ord
ers/orders.component.ts:1:
114:
[37m      1 Γöé ..., 
TitleCasePipe, DatePipe, 
[32mDecimalPipe[37m } 
from '@angular/common';...
        Γò╡               
                
[32m~~~~~~~~~~~[0m


[31mX [41;31m[[41;97mER
ROR[41;31m][0m 
[1mTS1434: Unexpected 
keyword or 
identifier.[0m 
[1m[35m[plugin 
angular-compiler][0m

    src/app/components/ord
ers/orders.component.ts:1:
128:
[37m      1 Γöé ...Pipe, 
DatePipe, DecimalPipe } 
[32mfrom[37m '@angular/c
ommon';\nimport { ...
        Γò╡               
                   
[32m~~~~[0m


[31mX [41;31m[[41;97mER
ROR[41;31m][0m 
[1mTS2304: Cannot find 
name 'from'.[0m 
[1m[35m[plugin 
angular-compiler][0m

    src/app/components/ord
ers/orders.component.ts:1:
128:
[37m      1 Γöé ...Pipe, 
DatePipe, DecimalPipe } 
[32mfrom[37m '@angular/c
ommon';\nimport { ...
        Γò╡               
                   
[32m~~~~[0m


[31mX [41;31m[[41;97mER
ROR[41;31m][0m 
[1mTS1127: Invalid 
character.[0m 
[1m[35m[plugin 
angular-compiler][0m

    src/app/components/ord
ers/orders.component.ts:1:
151:
[37m      1 Γöé 
...alPipe } from '@angular
/common';[32m[37m\nimpor
t { OrderService } from 
'...
        Γò╡               
                     
[32m^[0m


[31mX [41;31m[[41;97mER
ROR[41;31m][0m 
[1mTS1435: Unknown 
keyword or identifier. 
Did you mean 
'import'?[0m 
[1m[35m[plugin 
angular-compiler][0m

    src/app/components/ord
ers/orders.component.ts:1:
152:
[37m      1 Γöé ...pe } 
from '@angular/common';\[
32mnimport[37m { 
OrderService } from 
'../....
        Γò╡               
                  
[32m~~~~~~~[0m


[31mX [41;31m[[41;97mER
ROR[41;31m][0m 
[1mTS2304: Cannot find 
name 'nimport'.[0m 
[1m[35m[plugin 
angular-compiler][0m

    src/app/components/ord
ers/orders.component.ts:1:
152:
[37m      1 Γöé ...pe } 
from '@angular/common';\[
32mnimport[37m { 
OrderService } from 
'../....
        Γò╡               
                  
[32m~~~~~~~[0m


[31mX [41;31m[[41;97mER
ROR[41;31m][0m 
[1mTS2304: Cannot find 
name 'OrderService'.[0m 
[1m[35m[plugin 
angular-compiler][0m

    src/app/components/ord
ers/orders.component.ts:1:
162:
[37m      1 Γöé ...ngular
/common';\nimport { 
[32mOrderService[37m } 
from '../../services/or...
        Γò╡               
               
[32m~~~~~~~~~~~~[0m


[31mX [41;31m[[41;97mER
ROR[41;31m][0m 
[1mTS1434: Unexpected 
keyword or 
identifier.[0m 
[1m[35m[plugin 
angular-compiler][0m

    src/app/components/ord
ers/orders.component.ts:1:
177:
[37m      1 Γöé 
...on';\nimport { 
OrderService } 
[32mfrom[37m '../../serv
ices/order.service...
        Γò╡               
                   
[32m~~~~[0m


[31mX [41;31m[[41;97mER
ROR[41;31m][0m 
[1mTS2304: Cannot find 
name 'from'.[0m 
[1m[35m[plugin 
angular-compiler][0m

    src/app/components/ord
ers/orders.component.ts:1:
177:
[37m      1 Γöé 
...on';\nimport { 
OrderService } 
[32mfrom[37m '../../serv
ices/order.service...
        Γò╡               
                   
[32m~~~~[0m


[31mX [41;31m[[41;97mER
ROR[41;31m][0m 
[1mTS1127: Invalid 
character.[0m 
[1m[35m[plugin 
angular-compiler][0m

    src/app/components/ord
ers/orders.component.ts:1:
213:
[37m      1 Γöé ... '../.
./services/order.service';
[32m[37m\n\n@Component({
\n  selector: 'a...
        Γò╡               
                     
[32m^[0m


[31mX [41;31m[[41;97mER
ROR[41;31m][0m 
[1mTS2304: Cannot find 
name 'n'.[0m 
[1m[35m[plugin 
angular-compiler][0m

    src/app/components/ord
ers/orders.component.ts:1:
214:
[37m      1 Γöé ...'../..
/services/order.service';\
[32mn[37m\n@Component({\
n  selector: 'ap...
        Γò╡               
                     
[32m^[0m


[31mX [41;31m[[41;97mER
ROR[41;31m][0m 
[1mTS1127: Invalid 
character.[0m 
[1m[35m[plugin 
angular-compiler][0m

    src/app/components/ord
ers/orders.component.ts:1:
215:
[37m      1 Γöé ...../../
services/order.service';\n
[32m[37m\n@Component({\n
  selector: 'app...
        Γò╡               
                     
[32m^[0m


[31mX [41;31m[[41;97mER
ROR[41;31m][0m 
[1mTS1434: Unexpected 
keyword or 
identifier.[0m 
[1m[35m[plugin 
angular-compiler][0m

    src/app/components/ord
ers/orders.component.ts:1:
216:
[37m      1 Γöé ..../../s
ervices/order.service';\n\
[32mn[37m@Component({\n 
 selector: 'app-...
        Γò╡               
                     
[32m^[0m


[31mX [41;31m[[41;97mER
ROR[41;31m][0m 
[1mTS2304: Cannot find 
name 'n'.[0m 
[1m[35m[plugin 
angular-compiler][0m

    src/app/components/ord
ers/orders.component.ts:1:
216:
[37m      1 Γöé ..../../s
ervices/order.service';\n\
[32mn[37m@Component({\n 
 selector: 'app-...
        Γò╡               
                     
[32m^[0m


[31mX [41;31m[[41;97mER
ROR[41;31m][0m 
[1mTS1127: Invalid 
character.[0m 
[1m[35m[plugin 
angular-compiler][0m

    src/app/components/ord
ers/orders.component.ts:1:
229:
[37m      1 Γöé .../order
.service';\n\n@Component({
[32m[37m\n  selector: 
'app-orders',\n  s...
        Γò╡               
                     
[32m^[0m


[31mX [41;31m[[41;97mER
ROR[41;31m][0m 
[1mTS1005: ',' 
expected.[0m 
[1m[35m[plugin 
angular-compiler][0m

    src/app/components/ord
ers/orders.component.ts:1:
233:
[37m      1 Γöé ...ervice
';\n\n@Component({\n  
[32mselector[37m: 
'app-orders',\n  
standalon...
        Γò╡               
                 
[32m~~~~~~~~[0m


[31mX [41;31m[[41;97mER
ROR[41;31m][0m 
[1mTS1127: Invalid 
character.[0m 
[1m[35m[plugin 
angular-compiler][0m

    src/app/components/ord
ers/orders.component.ts:1:
256:
[37m      1 Γöé 
...ent({\n  selector: 
'app-orders',[32m[37m\n 
 standalone: true,\n  
imports...
        Γò╡               
                     
[32m^[0m


[31mX [41;31m[[41;97mER
ROR[41;31m][0m 
[1mTS1005: ',' 
expected.[0m 
[1m[35m[plugin 
angular-compiler][0m

    src/app/components/ord
ers/orders.component.ts:1:
260:
[37m      1 Γöé 
...selector: 
'app-orders',\n  
[32mstandalone[37m: 
true,\n  imports: 
[Common...
        Γò╡               
                
[32m~~~~~~~~~~[0m


[31mX [41;31m[[41;97mER
ROR[41;31m][0m 
[1mTS1127: Invalid 
character.[0m 
[1m[35m[plugin 
angular-compiler][0m

    src/app/components/ord
ers/orders.component.ts:1:
277:
[37m      1 Γöé 
...pp-orders',\n  
standalone: 
true,[32m[37m\n  
imports: [CommonModule, 
Curr...
        Γò╡               
                     
[32m^[0m


[31mX [41;31m[[41;97mER
ROR[41;31m][0m 
[1mTS1005: ',' 
expected.[0m 
[1m[35m[plugin 
angular-compiler][0m

    src/app/components/ord
ers/orders.component.ts:1:
281:
[37m      1 Γöé 
...rs',\n  standalone: 
true,\n  
[32mimports[37m: 
[CommonModule, 
CurrencyPip...
        Γò╡               
                  
[32m~~~~~~~[0m


[31mX [41;31m[[41;97mER
ROR[41;31m][0m 
[1mTS1127: Invalid 
character.[0m 
[1m[35m[plugin 
angular-compiler][0m

    src/app/components/ord
ers/orders.component.ts:1:
357:
[37m      1 Γöé 
...asePipe, DatePipe, 
DecimalPipe],[32m[37m\n 
 template: `\n    <div 
class=...
        Γò╡               
                     
[32m^[0m


[31mX [41;31m[[41;97mER
ROR[41;31m][0m 
[1mTS1005: ',' 
expected.[0m 
[1m[35m[plugin 
angular-compiler][0m

    src/app/components/ord
ers/orders.component.ts:1:
361:
[37m      1 Γöé ... 
DatePipe, DecimalPipe],\n 
 [32mtemplate[37m: `\n  
  <div class="orders-...
        Γò╡               
                 
[32m~~~~~~~~[0m


[31mX [41;31m[[41;97mER
ROR[41;31m][0m 
[1mTS1127: Invalid 
character.[0m 
[1m[35m[plugin 
angular-compiler][0m

    src/app/components/ord
ers/orders.component.ts:1:
1590:
[37m      1 Γöé 
.../div>\n      }\n    
</div>\n  `,[32m[37m\n  
styles: [`\n    
.orders-cont...
        Γò╡               
                     
[32m^[0m


[31mX [41;31m[[41;97mER
ROR[41;31m][0m 
[1mTS1005: ',' 
expected.[0m 
[1m[35m[plugin 
angular-compiler][0m

    src/app/components/ord
ers/orders.component.ts:1:
1594:
[37m      1 Γöé ...      
}\n    </div>\n  `,\n  
[32mstyles[37m: [`\n    
.orders-container {...
        Γò╡               
                  
[32m~~~~~~[0m


[31mX [41;31m[[41;97mER
ROR[41;31m][0m 
[1mTS1127: Invalid 
character.[0m 
[1m[35m[plugin 
angular-compiler][0m

    src/app/components/ord
ers/orders.component.ts:1:
2555:
[37m      1 Γöé ...ight; 
font-size: 1.1rem; }\n  
`][32m[37m\n})\nexport 
class OrdersCompone...
        Γò╡               
                     
[32m^[0m


[31mX [41;31m[[41;97mER
ROR[41;31m][0m 
[1mTS1127: Invalid 
character.[0m 
[1m[35m[plugin 
angular-compiler][0m

    src/app/components/ord
ers/orders.component.ts:1:
2559:
[37m      1 Γöé ...; 
font-size: 1.1rem; }\n  
`]\n})[32m[37m\nexport 
class OrdersComponent {...
        Γò╡               
                     
[32m^[0m


[31mX [41;31m[[41;97mER
ROR[41;31m][0m 
[1mTS1435: Unknown 
keyword or identifier. 
Did you mean 
'export'?[0m 
[1m[35m[plugin 
angular-compiler][0m

    src/app/components/ord
ers/orders.component.ts:1:
2560:
[37m      1 Γöé 
...nt-size: 1.1rem; }\n  
`]\n})\[32mnexport[37m 
class OrdersComponent {\n 
 ...
        Γò╡               
                  
[32m~~~~~~~[0m


[31mX [41;31m[[41;97mER
ROR[41;31m][0m 
[1mTS2304: Cannot find 
name 'nexport'.[0m 
[1m[35m[plugin 
angular-compiler][0m

    src/app/components/ord
ers/orders.component.ts:1:
2560:
[37m      1 Γöé 
...nt-size: 1.1rem; }\n  
`]\n})\[32mnexport[37m 
class OrdersComponent {\n 
 ...
        Γò╡               
                  
[32m~~~~~~~[0m


[31mX [41;31m[[41;97mER
ROR[41;31m][0m 
[1mTS1127: Invalid 
character.[0m 
[1m[35m[plugin 
angular-compiler][0m

    src/app/components/ord
ers/orders.component.ts:1:
2591:
[37m      1 Γöé 
...\nexport class 
OrdersComponent 
{[32m[37m\n  
orderService = 
inject(OrderS...
        Γò╡               
                     
[32m^[0m


[31mX [41;31m[[41;97mER
ROR[41;31m][0m 
[1mTS1434: Unexpected 
keyword or 
identifier.[0m 
[1m[35m[plugin 
angular-compiler][0m

    src/app/components/ord
ers/orders.component.ts:1:
2592:
[37m      1 Γöé 
...nexport class 
OrdersComponent 
{\[32mn[37m  
orderService = 
inject(OrderSe...
        Γò╡               
                     
[32m^[0m


[31mX [41;31m[[41;97mER
ROR[41;31m][0m 
[1mTS7008: Member 'n' 
implicitly has an 'any' 
type.[0m 
[1m[35m[plugin 
angular-compiler][0m

    src/app/components/ord
ers/orders.component.ts:1:
2592:
[37m      1 Γöé 
...nexport class 
OrdersComponent 
{\[32mn[37m  
orderService = 
inject(OrderSe...
        Γò╡               
                     
[32m^[0m


[31mX [41;31m[[41;97mER
ROR[41;31m][0m 
[1mTS2304: Cannot find 
name 'OrderService'.[0m 
[1m[35m[plugin 
angular-compiler][0m

    src/app/components/ord
ers/orders.component.ts:1:
2617:
[37m      1 Γöé ...\n  
orderService = inject([32
mOrderService[37m);\n  
\n  orders = this.or...
        Γò╡               
               
[32m~~~~~~~~~~~~[0m


[31mX [41;31m[[41;97mER
ROR[41;31m][0m 
[1mTS1127: Invalid 
character.[0m 
[1m[35m[plugin 
angular-compiler][0m

    src/app/components/ord
ers/orders.component.ts:1:
2631:
[37m      1 Γöé 
...rService = inject(Order
Service);[32m[37m\n  \n 
 orders = 
this.orderServi...
        Γò╡               
                     
[32m^[0m


[31mX [41;31m[[41;97mER
ROR[41;31m][0m 
[1mTS2300: Duplicate 
identifier 'n'.[0m 
[1m[35m[plugin 
angular-compiler][0m

    src/app/components/ord
ers/orders.component.ts:1:
2632:
[37m      1 Γöé 
...Service = inject(OrderS
ervice);\[32mn[37m  \n  
orders = 
this.orderServic...
        Γò╡               
                     
[32m^[0m


[31mX [41;31m[[41;97mER
ROR[41;31m][0m 
[1mTS1127: Invalid 
character.[0m 
[1m[35m[plugin 
angular-compiler][0m

    src/app/components/ord
ers/orders.component.ts:1:
2635:
[37m      1 Γöé ...vice 
= inject(OrderService);\n 
 [32m[37m\n  orders = 
this.orderService.u...
        Γò╡               
                     
[32m^[0m


[31mX [41;31m[[41;97mER
ROR[41;31m][0m 
[1mTS1434: Unexpected 
keyword or 
identifier.[0m 
[1m[35m[plugin 
angular-compiler][0m

    src/app/components/ord
ers/orders.component.ts:1:
2636:
[37m      1 Γöé ...ice = 
inject(OrderService);\n  
\[32mn[37m  orders = 
this.orderService.us...
        Γò╡               
                     
[32m^[0m


[31mX [41;31m[[41;97mER
ROR[41;31m][0m 
[1mTS2300: Duplicate 
identifier 'n'.[0m 
[1m[35m[plugin 
angular-compiler][0m

    src/app/components/ord
ers/orders.component.ts:1:
2636:
[37m      1 Γöé ...ice = 
inject(OrderService);\n  
\[32mn[37m  orders = 
this.orderService.us...
        Γò╡               
                     
[32m^[0m


[31mX [41;31m[[41;97mER
ROR[41;31m][0m 
[1mTS2571: Object is of 
type 'unknown'.[0m 
[1m[35m[plugin 
angular-compiler][0m

    src/app/components/ord
ers/orders.component.ts:1:
2648:
[37m      1 Γöé 
...t(OrderService);\n  \n 
 orders = [32mthis.orderS
ervice[37m.userOrders;\n}
\n
        Γò╡               
                      
[32m~~~~~~~~~~~~~~~~~[0m


[31mX [41;31m[[41;97mER
ROR[41;31m][0m 
[1mTS1127: Invalid 
character.[0m 
[1m[35m[plugin 
angular-compiler][0m

    src/app/components/ord
ers/orders.component.ts:1:
2677:
[37m      1 Γöé 
...t(OrderService);\n  \n 
 orders = this.orderServic
e.userOrders;[32m[37m\n}
\n
        Γò╡               
                          
                         
[32m^[0m


[31mX [41;31m[[41;97mER
ROR[41;31m][0m 
[1mTS2300: Duplicate 
identifier 'n'.[0m 
[1m[35m[plugin 
angular-compiler][0m

    src/app/components/ord
ers/orders.component.ts:1:
2678:
[37m      1 Γöé 
...t(OrderService);\n  \n 
 orders = this.orderServic
e.userOrders;\[32mn[37m}
\n
        Γò╡               
                          
                          
[32m^[0m


[31mX [41;31m[[41;97mER
ROR[41;31m][0m 
[1mTS1127: Invalid 
character.[0m 
[1m[35m[plugin 
angular-compiler][0m

    src/app/components/ord
ers/orders.component.ts:1:
2680:
[37m      1 Γöé 
...t(OrderService);\n  \n 
 orders = this.orderServic
e.userOrders;\n}[32m[37m
\n
        Γò╡               
                          
                          
  [32m^[0m


[31mX [41;31m[[41;97mER
ROR[41;31m][0m 
[1mTS2304: Cannot find 
name 'n'.[0m 
[1m[35m[plugin 
angular-compiler][0m

    src/app/components/ord
ers/orders.component.ts:1:
2681:
[37m      1 Γöé 
...t(OrderService);\n  \n 
 orders = this.orderServic
e.userOrders;\n}\[32mn[3
7m
        Γò╡               
                          
                          
   [32m^[0m


[31mX [41;31m[[41;97mER
ROR[41;31m][0m 
[1mTS1127: Invalid 
character.[0m 
[1m[35m[plugin 
angular-compiler][0m

    src/app/components/pro
ducts/products.component.t
s:1:50:
[37m      1 Γöé ..., 
inject } from '@angular/co
re';[32m[37m\nimport { 
CommonModule } from '...
        Γò╡               
                     
[32m^[0m


[31mX [41;31m[[41;97mER
ROR[41;31m][0m 
[1mTS1435: Unknown 
keyword or identifier. 
Did you mean 
'import'?[0m 
[1m[35m[plugin 
angular-compiler][0m

    src/app/components/pro
ducts/products.component.t
s:1:51:
[37m      1 Γöé ...ject 
} from '@angular/core';\[
32mnimport[37m { 
CommonModule } from 
'@ang...
        Γò╡               
                  
[32m~~~~~~~[0m


[31mX [41;31m[[41;97mER
ROR[41;31m][0m 
[1mTS2304: Cannot find 
name 'nimport'.[0m 
[1m[35m[plugin 
angular-compiler][0m

    src/app/components/pro
ducts/products.component.t
s:1:51:
[37m      1 Γöé ...ject 
} from '@angular/core';\[
32mnimport[37m { 
CommonModule } from 
'@ang...
        Γò╡               
                  
[32m~~~~~~~[0m


[31mX [41;31m[[41;97mER
ROR[41;31m][0m 
[1mTS2304: Cannot find 
name 'CommonModule'.[0m 
[1m[35m[plugin 
angular-compiler][0m

    src/app/components/pro
ducts/products.component.t
s:1:61:
[37m      1 Γöé ...@angul
ar/core';\nimport { 
[32mCommonModule[37m } 
from '@angular/common';...
        Γò╡               
               
[32m~~~~~~~~~~~~[0m


[31mX [41;31m[[41;97mER
ROR[41;31m][0m 
[1mTS1434: Unexpected 
keyword or 
identifier.[0m 
[1m[35m[plugin 
angular-compiler][0m

    src/app/components/pro
ducts/products.component.t
s:1:76:
[37m      1 Γöé 
...re';\nimport { 
CommonModule } 
[32mfrom[37m '@angular/c
ommon';\nimport { ...
        Γò╡               
                   
[32m~~~~[0m


[31mX [41;31m[[41;97mER
ROR[41;31m][0m 
[1mTS2304: Cannot find 
name 'from'.[0m 
[1m[35m[plugin 
angular-compiler][0m

    src/app/components/pro
ducts/products.component.t
s:1:76:
[37m      1 Γöé 
...re';\nimport { 
CommonModule } 
[32mfrom[37m '@angular/c
ommon';\nimport { ...
        Γò╡               
                   
[32m~~~~[0m


[31mX [41;31m[[41;97mER
ROR[41;31m][0m 
[1mTS1127: Invalid 
character.[0m 
[1m[35m[plugin 
angular-compiler][0m

    src/app/components/pro
ducts/products.component.t
s:1:99:
[37m      1 Γöé 
...Module } from '@angular
/common';[32m[37m\nimpor
t { ProductService } 
from...
        Γò╡               
                     
[32m^[0m


[31mX [41;31m[[41;97mER
ROR[41;31m][0m 
[1mTS1435: Unknown 
keyword or identifier. 
Did you mean 
'import'?[0m 
[1m[35m[plugin 
angular-compiler][0m

    src/app/components/pro
ducts/products.component.t
s:1:100:
[37m      1 Γöé ...le } 
from '@angular/common';\[
32mnimport[37m { 
ProductService } from 
'.....
        Γò╡               
                  
[32m~~~~~~~[0m


[31mX [41;31m[[41;97mER
ROR[41;31m][0m 
[1mTS2304: Cannot find 
name 'nimport'.[0m 
[1m[35m[plugin 
angular-compiler][0m

    src/app/components/pro
ducts/products.component.t
s:1:100:
[37m      1 Γöé ...le } 
from '@angular/common';\[
32mnimport[37m { 
ProductService } from 
'.....
        Γò╡               
                  
[32m~~~~~~~[0m


[31mX [41;31m[[41;97mER
ROR[41;31m][0m 
[1mTS2304: Cannot find 
name 
'ProductService'.[0m 
[1m[35m[plugin 
angular-compiler][0m

    src/app/components/pro
ducts/products.component.t
s:1:110:
[37m      1 Γöé 
...gular/common';\nimport 
{ 
[32mProductService[37m 
} from 
'../../services/p...
        Γò╡               
              
[32m~~~~~~~~~~~~~~[0m


[31mX [41;31m[[41;97mER
ROR[41;31m][0m 
[1mTS1434: Unexpected 
keyword or 
identifier.[0m 
[1m[35m[plugin 
angular-compiler][0m

    src/app/components/pro
ducts/products.component.t
s:1:127:
[37m      1 Γöé 
...';\nimport { 
ProductService } 
[32mfrom[37m '../../serv
ices/product.servi...
        Γò╡               
                   
[32m~~~~[0m


[31mX [41;31m[[41;97mER
ROR[41;31m][0m 
[1mTS2304: Cannot find 
name 'from'.[0m 
[1m[35m[plugin 
angular-compiler][0m

    src/app/components/pro
ducts/products.component.t
s:1:127:
[37m      1 Γöé 
...';\nimport { 
ProductService } 
[32mfrom[37m '../../serv
ices/product.servi...
        Γò╡               
                   
[32m~~~~[0m


[31mX [41;31m[[41;97mER
ROR[41;31m][0m 
[1mTS1127: Invalid 
character.[0m 
[1m[35m[plugin 
angular-compiler][0m

    src/app/components/pro
ducts/products.component.t
s:1:165:
[37m      1 Γöé ...../../
services/product.service';
[32m[37m\nimport { 
OrderService } from '...
        Γò╡               
                     
[32m^[0m


[31mX [41;31m[[41;97mER
ROR[41;31m][0m 
[1mTS1435: Unknown 
keyword or identifier. 
Did you mean 
'import'?[0m 
[1m[35m[plugin 
angular-compiler][0m

    src/app/components/pro
ducts/products.component.t
s:1:166:
[37m      1 Γöé ..../serv
ices/product.service';\[3
2mnimport[37m { 
OrderService } from 
'../....
        Γò╡               
                  
[32m~~~~~~~[0m


[31mX [41;31m[[41;97mER
ROR[41;31m][0m 
[1mTS2304: Cannot find 
name 'nimport'.[0m 
[1m[35m[plugin 
angular-compiler][0m

    src/app/components/pro
ducts/products.component.t
s:1:166:
[37m      1 Γöé ..../serv
ices/product.service';\[3
2mnimport[37m { 
OrderService } from 
'../....
        Γò╡               
                  
[32m~~~~~~~[0m


[31mX [41;31m[[41;97mER
ROR[41;31m][0m 
[1mTS2304: Cannot find 
name 'OrderService'.[0m 
[1m[35m[plugin 
angular-compiler][0m

    src/app/components/pro
ducts/products.component.t
s:1:176:
[37m      1 Γöé ...oduct.
service';\nimport { 
[32mOrderService[37m } 
from '../../services/or...
        Γò╡               
               
[32m~~~~~~~~~~~~[0m


[31mX [41;31m[[41;97mER
ROR[41;31m][0m 
[1mTS1434: Unexpected 
keyword or 
identifier.[0m 
[1m[35m[plugin 
angular-compiler][0m

    src/app/components/pro
ducts/products.component.t
s:1:191:
[37m      1 Γöé 
...ce';\nimport { 
OrderService } 
[32mfrom[37m '../../serv
ices/order.service...
        Γò╡               
                   
[32m~~~~[0m


[31mX [41;31m[[41;97mER
ROR[41;31m][0m 
[1mTS2304: Cannot find 
name 'from'.[0m 
[1m[35m[plugin 
angular-compiler][0m

    src/app/components/pro
ducts/products.component.t
s:1:191:
[37m      1 Γöé 
...ce';\nimport { 
OrderService } 
[32mfrom[37m '../../serv
ices/order.service...
        Γò╡               
                   
[32m~~~~[0m


[31mX [41;31m[[41;97mER
ROR[41;31m][0m 
[1mTS1127: Invalid 
character.[0m 
[1m[35m[plugin 
angular-compiler][0m

    src/app/components/pro
ducts/products.component.t
s:1:227:
[37m      1 Γöé ... '../.
./services/order.service';
[32m[37m\nimport { 
Product } from '../.....
        Γò╡               
                     
[32m^[0m


[31mX [41;31m[[41;97mER
ROR[41;31m][0m 
[1mTS1435: Unknown 
keyword or identifier. 
Did you mean 
'import'?[0m 
[1m[35m[plugin 
angular-compiler][0m

    src/app/components/pro
ducts/products.component.t
s:1:228:
[37m      1 Γöé .../../se
rvices/order.service';\[3
2mnimport[37m { Product 
} from '../../mod...
        Γò╡               
                  
[32m~~~~~~~[0m


[31mX [41;31m[[41;97mER
ROR[41;31m][0m 
[1mTS2304: Cannot find 
name 'nimport'.[0m 
[1m[35m[plugin 
angular-compiler][0m

    src/app/components/pro
ducts/products.component.t
s:1:228:
[37m      1 Γöé .../../se
rvices/order.service';\[3
2mnimport[37m { Product 
} from '../../mod...
        Γò╡               
                  
[32m~~~~~~~[0m


[31mX [41;31m[[41;97mER
ROR[41;31m][0m 
[1mTS2304: Cannot find 
name 'Product'.[0m 
[1m[35m[plugin 
angular-compiler][0m

    src/app/components/pro
ducts/products.component.t
s:1:238:
[37m      1 Γöé ...es/ord
er.service';\nimport { 
[32mProduct[37m } from 
'../../models/produc...
        Γò╡               
                  
[32m~~~~~~~[0m


[31mX [41;31m[[41;97mER
ROR[41;31m][0m 
[1mTS1434: Unexpected 
keyword or 
identifier.[0m 
[1m[35m[plugin 
angular-compiler][0m

    src/app/components/pro
ducts/products.component.t
s:1:248:
[37m      1 Γöé 
...service';\nimport { 
Product } [32mfrom[37m '
../../models/product.model
';...
        Γò╡               
                   
[32m~~~~[0m


[31mX [41;31m[[41;97mER
ROR[41;31m][0m 
[1mTS2304: Cannot find 
name 'from'.[0m 
[1m[35m[plugin 
angular-compiler][0m

    src/app/components/pro
ducts/products.component.t
s:1:248:
[37m      1 Γöé 
...service';\nimport { 
Product } [32mfrom[37m '
../../models/product.model
';...
        Γò╡               
                   
[32m~~~~[0m


[31mX [41;31m[[41;97mER
ROR[41;31m][0m 
[1mTS1127: Invalid 
character.[0m 
[1m[35m[plugin 
angular-compiler][0m

    src/app/components/pro
ducts/products.component.t
s:1:282:
[37m      1 Γöé ...om '..
/../models/product.model';
[32m[37m\n\n@Component({
\n  selector: 'a...
        Γò╡               
                     
[32m^[0m


[31mX [41;31m[[41;97mER
ROR[41;31m][0m 
[1mTS2304: Cannot find 
name 'n'.[0m 
[1m[35m[plugin 
angular-compiler][0m

    src/app/components/pro
ducts/products.component.t
s:1:283:
[37m      1 Γöé ...m '../
../models/product.model';\
[32mn[37m\n@Component({\
n  selector: 'ap...
        Γò╡               
                     
[32m^[0m


[31mX [41;31m[[41;97mER
ROR[41;31m][0m 
[1mTS1127: Invalid 
character.[0m 
[1m[35m[plugin 
angular-compiler][0m

    src/app/components/pro
ducts/products.component.t
s:1:284:
[37m      1 Γöé ... '../.
./models/product.model';\n
[32m[37m\n@Component({\n
  selector: 'app...
        Γò╡               
                     
[32m^[0m


[31mX [41;31m[[41;97mER
ROR[41;31m][0m 
[1mTS1434: Unexpected 
keyword or 
identifier.[0m 
[1m[35m[plugin 
angular-compiler][0m

    src/app/components/pro
ducts/products.component.t
s:1:285:
[37m      1 Γöé ...'../..
/models/product.model';\n\
[32mn[37m@Component({\n 
 selector: 'app-...
        Γò╡               
                     
[32m^[0m


[31mX [41;31m[[41;97mER
ROR[41;31m][0m 
[1mTS2304: Cannot find 
name 'n'.[0m 
[1m[35m[plugin 
angular-compiler][0m

    src/app/components/pro
ducts/products.component.t
s:1:285:
[37m      1 Γöé ...'../..
/models/product.model';\n\
[32mn[37m@Component({\n 
 selector: 'app-...
        Γò╡               
                     
[32m^[0m


[31mX [41;31m[[41;97mER
ROR[41;31m][0m 
[1mTS1127: Invalid 
character.[0m 
[1m[35m[plugin 
angular-compiler][0m

    src/app/components/pro
ducts/products.component.t
s:1:298:
[37m      1 Γöé .../produ
ct.model';\n\n@Component({
[32m[37m\n  selector: 
'app-products',\n ...
        Γò╡               
                     
[32m^[0m


[31mX [41;31m[[41;97mER
ROR[41;31m][0m 
[1mTS1005: ',' 
expected.[0m 
[1m[35m[plugin 
angular-compiler][0m

    src/app/components/pro
ducts/products.component.t
s:1:302:
[37m      1 Γöé ....model
';\n\n@Component({\n  
[32mselector[37m: 
'app-products',\n  
standal...
        Γò╡               
                 
[32m~~~~~~~~[0m


[31mX [41;31m[[41;97mER
ROR[41;31m][0m 
[1mTS1127: Invalid 
character.[0m 
[1m[35m[plugin 
angular-compiler][0m

    src/app/components/pro
ducts/products.component.t
s:1:327:
[37m      1 Γöé ...t({\n 
 selector: 'app-products',
[32m[37m\n  standalone: 
true,\n  imports...
        Γò╡               
                     
[32m^[0m


[31mX [41;31m[[41;97mER
ROR[41;31m][0m 
[1mTS1005: ',' 
expected.[0m 
[1m[35m[plugin 
angular-compiler][0m

    src/app/components/pro
ducts/products.component.t
s:1:331:
[37m      1 Γöé 
...lector: 
'app-products',\n  
[32mstandalone[37m: 
true,\n  imports: 
[Common...
        Γò╡               
                
[32m~~~~~~~~~~[0m


[31mX [41;31m[[41;97mER
ROR[41;31m][0m 
[1mTS1127: Invalid 
character.[0m 
[1m[35m[plugin 
angular-compiler][0m

    src/app/components/pro
ducts/products.component.t
s:1:348:
[37m      1 Γöé 
...-products',\n  
standalone: 
true,[32m[37m\n  
imports: 
[CommonModule],\n  ...
        Γò╡               
                     
[32m^[0m


[31mX [41;31m[[41;97mER
ROR[41;31m][0m 
[1mTS1005: ',' 
expected.[0m 
[1m[35m[plugin 
angular-compiler][0m

    src/app/components/pro
ducts/products.component.t
s:1:352:
[37m      1 Γöé 
...ts',\n  standalone: 
true,\n  
[32mimports[37m: 
[CommonModule],\n  
templat...
        Γò╡               
                  
[32m~~~~~~~[0m


[31mX [41;31m[[41;97mER
ROR[41;31m][0m 
[1mTS1127: Invalid 
character.[0m 
[1m[35m[plugin 
angular-compiler][0m

    src/app/components/pro
ducts/products.component.t
s:1:376:
[37m      1 Γöé 
...rue,\n  imports: [Commo
nModule],[32m[37m\n  
template: `\n    <div 
class=...
        Γò╡               
                     
[32m^[0m


[31mX [41;31m[[41;97mER
ROR[41;31m][0m 
[1mTS1005: ',' 
expected.[0m 
[1m[35m[plugin 
angular-compiler][0m

    src/app/components/pro
ducts/products.component.t
s:1:380:
[37m      1 Γöé 
...imports: 
[CommonModule],\n  
[32mtemplate[37m: `\n   
 <div class="product...
        Γò╡               
                 
[32m~~~~~~~~[0m


[31mX [41;31m[[41;97mER
ROR[41;31m][0m 
[1mTS1127: Invalid 
character.[0m 
[1m[35m[plugin 
angular-compiler][0m

    src/app/components/pro
ducts/products.component.t
s:1:1045:
[37m      1 Γöé 
....</p>\n      }\n    
</div>\n  `,[32m[37m\n  
styles: [`\n    
.products-he...
        Γò╡               
                     
[32m^[0m


[31mX [41;31m[[41;97mER
ROR[41;31m][0m 
[1mTS1005: ',' 
expected.[0m 
[1m[35m[plugin 
angular-compiler][0m

    src/app/components/pro
ducts/products.component.t
s:1:1049:
[37m      1 Γöé ...      
}\n    </div>\n  `,\n  
[32mstyles[37m: [`\n    
.products-header { ...
        Γò╡               
                  
[32m~~~~~~[0m


[31mX [41;31m[[41;97mER
ROR[41;31m][0m 
[1mTS1127: Invalid 
character.[0m 
[1m[35m[plugin 
angular-compiler][0m

    src/app/components/pro
ducts/products.component.t
s:1:1846:
[37m      1 Γöé ...r { 
background: #218838; }\n  
`][32m[37m\n})\nexport 
class ProductsCompo...
        Γò╡               
                     
[32m^[0m


[31mX [41;31m[[41;97mER
ROR[41;31m][0m 
[1mTS1127: Invalid 
character.[0m 
[1m[35m[plugin 
angular-compiler][0m

    src/app/components/pro
ducts/products.component.t
s:1:1850:
[37m      1 Γöé 
...background: #218838; 
}\n  
`]\n})[32m[37m\nexport 
class ProductsComponent...
        Γò╡               
                     
[32m^[0m


[31mX [41;31m[[41;97mER
ROR[41;31m][0m 
[1mTS1435: Unknown 
keyword or identifier. 
Did you mean 
'export'?[0m 
[1m[35m[plugin 
angular-compiler][0m

    src/app/components/pro
ducts/products.component.t
s:1:1851:
[37m      1 Γöé 
...ground: #218838; }\n  
`]\n})\[32mnexport[37m 
class ProductsComponent 
{\n...
        Γò╡               
                  
[32m~~~~~~~[0m


[31mX [41;31m[[41;97mER
ROR[41;31m][0m 
[1mTS2304: Cannot find 
name 'nexport'.[0m 
[1m[35m[plugin 
angular-compiler][0m

    src/app/components/pro
ducts/products.component.t
s:1:1851:
[37m      1 Γöé 
...ground: #218838; }\n  
`]\n})\[32mnexport[37m 
class ProductsComponent 
{\n...
        Γò╡               
                  
[32m~~~~~~~[0m


[31mX [41;31m[[41;97mER
ROR[41;31m][0m 
[1mTS1127: Invalid 
character.[0m 
[1m[35m[plugin 
angular-compiler][0m

    src/app/components/pro
ducts/products.component.t
s:1:1884:
[37m      1 Γöé 
...export class 
ProductsComponent 
{[32m[37m\n  
productService = 
inject(Prod...
        Γò╡               
                     
[32m^[0m


[31mX [41;31m[[41;97mER
ROR[41;31m][0m 
[1mTS1434: Unexpected 
keyword or 
identifier.[0m 
[1m[35m[plugin 
angular-compiler][0m

    src/app/components/pro
ducts/products.component.t
s:1:1885:
[37m      1 Γöé ...xport 
class ProductsComponent 
{\[32mn[37m  
productService = 
inject(Produ...
        Γò╡               
                     
[32m^[0m


[31mX [41;31m[[41;97mER
ROR[41;31m][0m 
[1mTS7008: Member 'n' 
implicitly has an 'any' 
type.[0m 
[1m[35m[plugin 
angular-compiler][0m

    src/app/components/pro
ducts/products.component.t
s:1:1885:
[37m      1 Γöé ...xport 
class ProductsComponent 
{\[32mn[37m  
productService = 
inject(Produ...
        Γò╡               
                     
[32m^[0m


[31mX [41;31m[[41;97mER
ROR[41;31m][0m 
[1mTS2304: Cannot find 
name 
'ProductService'.[0m 
[1m[35m[plugin 
angular-compiler][0m

    src/app/components/pro
ducts/products.component.t
s:1:1912:
[37m      1 Γöé ... 
productService = inject([
32mProductService[37m);\n
  orderService = inje...
        Γò╡               
              
[32m~~~~~~~~~~~~~~[0m


[31mX [41;31m[[41;97mER
ROR[41;31m][0m 
[1mTS1127: Invalid 
character.[0m 
[1m[35m[plugin 
angular-compiler][0m

    src/app/components/pro
ducts/products.component.t
s:1:1928:
[37m      1 Γöé 
...ervice = inject(Product
Service);[32m[37m\n  
orderService = 
inject(OrderS...
        Γò╡               
                     
[32m^[0m


[31mX [41;31m[[41;97mER
ROR[41;31m][0m 
[1mTS1434: Unexpected 
keyword or 
identifier.[0m 
[1m[35m[plugin 
angular-compiler][0m

    src/app/components/pro
ducts/products.component.t
s:1:1929:
[37m      1 Γöé ...rvice 
= inject(ProductService);\
[32mn[37m  orderService 
= inject(OrderSe...
        Γò╡               
                     
[32m^[0m


[31mX [41;31m[[41;97mER
ROR[41;31m][0m 
[1mTS2300: Duplicate 
identifier 'n'.[0m 
[1m[35m[plugin 
angular-compiler][0m

    src/app/components/pro
ducts/products.component.t
s:1:1929:
[37m      1 Γöé ...rvice 
= inject(ProductService);\
[32mn[37m  orderService 
= inject(OrderSe...
        Γò╡               
                     
[32m^[0m


[31mX [41;31m[[41;97mER
ROR[41;31m][0m 
[1mTS2304: Cannot find 
name 'OrderService'.[0m 
[1m[35m[plugin 
angular-compiler][0m

    src/app/components/pro
ducts/products.component.t
s:1:1954:
[37m      1 Γöé ...\n  
orderService = inject([32
mOrderService[37m);\n\n  
readonly products ...
        Γò╡               
               
[32m~~~~~~~~~~~~[0m


[31mX [41;31m[[41;97mER
ROR[41;31m][0m 
[1mTS1127: Invalid 
character.[0m 
[1m[35m[plugin 
angular-compiler][0m

    src/app/components/pro
ducts/products.component.t
s:1:1968:
[37m      1 Γöé 
...rService = inject(Order
Service);[32m[37m\n\n  
readonly products = 
this.p...
        Γò╡               
                     
[32m^[0m


[31mX [41;31m[[41;97mER
ROR[41;31m][0m 
[1mTS2300: Duplicate 
identifier 'n'.[0m 
[1m[35m[plugin 
angular-compiler][0m

    src/app/components/pro
ducts/products.component.t
s:1:1969:
[37m      1 Γöé 
...Service = inject(OrderS
ervice);\[32mn[37m\n  
readonly products = 
this.pr...
        Γò╡               
                     
[32m^[0m


[31mX [41;31m[[41;97mER
ROR[41;31m][0m 
[1mTS1127: Invalid 
character.[0m 
[1m[35m[plugin 
angular-compiler][0m

    src/app/components/pro
ducts/products.component.t
s:1:1970:
[37m      1 Γöé 
...ervice = inject(OrderSe
rvice);\n[32m[37m\n  
readonly products = 
this.pro...
        Γò╡               
                     
[32m^[0m


[31mX [41;31m[[41;97mER
ROR[41;31m][0m 
[1mTS1434: Unexpected 
keyword or 
identifier.[0m 
[1m[35m[plugin 
angular-compiler][0m

    src/app/components/pro
ducts/products.component.t
s:1:1971:
[37m      1 Γöé ...rvice 
= inject(OrderService);\n\
[32mn[37m  readonly 
products = this.prod...
        Γò╡               
                     
[32m^[0m


[31mX [41;31m[[41;97mER
ROR[41;31m][0m 
[1mTS2300: Duplicate 
identifier 'n'.[0m 
[1m[35m[plugin 
angular-compiler][0m

    src/app/components/pro
ducts/products.component.t
s:1:1971:
[37m      1 Γöé ...rvice 
= inject(OrderService);\n\
[32mn[37m  readonly 
products = this.prod...
        Γò╡               
                     
[32m^[0m


[31mX [41;31m[[41;97mER
ROR[41;31m][0m 
[1mTS2571: Object is of 
type 'unknown'.[0m 
[1m[35m[plugin 
angular-compiler][0m

    src/app/components/pro
ducts/products.component.t
s:1:1994:
[37m      1 Γöé ...n  
readonly products = [32mt
his.productService[37m.pr
oducts;\n\n  addToC...
        Γò╡               
            [32m~~~~~~~~~
~~~~~~~~~~[0m


[31mX [41;31m[[41;97mER
ROR[41;31m][0m 
[1mTS1127: Invalid 
character.[0m 
[1m[35m[plugin 
angular-compiler][0m

    src/app/components/pro
ducts/products.component.t
s:1:2023:
[37m      1 Γöé ... = thi
s.productService.products;
[32m[37m\n\n  
addToCart(product: 
Product...
        Γò╡               
                     
[32m^[0m


[31mX [41;31m[[41;97mER
ROR[41;31m][0m 
[1mTS2300: Duplicate 
identifier 'n'.[0m 
[1m[35m[plugin 
angular-compiler][0m

    src/app/components/pro
ducts/products.component.t
s:1:2024:
[37m      1 Γöé ...= this
.productService.products;\
[32mn[37m\n  
addToCart(product: 
Product)...
        Γò╡               
                     
[32m^[0m


[31mX [41;31m[[41;97mER
ROR[41;31m][0m 
[1mTS1127: Invalid 
character.[0m 
[1m[35m[plugin 
angular-compiler][0m

    src/app/components/pro
ducts/products.component.t
s:1:2025:
[37m      1 Γöé ... this.
productService.products;\n
[32m[37m\n  
addToCart(product: 
Product) ...
        Γò╡               
                     
[32m^[0m


[31mX [41;31m[[41;97mER
ROR[41;31m][0m 
[1mTS1434: Unexpected 
keyword or 
identifier.[0m 
[1m[35m[plugin 
angular-compiler][0m

    src/app/components/pro
ducts/products.component.t
s:1:2026:
[37m      1 Γöé ...this.p
roductService.products;\n\
[32mn[37m  
addToCart(product: 
Product) {...
        Γò╡               
                     
[32m^[0m


[31mX [41;31m[[41;97mER
ROR[41;31m][0m 
[1mTS2300: Duplicate 
identifier 'n'.[0m 
[1m[35m[plugin 
angular-compiler][0m

    src/app/components/pro
ducts/products.component.t
s:1:2026:
[37m      1 Γöé ...this.p
roductService.products;\n\
[32mn[37m  
addToCart(product: 
Product) {...
        Γò╡               
                     
[32m^[0m


[31mX [41;31m[[41;97mER
ROR[41;31m][0m 
[1mTS2304: Cannot find 
name 'Product'.[0m 
[1m[35m[plugin 
angular-compiler][0m

    src/app/components/pro
ducts/products.component.t
s:1:2048:
[37m      1 Γöé 
...cts;\n\n  
addToCart(product: 
[32mProduct[37m) {\n    
this.orderService.a...
        Γò╡               
                  
[32m~~~~~~~[0m


[31mX [41;31m[[41;97mER
ROR[41;31m][0m 
[1mTS1127: Invalid 
character.[0m 
[1m[35m[plugin 
angular-compiler][0m

    src/app/components/pro
ducts/products.component.t
s:1:2058:
[37m      1 Γöé ...n  
addToCart(product: 
Product) {[32m[37m\n    
this.orderService.addToCar
...
        Γò╡               
                     
[32m^[0m


[31mX [41;31m[[41;97mER
ROR[41;31m][0m 
[1mTS1434: Unexpected 
keyword or 
identifier.[0m 
[1m[35m[plugin 
angular-compiler][0m

    src/app/components/pro
ducts/products.component.t
s:1:2059:
[37m      1 Γöé ...  
addToCart(product: 
Product) {\[32mn[37m    
this.orderService.addToCar
t...
        Γò╡               
                     
[32m^[0m


[31mX [41;31m[[41;97mER
ROR[41;31m][0m 
[1mTS2663: Cannot find 
name 'n'. Did you mean 
the instance member 
'this.n'?[0m 
[1m[35m[plugin 
angular-compiler][0m

    src/app/components/pro
ducts/products.component.t
s:1:2059:
[37m      1 Γöé ...  
addToCart(product: 
Product) {\[32mn[37m    
this.orderService.addToCar
t...
        Γò╡               
                     
[32m^[0m


[31mX [41;31m[[41;97mER
ROR[41;31m][0m 
[1mTS2571: Object is of 
type 'unknown'.[0m 
[1m[35m[plugin 
angular-compiler][0m

    src/app/components/pro
ducts/products.component.t
s:1:2064:
[37m      1 Γöé 
...roduct: Product) {\n   
 [32mthis.orderService[3
7m.addToCart(product);\n 
...
        Γò╡               
             
[32m~~~~~~~~~~~~~~~~~[0m


[31mX [41;31m[[41;97mER
ROR[41;31m][0m 
[1mTS1127: Invalid 
character.[0m 
[1m[35m[plugin 
angular-compiler][0m

    src/app/components/pro
ducts/products.component.t
s:1:2101:
[37m      1 Γöé ...orderS
ervice.addToCart(product);
[32m[37m\n    
alert(`${product.name} 
add...
        Γò╡               
                     
[32m^[0m


[31mX [41;31m[[41;97mER
ROR[41;31m][0m 
[1mTS1434: Unexpected 
keyword or 
identifier.[0m 
[1m[35m[plugin 
angular-compiler][0m

    src/app/components/pro
ducts/products.component.t
s:1:2102:
[37m      1 Γöé ...rderSe
rvice.addToCart(product);\
[32mn[37m    
alert(`${product.name} 
adde...
        Γò╡               
                     
[32m^[0m


[31mX [41;31m[[41;97mER
ROR[41;31m][0m 
[1mTS2663: Cannot find 
name 'n'. Did you mean 
the instance member 
'this.n'?[0m 
[1m[35m[plugin 
angular-compiler][0m

    src/app/components/pro
ducts/products.component.t
s:1:2102:
[37m      1 Γöé ...rderSe
rvice.addToCart(product);\
[32mn[37m    
alert(`${product.name} 
adde...
        Γò╡               
                     
[32m^[0m


[31mX [41;31m[[41;97mER
ROR[41;31m][0m 
[1mTS1127: Invalid 
character.[0m 
[1m[35m[plugin 
angular-compiler][0m

    src/app/components/pro
ducts/products.component.t
s:1:2147:
[37m      1 Γöé 
...t(product);\n    
alert(`${product.name} 
added to 
cart!`);[32m[37m\n  
}\n}\n
        Γò╡               
                          
                    
[32m^[0m


[31mX [41;31m[[41;97mER
ROR[41;31m][0m 
[1mTS2663: Cannot find 
name 'n'. Did you mean 
the instance member 
'this.n'?[0m 
[1m[35m[plugin 
angular-compiler][0m

    src/app/components/pro
ducts/products.component.t
s:1:2148:
[37m      1 Γöé 
...t(product);\n    
alert(`${product.name} 
added to 
cart!`);\[32mn[37m  
}\n}\n
        Γò╡               
                          
                     
[32m^[0m


[31mX [41;31m[[41;97mER
ROR[41;31m][0m 
[1mTS1127: Invalid 
character.[0m 
[1m[35m[plugin 
angular-compiler][0m

    src/app/components/pro
ducts/products.component.t
s:1:2152:
[37m      1 Γöé 
...t(product);\n    
alert(`${product.name} 
added to cart!`);\n  
}[32m[37m\n}\n
        Γò╡               
                          
                         
[32m^[0m


[31mX [41;31m[[41;97mER
ROR[41;31m][0m 
[1mTS2300: Duplicate 
identifier 'n'.[0m 
[1m[35m[plugin 
angular-compiler][0m

    src/app/components/pro
ducts/products.component.t
s:1:2153:
[37m      1 Γöé 
...t(product);\n    
alert(`${product.name} 
added to cart!`);\n  
}\[32mn[37m}\n
        Γò╡               
                          
                          
[32m^[0m


[31mX [41;31m[[41;97mER
ROR[41;31m][0m 
[1mTS1127: Invalid 
character.[0m 
[1m[35m[plugin 
angular-compiler][0m

    src/app/components/pro
ducts/products.component.t
s:1:2155:
[37m      1 Γöé 
...t(product);\n    
alert(`${product.name} 
added to cart!`);\n  
}\n}[32m[37m\n
        Γò╡               
                          
                          
  [32m^[0m


[31mX [41;31m[[41;97mER
ROR[41;31m][0m 
[1mTS2304: Cannot find 
name 'n'.[0m 
[1m[35m[plugin 
angular-compiler][0m

    src/app/components/pro
ducts/products.component.t
s:1:2156:
[37m      1 Γöé 
...t(product);\n    
alert(`${product.name} 
added to cart!`);\n  
}\n}\[32mn[37m
        Γò╡               
                          
                          
   [32m^[0m


[31mX [41;31m[[41;97mER
ROR[41;31m][0m 
[1mTS1127: Invalid 
character.[0m 
[1m[35m[plugin 
angular-compiler][0m

    src/app/models/order.m
odel.ts:1:42:
[37m      1 Γöé 
...roduct } from './produc
t.model';[32m[37m\n\nexp
ort interface OrderItem 
{...
        Γò╡               
                     
[32m^[0m


[31mX [41;31m[[41;97mER
ROR[41;31m][0m 
[1mTS2304: Cannot find 
name 'n'.[0m 
[1m[35m[plugin 
angular-compiler][0m

    src/app/models/order.m
odel.ts:1:43:
[37m      1 Γöé ...oduct 
} from './product.model';\
[32mn[37m\nexport 
interface OrderItem {\...
        Γò╡               
                     
[32m^[0m


[31mX [41;31m[[41;97mER
ROR[41;31m][0m 
[1mTS1127: Invalid 
character.[0m 
[1m[35m[plugin 
angular-compiler][0m

    src/app/models/order.m
odel.ts:1:44:
[37m      1 Γöé ...duct 
} from './product.model';\
n[32m[37m\nexport 
interface OrderItem {\n...
        Γò╡               
                     
[32m^[0m


[31mX [41;31m[[41;97mER
ROR[41;31m][0m 
[1mTS1435: Unknown 
keyword or identifier. 
Did you mean 
'export'?[0m 
[1m[35m[plugin 
angular-compiler][0m

    src/app/models/order.m
odel.ts:1:45:
[37m      1 Γöé ... } 
from './product.model';\n\
[32mnexport[37m 
interface OrderItem {\n  
pr...
        Γò╡               
                  
[32m~~~~~~~[0m


[31mX [41;31m[[41;97mER
ROR[41;31m][0m 
[1mTS2304: Cannot find 
name 'nexport'.[0m 
[1m[35m[plugin 
angular-compiler][0m

    src/app/models/order.m
odel.ts:1:45:
[37m      1 Γöé ... } 
from './product.model';\n\
[32mnexport[37m 
interface OrderItem {\n  
pr...
        Γò╡               
                  
[32m~~~~~~~[0m


[31mX [41;31m[[41;97mER
ROR[41;31m][0m 
[1mTS1127: Invalid 
character.[0m 
[1m[35m[plugin 
angular-compiler][0m

    src/app/models/order.m
odel.ts:1:74:
[37m      1 Γöé 
...\n\nexport interface 
OrderItem {[32m[37m\n  
product: Product;\n  
quantit...
        Γò╡               
                     
[32m^[0m


[31mX [41;31m[[41;97mER
ROR[41;31m][0m 
[1mTS1131: Property or 
signature expected.[0m 
[1m[35m[plugin 
angular-compiler][0m

    src/app/models/order.m
odel.ts:1:75:
[37m      1 Γöé 
...n\nexport interface 
OrderItem {\[32mn[37m  
product: Product;\n  
quantity...
        Γò╡               
                     
[32m^[0m


[31mX [41;31m[[41;97mER
ROR[41;31m][0m 
[1mTS2304: Cannot find 
name 'n'.[0m 
[1m[35m[plugin 
angular-compiler][0m

    src/app/models/order.m
odel.ts:1:75:
[37m      1 Γöé 
...n\nexport interface 
OrderItem {\[32mn[37m  
product: Product;\n  
quantity...
        Γò╡               
                     
[32m^[0m


[31mX [41;31m[[41;97mER
ROR[41;31m][0m 
[1mTS2693: 'Product' 
only refers to a type, 
but is being used as a 
value here.[0m 
[1m[35m[plugin 
angular-compiler][0m

    src/app/models/order.m
odel.ts:1:87:
[37m      1 Γöé ...face 
OrderItem {\n  product: 
[32mProduct[37m;\n  
quantity: number;\n  su...
        Γò╡               
                  
[32m~~~~~~~[0m


[31mX [41;31m[[41;97mER
ROR[41;31m][0m 
[1mTS1127: Invalid 
character.[0m 
[1m[35m[plugin 
angular-compiler][0m

    src/app/models/order.m
odel.ts:1:95:
[37m      1 Γöé 
...OrderItem {\n  
product: 
Product;[32m[37m\n  
quantity: number;\n  
subtota...
        Γò╡               
                     
[32m^[0m


[31mX [41;31m[[41;97mER
ROR[41;31m][0m 
[1mTS1434: Unexpected 
keyword or 
identifier.[0m 
[1m[35m[plugin 
angular-compiler][0m

    src/app/models/order.m
odel.ts:1:96:
[37m      1 Γöé 
...rderItem {\n  product: 
Product;\[32mn[37m  
quantity: number;\n  
subtotal...
        Γò╡               
                     
[32m^[0m


[31mX [41;31m[[41;97mER
ROR[41;31m][0m 
[1mTS2304: Cannot find 
name 'n'.[0m 
[1m[35m[plugin 
angular-compiler][0m

    src/app/models/order.m
odel.ts:1:96:
[37m      1 Γöé 
...rderItem {\n  product: 
Product;\[32mn[37m  
quantity: number;\n  
subtotal...
        Γò╡               
                     
[32m^[0m


[31mX [41;31m[[41;97mER
ROR[41;31m][0m 
[1mTS2693: 'number' only 
refers to a type, but is 
being used as a value 
here.[0m 
[1m[35m[plugin 
angular-compiler][0m

    src/app/models/order.m
odel.ts:1:109:
[37m      1 Γöé 
...oduct: Product;\n  
quantity: 
[32mnumber[37m;\n  
subtotal: 
number;\n}\n\n...
        Γò╡               
                  
[32m~~~~~~[0m


[31mX [41;31m[[41;97mER
ROR[41;31m][0m 
[1mTS1127: Invalid 
character.[0m 
[1m[35m[plugin 
angular-compiler][0m

    src/app/models/order.m
odel.ts:1:116:
[37m      1 Γöé ...t: 
Product;\n  quantity: 
number;[32m[37m\n  
subtotal: 
number;\n}\n\nexpo...
        Γò╡               
                     
[32m^[0m


[31mX [41;31m[[41;97mER
ROR[41;31m][0m 
[1mTS1434: Unexpected 
keyword or 
identifier.[0m 
[1m[35m[plugin 
angular-compiler][0m

    src/app/models/order.m
odel.ts:1:117:
[37m      1 Γöé ...: 
Product;\n  quantity: 
number;\[32mn[37m  
subtotal: 
number;\n}\n\nexpor...
        Γò╡               
                     
[32m^[0m


[31mX [41;31m[[41;97mER
ROR[41;31m][0m 
[1mTS2304: Cannot find 
name 'n'.[0m 
[1m[35m[plugin 
angular-compiler][0m

    src/app/models/order.m
odel.ts:1:117:
[37m      1 Γöé ...: 
Product;\n  quantity: 
number;\[32mn[37m  
subtotal: 
number;\n}\n\nexpor...
        Γò╡               
                     
[32m^[0m


[31mX [41;31m[[41;97mER
ROR[41;31m][0m 
[1mTS2693: 'number' only 
refers to a type, but is 
being used as a value 
here.[0m 
[1m[35m[plugin 
angular-compiler][0m

    src/app/models/order.m
odel.ts:1:130:
[37m      1 Γöé 
...antity: number;\n  
subtotal: [32mnumber[37m
;\n}\n\nexport interface 
Orde...
        Γò╡               
                  
[32m~~~~~~[0m


[31mX [41;31m[[41;97mER
ROR[41;31m][0m 
[1mTS1127: Invalid 
character.[0m 
[1m[35m[plugin 
angular-compiler][0m

    src/app/models/order.m
odel.ts:1:137:
[37m      1 Γöé ...ty: 
number;\n  subtotal: numbe
r;[32m[37m\n}\n\nexport 
interface Order {\...
        Γò╡               
                     
[32m^[0m


[31mX [41;31m[[41;97mER
ROR[41;31m][0m 
[1mTS2304: Cannot find 
name 'n'.[0m 
[1m[35m[plugin 
angular-compiler][0m

    src/app/models/order.m
odel.ts:1:138:
[37m      1 Γöé ...y: 
number;\n  subtotal: numbe
r;\[32mn[37m}\n\nexport 
interface Order {\n...
        Γò╡               
                     
[32m^[0m


[31mX [41;31m[[41;97mER
ROR[41;31m][0m 
[1mTS1128: Declaration 
or statement 
expected.[0m 
[1m[35m[plugin 
angular-compiler][0m

    src/app/models/order.m
odel.ts:1:139:
[37m      1 Γöé ...: 
number;\n  subtotal: numbe
r;\n[32m}[37m\n\nexport 
interface Order {\n ...
        Γò╡               
                     
[32m^[0m


[31mX [41;31m[[41;97mER
ROR[41;31m][0m 
[1mTS1127: Invalid 
character.[0m 
[1m[35m[plugin 
angular-compiler][0m

    src/app/models/order.m
odel.ts:1:140:
[37m      1 Γöé ... 
number;\n  subtotal: numbe
r;\n}[32m[37m\n\nexport 
interface Order {\n  ...
        Γò╡               
                     
[32m^[0m


[31mX [41;31m[[41;97mER
ROR[41;31m][0m 
[1mTS2304: Cannot find 
name 'n'.[0m 
[1m[35m[plugin 
angular-compiler][0m

    src/app/models/order.m
odel.ts:1:141:
[37m      1 Γöé 
...number;\n  subtotal: nu
mber;\n}\[32mn[37m\nexpo
rt interface Order {\n  
i...
        Γò╡               
                     
[32m^[0m


[31mX [41;31m[[41;97mER
ROR[41;31m][0m 
[1mTS1127: Invalid 
character.[0m 
[1m[35m[plugin 
angular-compiler][0m

    src/app/models/order.m
odel.ts:1:142:
[37m      1 Γöé 
...umber;\n  subtotal: num
ber;\n}\n[32m[37m\nexpor
t interface Order {\n  
id...
        Γò╡               
                     
[32m^[0m


[31mX [41;31m[[41;97mER
ROR[41;31m][0m 
[1mTS1435: Unknown 
keyword or identifier. 
Did you mean 
'export'?[0m 
[1m[35m[plugin 
angular-compiler][0m

    src/app/models/order.m
odel.ts:1:143:
[37m      1 Γöé ...r;\n  
subtotal: number;\n}\n\[3
2mnexport[37m interface 
Order {\n  id: st...
        Γò╡               
                  
[32m~~~~~~~[0m


[31mX [41;31m[[41;97mER
ROR[41;31m][0m 
[1mTS2304: Cannot find 
name 'nexport'.[0m 
[1m[35m[plugin 
angular-compiler][0m

    src/app/models/order.m
odel.ts:1:143:
[37m      1 Γöé ...r;\n  
subtotal: number;\n}\n\[3
2mnexport[37m interface 
Order {\n  id: st...
        Γò╡               
                  
[32m~~~~~~~[0m


[31mX [41;31m[[41;97mER
ROR[41;31m][0m 
[1mTS1127: Invalid 
character.[0m 
[1m[35m[plugin 
angular-compiler][0m

    src/app/models/order.m
odel.ts:1:168:
[37m      1 Γöé 
...;\n}\n\nexport 
interface Order 
{[32m[37m\n  id: 
string;\n  userId: 
strin...
        Γò╡               
                     
[32m^[0m


[31mX [41;31m[[41;97mER
ROR[41;31m][0m 
[1mTS1131: Property or 
signature expected.[0m 
[1m[35m[plugin 
angular-compiler][0m

    src/app/models/order.m
odel.ts:1:169:
[37m      1 Γöé 
...\n}\n\nexport 
interface Order 
{\[32mn[37m  id: 
string;\n  userId: 
string...
        Γò╡               
                     
[32m^[0m


[31mX [41;31m[[41;97mER
ROR[41;31m][0m 
[1mTS2304: Cannot find 
name 'n'.[0m 
[1m[35m[plugin 
angular-compiler][0m

    src/app/models/order.m
odel.ts:1:169:
[37m      1 Γöé 
...\n}\n\nexport 
interface Order 
{\[32mn[37m  id: 
string;\n  userId: 
string...
        Γò╡               
                     
[32m^[0m


[31mX [41;31m[[41;97mER
ROR[41;31m][0m 
[1mTS2693: 'string' only 
refers to a type, but is 
being used as a value 
here.[0m 
[1m[35m[plugin 
angular-compiler][0m

    src/app/models/order.m
odel.ts:1:176:
[37m      1 Γöé ...ort 
interface Order {\n  id: 
[32mstring[37m;\n  
userId: string;\n  
items...
        Γò╡               
                  
[32m~~~~~~[0m


[31mX [41;31m[[41;97mER
ROR[41;31m][0m 
[1mTS1127: Invalid 
character.[0m 
[1m[35m[plugin 
angular-compiler][0m

    src/app/models/order.m
odel.ts:1:183:
[37m      1 Γöé 
...interface Order {\n  
id: string;[32m[37m\n  
userId: string;\n  items: 
Or...
        Γò╡               
                     
[32m^[0m


[31mX [41;31m[[41;97mER
ROR[41;31m][0m 
[1mTS1434: Unexpected 
keyword or 
identifier.[0m 
[1m[35m[plugin 
angular-compiler][0m

    src/app/models/order.m
odel.ts:1:184:
[37m      1 Γöé 
...nterface Order {\n  
id: string;\[32mn[37m  
userId: string;\n  items: 
Ord...
        Γò╡               
                     
[32m^[0m


[31mX [41;31m[[41;97mER
ROR[41;31m][0m 
[1mTS2304: Cannot find 
name 'n'.[0m 
[1m[35m[plugin 
angular-compiler][0m

    src/app/models/order.m
odel.ts:1:184:
[37m      1 Γöé 
...nterface Order {\n  
id: string;\[32mn[37m  
userId: string;\n  items: 
Ord...
        Γò╡               
                     
[32m^[0m


[31mX [41;31m[[41;97mER
ROR[41;31m][0m 
[1mTS2693: 'string' only 
refers to a type, but is 
being used as a value 
here.[0m 
[1m[35m[plugin 
angular-compiler][0m

    src/app/models/order.m
odel.ts:1:195:
[37m      1 Γöé ... {\n  
id: string;\n  userId: 
[32mstring[37m;\n  
items: OrderItem[];\n  
t...
        Γò╡               
                  
[32m~~~~~~[0m


[31mX [41;31m[[41;97mER
ROR[41;31m][0m 
[1mTS1127: Invalid 
character.[0m 
[1m[35m[plugin 
angular-compiler][0m

    src/app/models/order.m
odel.ts:1:202:
[37m      1 Γöé ...  id: 
string;\n  userId: 
string;[32m[37m\n  
items: OrderItem[];\n  
total...
        Γò╡               
                     
[32m^[0m


[31mX [41;31m[[41;97mER
ROR[41;31m][0m 
[1mTS1434: Unexpected 
keyword or 
identifier.[0m 
[1m[35m[plugin 
angular-compiler][0m

    src/app/models/order.m
odel.ts:1:203:
[37m      1 Γöé ... id: 
string;\n  userId: 
string;\[32mn[37m  
items: OrderItem[];\n  
totalA...
        Γò╡               
                     
[32m^[0m


[31mX [41;31m[[41;97mER
ROR[41;31m][0m 
[1mTS2304: Cannot find 
name 'n'.[0m 
[1m[35m[plugin 
angular-compiler][0m

    src/app/models/order.m
odel.ts:1:203:
[37m      1 Γöé ... id: 
string;\n  userId: 
string;\[32mn[37m  
items: OrderItem[];\n  
totalA...
        Γò╡               
                     
[32m^[0m


[31mX [41;31m[[41;97mER
ROR[41;31m][0m 
[1mTS2693: 'OrderItem' 
only refers to a type, 
but is being used as a 
value here.[0m 
[1m[35m[plugin 
angular-compiler][0m

    src/app/models/order.m
odel.ts:1:213:
[37m      1 Γöé ...  
userId: string;\n  items: 
[32mOrderItem[37m[];\n  
totalAmount: number;...
        Γò╡               
                 
[32m~~~~~~~~~[0m


[31mX [41;31m[[41;97mER
ROR[41;31m][0m 
[1mTS1011: An element 
access expression should 
take an argument.[0m 
[1m[35m[plugin 
angular-compiler][0m

    src/app/models/order.m
odel.ts:1:223:
[37m      1 Γöé ...Id: 
string;\n  items: 
OrderItem[[32m[37m];\n  
totalAmount: number;\n  
st...
        Γò╡               
                     
[32m^[0m


[31mX [41;31m[[41;97mER
ROR[41;31m][0m 
[1mTS1127: Invalid 
character.[0m 
[1m[35m[plugin 
angular-compiler][0m

    src/app/models/order.m
odel.ts:1:225:
[37m      1 Γöé ...: 
string;\n  items: 
OrderItem[];[32m[37m\n  
totalAmount: number;\n  
stat...
        Γò╡               
                     
[32m^[0m


[31mX [41;31m[[41;97mER
ROR[41;31m][0m 
[1mTS1434: Unexpected 
keyword or 
identifier.[0m 
[1m[35m[plugin 
angular-compiler][0m

    src/app/models/order.m
odel.ts:1:226:
[37m      1 Γöé ... 
string;\n  items: 
OrderItem[];\[32mn[37m  
totalAmount: number;\n  
statu...
        Γò╡               
                     
[32m^[0m


[31mX [41;31m[[41;97mER
ROR[41;31m][0m 
[1mTS2304: Cannot find 
name 'n'.[0m 
[1m[35m[plugin 
angular-compiler][0m

    src/app/models/order.m
odel.ts:1:226:
[37m      1 Γöé ... 
string;\n  items: 
OrderItem[];\[32mn[37m  
totalAmount: number;\n  
statu...
        Γò╡               
                     
[32m^[0m


[31mX [41;31m[[41;97mER
ROR[41;31m][0m 
[1mTS2693: 'number' only 
refers to a type, but is 
being used as a value 
here.[0m 
[1m[35m[plugin 
angular-compiler][0m

    src/app/models/order.m
odel.ts:1:242:
[37m      1 Γöé 
...OrderItem[];\n  
totalAmount: 
[32mnumber[37m;\n  
status: 'pending' | 
'pro...
        Γò╡               
                  
[32m~~~~~~[0m


[31mX [41;31m[[41;97mER
ROR[41;31m][0m 
[1mTS1127: Invalid 
character.[0m 
[1m[35m[plugin 
angular-compiler][0m

    src/app/models/order.m
odel.ts:1:249:
[37m      1 Γöé 
...rItem[];\n  
totalAmount: 
number;[32m[37m\n  
status: 'pending' | 
'process...
        Γò╡               
                     
[32m^[0m


[31mX [41;31m[[41;97mER
ROR[41;31m][0m 
[1mTS1434: Unexpected 
keyword or 
identifier.[0m 
[1m[35m[plugin 
angular-compiler][0m

    src/app/models/order.m
odel.ts:1:250:
[37m      1 Γöé 
...Item[];\n  
totalAmount: 
number;\[32mn[37m  
status: 'pending' | 
'processi...
        Γò╡               
                     
[32m^[0m


[31mX [41;31m[[41;97mER
ROR[41;31m][0m 
[1mTS2304: Cannot find 
name 'n'.[0m 
[1m[35m[plugin 
angular-compiler][0m

    src/app/models/order.m
odel.ts:1:250:
[37m      1 Γöé 
...Item[];\n  
totalAmount: 
number;\[32mn[37m  
status: 'pending' | 
'processi...
        Γò╡               
                     
[32m^[0m


[31mX [41;31m[[41;97mER
ROR[41;31m][0m 
[1mTS2362: The left-hand 
side of an arithmetic 
operation must be of type 
'any', 'number', 'bigint' 
or an enum type.[0m 
[1m[35m[plugin 
angular-compiler][0m

    src/app/models/order.m
odel.ts:1:261:
[37m      1 Γöé 
...lAmount: number;\n  
status: 
[32m'pending'[37m | 
'processing' | 
'shipped'...
        Γò╡               
                 
[32m~~~~~~~~~[0m


[31mX [41;31m[[41;97mER
ROR[41;31m][0m 
[1mTS2363: The 
right-hand side of an 
arithmetic operation must 
be of type 'any', 
'number', 'bigint' or an 
enum type.[0m 
[1m[35m[plugin 
angular-compiler][0m

    src/app/models/order.m
odel.ts:1:273:
[37m      1 Γöé ...r;\n  
status: 'pending' | 
[32m'processing'[37m | 
'shipped' | 'delivered'...
        Γò╡               
               
[32m~~~~~~~~~~~~[0m


[31mX [41;31m[[41;97mER
ROR[41;31m][0m 
[1mTS2363: The 
right-hand side of an 
arithmetic operation must 
be of type 'any', 
'number', 'bigint' or an 
enum type.[0m 
[1m[35m[plugin 
angular-compiler][0m

    src/app/models/order.m
odel.ts:1:288:
[37m      1 Γöé ... 
'pending' | 'processing' 
| [32m'shipped'[37m | 
'delivered' | 
'cancelled...
        Γò╡               
                 
[32m~~~~~~~~~[0m


[31mX [41;31m[[41;97mER
ROR[41;31m][0m 
[1mTS2363: The 
right-hand side of an 
arithmetic operation must 
be of type 'any', 
'number', 'bigint' or an 
enum type.[0m 
[1m[35m[plugin 
angular-compiler][0m

    src/app/models/order.m
odel.ts:1:300:
[37m      1 Γöé 
...'processing' | 
'shipped' | 
[32m'delivered'[37m | 
'cancelled';\n  orderDa...
        Γò╡               
                
[32m~~~~~~~~~~~[0m


[31mX [41;31m[[41;97mER
ROR[41;31m][0m 
[1mTS2363: The 
right-hand side of an 
arithmetic operation must 
be of type 'any', 
'number', 'bigint' or an 
enum type.[0m 
[1m[35m[plugin 
angular-compiler][0m

    src/app/models/order.m
odel.ts:1:314:
[37m      1 Γöé ... 
'shipped' | 'delivered' | 
[32m'cancelled'[37m;\n  
orderDate: string;\n}...
        Γò╡               
                
[32m~~~~~~~~~~~[0m


[31mX [41;31m[[41;97mER
ROR[41;31m][0m 
[1mTS1127: Invalid 
character.[0m 
[1m[35m[plugin 
angular-compiler][0m

    src/app/models/order.m
odel.ts:1:326:
[37m      1 Γöé ...ed' | 
'delivered' | 
'cancelled';[32m[37m\n  
orderDate: 
string;\n}\n\nexp...
        Γò╡               
                     
[32m^[0m


[31mX [41;31m[[41;97mER
ROR[41;31m][0m 
[1mTS1434: Unexpected 
keyword or 
identifier.[0m 
[1m[35m[plugin 
angular-compiler][0m

    src/app/models/order.m
odel.ts:1:327:
[37m      1 Γöé ...d' | 
'delivered' | 
'cancelled';\[32mn[37m  
orderDate: 
string;\n}\n\nexpo...
        Γò╡               
                     
[32m^[0m


[31mX [41;31m[[41;97mER
ROR[41;31m][0m 
[1mTS2304: Cannot find 
name 'n'.[0m 
[1m[35m[plugin 
angular-compiler][0m

    src/app/models/order.m
odel.ts:1:327:
[37m      1 Γöé ...d' | 
'delivered' | 
'cancelled';\[32mn[37m  
orderDate: 
string;\n}\n\nexpo...
        Γò╡               
                     
[32m^[0m


[31mX [41;31m[[41;97mER
ROR[41;31m][0m 
[1mTS2693: 'string' only 
refers to a type, but is 
being used as a value 
here.[0m 
[1m[35m[plugin 
angular-compiler][0m

    src/app/models/order.m
odel.ts:1:341:
[37m      1 Γöé ...| 
'cancelled';\n  
orderDate: [32mstring[37
m;\n}\n\nexport interface 
Cart...
        Γò╡               
                  
[32m~~~~~~[0m


[31mX [41;31m[[41;97mER
ROR[41;31m][0m 
[1mTS1127: Invalid 
character.[0m 
[1m[35m[plugin 
angular-compiler][0m

    src/app/models/order.m
odel.ts:1:348:
[37m      1 Γöé 
...ancelled';\n  
orderDate: string;[32m[3
7m\n}\n\nexport interface 
CartItem...
        Γò╡               
                     
[32m^[0m


[31mX [41;31m[[41;97mER
ROR[41;31m][0m 
[1mTS2304: Cannot find 
name 'n'.[0m 
[1m[35m[plugin 
angular-compiler][0m

    src/app/models/order.m
odel.ts:1:349:
[37m      1 Γöé 
...ncelled';\n  
orderDate: string;\[32mn
[37m}\n\nexport interface 
CartItem ...
        Γò╡               
                     
[32m^[0m


[31mX [41;31m[[41;97mER
ROR[41;31m][0m 
[1mTS1128: Declaration 
or statement 
expected.[0m 
[1m[35m[plugin 
angular-compiler][0m

    src/app/models/order.m
odel.ts:1:350:
[37m      1 Γöé 
...celled';\n  orderDate: 
string;\n[32m}[37m\n\nex
port interface CartItem 
{...
        Γò╡               
                     
[32m^[0m


[31mX [41;31m[[41;97mER
ROR[41;31m][0m 
[1mTS1127: Invalid 
character.[0m 
[1m[35m[plugin 
angular-compiler][0m

    src/app/models/order.m
odel.ts:1:351:
[37m      1 Γöé 
...elled';\n  orderDate: s
tring;\n}[32m[37m\n\nexp
ort interface CartItem 
{\...
        Γò╡               
                     
[32m^[0m


[31mX [41;31m[[41;97mER
ROR[41;31m][0m 
[1mTS2304: Cannot find 
name 'n'.[0m 
[1m[35m[plugin 
angular-compiler][0m

    src/app/models/order.m
odel.ts:1:352:
[37m      1 Γöé 
...lled';\n  orderDate: st
ring;\n}\[32mn[37m\nexpo
rt interface CartItem 
{\n...
        Γò╡               
                     
[32m^[0m


[31mX [41;31m[[41;97mER
ROR[41;31m][0m 
[1mTS1127: Invalid 
character.[0m 
[1m[35m[plugin 
angular-compiler][0m

    src/app/models/order.m
odel.ts:1:353:
[37m      1 Γöé 
...led';\n  orderDate: str
ing;\n}\n[32m[37m\nexpor
t interface CartItem {\n 
...
        Γò╡               
                     
[32m^[0m


[31mX [41;31m[[41;97mER
ROR[41;31m][0m 
[1mTS1435: Unknown 
keyword or identifier. 
Did you mean 
'export'?[0m 
[1m[35m[plugin 
angular-compiler][0m

    src/app/models/order.m
odel.ts:1:354:
[37m      1 Γöé ...;\n  
orderDate: string;\n}\n\[
32mnexport[37m interface 
CartItem {\n  pro...
        Γò╡               
                  
[32m~~~~~~~[0m


[31mX [41;31m[[41;97mER
ROR[41;31m][0m 
[1mTS2304: Cannot find 
name 'nexport'.[0m 
[1m[35m[plugin 
angular-compiler][0m

    src/app/models/order.m
odel.ts:1:354:
[37m      1 Γöé ...;\n  
orderDate: string;\n}\n\[
32mnexport[37m interface 
CartItem {\n  pro...
        Γò╡               
                  
[32m~~~~~~~[0m


[31mX [41;31m[[41;97mER
ROR[41;31m][0m 
[1mTS1127: Invalid 
character.[0m 
[1m[35m[plugin 
angular-compiler][0m

    src/app/models/order.m
odel.ts:1:382:
[37m      1 Γöé 
...}\n\nexport interface 
CartItem {[32m[37m\n  
product: Product;\n  
quantit...
        Γò╡               
                     
[32m^[0m


[31mX [41;31m[[41;97mER
ROR[41;31m][0m 
[1mTS1131: Property or 
signature expected.[0m 
[1m[35m[plugin 
angular-compiler][0m

    src/app/models/order.m
odel.ts:1:383:
[37m      1 Γöé 
...\n\nexport interface 
CartItem {\[32mn[37m  
product: Product;\n  
quantity...
        Γò╡               
                     
[32m^[0m


[31mX [41;31m[[41;97mER
ROR[41;31m][0m 
[1mTS2304: Cannot find 
name 'n'.[0m 
[1m[35m[plugin 
angular-compiler][0m

    src/app/models/order.m
odel.ts:1:383:
[37m      1 Γöé 
...\n\nexport interface 
CartItem {\[32mn[37m  
product: Product;\n  
quantity...
        Γò╡               
                     
[32m^[0m


[31mX [41;31m[[41;97mER
ROR[41;31m][0m 
[1mTS2693: 'Product' 
only refers to a type, 
but is being used as a 
value here.[0m 
[1m[35m[plugin 
angular-compiler][0m

    src/app/models/order.m
odel.ts:1:395:
[37m      1 Γöé 
...interface CartItem {\n 
 product: 
[32mProduct[37m;\n  
quantity: number;\n}\n
        Γò╡               
                      
[32m~~~~~~~[0m


[31mX [41;31m[[41;97mER
ROR[41;31m][0m 
[1mTS1127: Invalid 
character.[0m 
[1m[35m[plugin 
angular-compiler][0m

    src/app/models/order.m
odel.ts:1:403:
[37m      1 Γöé 
...interface CartItem {\n 
 product: 
Product;[32m[37m\n  
quantity: number;\n}\n
        Γò╡               
                          
    [32m^[0m


[31mX [41;31m[[41;97mER
ROR[41;31m][0m 
[1mTS1434: Unexpected 
keyword or 
identifier.[0m 
[1m[35m[plugin 
angular-compiler][0m

    src/app/models/order.m
odel.ts:1:404:
[37m      1 Γöé 
...interface CartItem {\n 
 product: 
Product;\[32mn[37m  
quantity: number;\n}\n
        Γò╡               
                          
     [32m^[0m


[31mX [41;31m[[41;97mER
ROR[41;31m][0m 
[1mTS2304: Cannot find 
name 'n'.[0m 
[1m[35m[plugin 
angular-compiler][0m

    src/app/models/order.m
odel.ts:1:404:
[37m      1 Γöé 
...interface CartItem {\n 
 product: 
Product;\[32mn[37m  
quantity: number;\n}\n
        Γò╡               
                          
     [32m^[0m


[31mX [41;31m[[41;97mER
ROR[41;31m][0m 
[1mTS2693: 'number' only 
refers to a type, but is 
being used as a value 
here.[0m 
[1m[35m[plugin 
angular-compiler][0m

    src/app/models/order.m
odel.ts:1:417:
[37m      1 Γöé 
...interface CartItem {\n 
 product: Product;\n  
quantity: 
[32mnumber[37m;\n}\n
        Γò╡               
                          
                  
[32m~~~~~~[0m


[31mX [41;31m[[41;97mER
ROR[41;31m][0m 
[1mTS1127: Invalid 
character.[0m 
[1m[35m[plugin 
angular-compiler][0m

    src/app/models/order.m
odel.ts:1:424:
[37m      1 Γöé 
...interface CartItem {\n 
 product: Product;\n  
quantity: 
number;[32m[37m\n}\n
        Γò╡               
                          
                         
[32m^[0m


[31mX [41;31m[[41;97mER
ROR[41;31m][0m 
[1mTS2304: Cannot find 
name 'n'.[0m 
[1m[35m[plugin 
angular-compiler][0m

    src/app/models/order.m
odel.ts:1:425:
[37m      1 Γöé 
...interface CartItem {\n 
 product: Product;\n  
quantity: 
number;\[32mn[37m}\n
        Γò╡               
                          
                          
[32m^[0m


[31mX [41;31m[[41;97mER
ROR[41;31m][0m 
[1mTS1128: Declaration 
or statement 
expected.[0m 
[1m[35m[plugin 
angular-compiler][0m

    src/app/models/order.m
odel.ts:1:426:
[37m      1 Γöé 
...interface CartItem {\n 
 product: Product;\n  
quantity: 
number;\n[32m}[37m\n
        Γò╡               
                          
                          
 [32m^[0m


[31mX [41;31m[[41;97mER
ROR[41;31m][0m 
[1mTS1127: Invalid 
character.[0m 
[1m[35m[plugin 
angular-compiler][0m

    src/app/models/order.m
odel.ts:1:427:
[37m      1 Γöé 
...interface CartItem {\n 
 product: Product;\n  
quantity: 
number;\n}[32m[37m\n
        Γò╡               
                          
                          
  [32m^[0m


[31mX [41;31m[[41;97mER
ROR[41;31m][0m 
[1mTS2304: Cannot find 
name 'n'.[0m 
[1m[35m[plugin 
angular-compiler][0m

    src/app/models/order.m
odel.ts:1:428:
[37m      1 Γöé 
...interface CartItem {\n 
 product: Product;\n  
quantity: 
number;\n}\[32mn[37m
        Γò╡               
                          
                          
   [32m^[0m


[31mX [41;31m[[41;97mER
ROR[41;31m][0m 
[1mTS1127: Invalid 
character.[0m 
[1m[35m[plugin 
angular-compiler][0m

    src/app/models/product
.model.ts:1:26:
[37m      1 Γöé export 
interface Product 
{[32m[37m\n  id: 
string;\n  name: 
string;\n  descr...
        Γò╡               
            [32m^[0m


[31mX [41;31m[[41;97mER
ROR[41;31m][0m 
[1mTS1131: Property or 
signature expected.[0m 
[1m[35m[plugin 
angular-compiler][0m

    src/app/models/product
.model.ts:1:27:
[37m      1 Γöé export 
interface Product 
{\[32mn[37m  id: 
string;\n  name: 
string;\n  descr...
        Γò╡               
             [32m^[0m


[31mX [41;31m[[41;97mER
ROR[41;31m][0m 
[1mTS2304: Cannot find 
name 'n'.[0m 
[1m[35m[plugin 
angular-compiler][0m

    src/app/models/product
.model.ts:1:27:
[37m      1 Γöé export 
interface Product 
{\[32mn[37m  id: 
string;\n  name: 
string;\n  descr...
        Γò╡               
             [32m^[0m


[31mX [41;31m[[41;97mER
ROR[41;31m][0m 
[1mTS2693: 'string' only 
refers to a type, but is 
being used as a value 
here.[0m 
[1m[35m[plugin 
angular-compiler][0m

    src/app/models/product
.model.ts:1:34:
[37m      1 Γöé ...t 
interface Product {\n  
id: [32mstring[37m;\n  
name: string;\n  
descrip...
        Γò╡               
                  
[32m~~~~~~[0m


[31mX [41;31m[[41;97mER
ROR[41;31m][0m 
[1mTS1127: Invalid 
character.[0m 
[1m[35m[plugin 
angular-compiler][0m

    src/app/models/product
.model.ts:1:41:
[37m      1 Γöé 
...terface Product {\n  
id: string;[32m[37m\n  
name: string;\n  
description...
        Γò╡               
                     
[32m^[0m


[31mX [41;31m[[41;97mER
ROR[41;31m][0m 
[1mTS1434: Unexpected 
keyword or 
identifier.[0m 
[1m[35m[plugin 
angular-compiler][0m

    src/app/models/product
.model.ts:1:42:
[37m      1 Γöé 
...erface Product {\n  
id: string;\[32mn[37m  
name: string;\n  
description:...
        Γò╡               
                     
[32m^[0m


[31mX [41;31m[[41;97mER
ROR[41;31m][0m 
[1mTS2304: Cannot find 
name 'n'.[0m 
[1m[35m[plugin 
angular-compiler][0m

    src/app/models/product
.model.ts:1:42:
[37m      1 Γöé 
...erface Product {\n  
id: string;\[32mn[37m  
name: string;\n  
description:...
        Γò╡               
                     
[32m^[0m


[31mX [41;31m[[41;97mER
ROR[41;31m][0m 
[1mTS2693: 'string' only 
refers to a type, but is 
being used as a value 
here.[0m 
[1m[35m[plugin 
angular-compiler][0m

    src/app/models/product
.model.ts:1:51:
[37m      1 Γöé ...ct 
{\n  id: string;\n  name: 
[32mstring[37m;\n  
description: string;\n  
...
        Γò╡               
                  
[32m~~~~~~[0m


[31mX [41;31m[[41;97mER
ROR[41;31m][0m 
[1mTS1127: Invalid 
character.[0m 
[1m[35m[plugin 
angular-compiler][0m

    src/app/models/product
.model.ts:1:58:
[37m      1 Γöé ...\n  
id: string;\n  name: 
string;[32m[37m\n  
description: string;\n  
pric...
        Γò╡               
                     
[32m^[0m


[31mX [41;31m[[41;97mER
ROR[41;31m][0m 
[1mTS1434: Unexpected 
keyword or 
identifier.[0m 
[1m[35m[plugin 
angular-compiler][0m

    src/app/models/product
.model.ts:1:59:
[37m      1 Γöé ...n  
id: string;\n  name: 
string;\[32mn[37m  
description: string;\n  
price...
        Γò╡               
                     
[32m^[0m


[31mX [41;31m[[41;97mER
ROR[41;31m][0m 
[1mTS2304: Cannot find 
name 'n'.[0m 
[1m[35m[plugin 
angular-compiler][0m

    src/app/models/product
.model.ts:1:59:
[37m      1 Γöé ...n  
id: string;\n  name: 
string;\[32mn[37m  
description: string;\n  
price...
        Γò╡               
                     
[32m^[0m


[31mX [41;31m[[41;97mER
ROR[41;31m][0m 
[1mTS2693: 'string' only 
refers to a type, but is 
being used as a value 
here.[0m 
[1m[35m[plugin 
angular-compiler][0m

    src/app/models/product
.model.ts:1:75:
[37m      1 Γöé ...ame: 
string;\n  description: 
[32mstring[37m;\n  
price: number;\n  
imageU...
        Γò╡               
                  
[32m~~~~~~[0m


[31mX [41;31m[[41;97mER
ROR[41;31m][0m 
[1mTS1127: Invalid 
character.[0m 
[1m[35m[plugin 
angular-compiler][0m

    src/app/models/product
.model.ts:1:82:
[37m      1 Γöé ... 
string;\n  description: 
string;[32m[37m\n  
price: number;\n  
imageUrl: ...
        Γò╡               
                     
[32m^[0m


[31mX [41;31m[[41;97mER
ROR[41;31m][0m 
[1mTS1434: Unexpected 
keyword or 
identifier.[0m 
[1m[35m[plugin 
angular-compiler][0m

    src/app/models/product
.model.ts:1:83:
[37m      1 Γöé 
...string;\n  
description: 
string;\[32mn[37m  
price: number;\n  
imageUrl: s...
        Γò╡               
                     
[32m^[0m


[31mX [41;31m[[41;97mER
ROR[41;31m][0m 
[1mTS2304: Cannot find 
name 'n'.[0m 
[1m[35m[plugin 
angular-compiler][0m

    src/app/models/product
.model.ts:1:83:
[37m      1 Γöé 
...string;\n  
description: 
string;\[32mn[37m  
price: number;\n  
imageUrl: s...
        Γò╡               
                     
[32m^[0m


[31mX [41;31m[[41;97mER
ROR[41;31m][0m 
[1mTS2693: 'number' only 
refers to a type, but is 
being used as a value 
here.[0m 
[1m[35m[plugin 
angular-compiler][0m

    src/app/models/product
.model.ts:1:93:
[37m      1 Γöé 
...scription: string;\n  
price: 
[32mnumber[37m;\n  
imageUrl: string;\n  
cat...
        Γò╡               
                  
[32m~~~~~~[0m


[31mX [41;31m[[41;97mER
ROR[41;31m][0m 
[1mTS1127: Invalid 
character.[0m 
[1m[35m[plugin 
angular-compiler][0m

    src/app/models/product
.model.ts:1:100:
[37m      1 Γöé 
...ption: string;\n  
price: 
number;[32m[37m\n  
imageUrl: string;\n  
categor...
        Γò╡               
                     
[32m^[0m


[31mX [41;31m[[41;97mER
ROR[41;31m][0m 
[1mTS1434: Unexpected 
keyword or 
identifier.[0m 
[1m[35m[plugin 
angular-compiler][0m

    src/app/models/product
.model.ts:1:101:
[37m      1 Γöé ...tion: 
string;\n  price: 
number;\[32mn[37m  
imageUrl: string;\n  
category...
        Γò╡               
                     
[32m^[0m


[31mX [41;31m[[41;97mER
ROR[41;31m][0m 
[1mTS2304: Cannot find 
name 'n'.[0m 
[1m[35m[plugin 
angular-compiler][0m

    src/app/models/product
.model.ts:1:101:
[37m      1 Γöé ...tion: 
string;\n  price: 
number;\[32mn[37m  
imageUrl: string;\n  
category...
        Γò╡               
                     
[32m^[0m


[31mX [41;31m[[41;97mER
ROR[41;31m][0m 
[1mTS2693: 'string' only 
refers to a type, but is 
being used as a value 
here.[0m 
[1m[35m[plugin 
angular-compiler][0m

    src/app/models/product
.model.ts:1:114:
[37m      1 Γöé ... 
price: number;\n  
imageUrl: 
[32mstring[37m;\n  
category: string;\n  
sto...
        Γò╡               
                  
[32m~~~~~~[0m


[31mX [41;31m[[41;97mER
ROR[41;31m][0m 
[1mTS1127: Invalid 
character.[0m 
[1m[35m[plugin 
angular-compiler][0m

    src/app/models/product
.model.ts:1:121:
[37m      1 Γöé ...ce: 
number;\n  imageUrl: 
string;[32m[37m\n  
category: string;\n  
stock: ...
        Γò╡               
                     
[32m^[0m


[31mX [41;31m[[41;97mER
ROR[41;31m][0m 
[1mTS1434: Unexpected 
keyword or 
identifier.[0m 
[1m[35m[plugin 
angular-compiler][0m

    src/app/models/product
.model.ts:1:122:
[37m      1 Γöé ...e: 
number;\n  imageUrl: 
string;\[32mn[37m  
category: string;\n  
stock: n...
        Γò╡               
                     
[32m^[0m


[31mX [41;31m[[41;97mER
ROR[41;31m][0m 
[1mTS2304: Cannot find 
name 'n'.[0m 
[1m[35m[plugin 
angular-compiler][0m

    src/app/models/product
.model.ts:1:122:
[37m      1 Γöé ...e: 
number;\n  imageUrl: 
string;\[32mn[37m  
category: string;\n  
stock: n...
        Γò╡               
                     
[32m^[0m


[31mX [41;31m[[41;97mER
ROR[41;31m][0m 
[1mTS2693: 'string' only 
refers to a type, but is 
being used as a value 
here.[0m 
[1m[35m[plugin 
angular-compiler][0m

    src/app/models/product
.model.ts:1:135:
[37m      1 Γöé ...r;\n  
imageUrl: string;\n  
category: 
[32mstring[37m;\n  
stock: number;\n}\n
        Γò╡               
                          
[32m~~~~~~[0m


[31mX [41;31m[[41;97mER
ROR[41;31m][0m 
[1mTS1127: Invalid 
character.[0m 
[1m[35m[plugin 
angular-compiler][0m

    src/app/models/product
.model.ts:1:142:
[37m      1 Γöé ...r;\n  
imageUrl: string;\n  
category: 
string;[32m[37m\n  
stock: number;\n}\n
        Γò╡               
                          
       [32m^[0m


[31mX [41;31m[[41;97mER
ROR[41;31m][0m 
[1mTS1434: Unexpected 
keyword or 
identifier.[0m 
[1m[35m[plugin 
angular-compiler][0m

    src/app/models/product
.model.ts:1:143:
[37m      1 Γöé ...r;\n  
imageUrl: string;\n  
category: 
string;\[32mn[37m  
stock: number;\n}\n
        Γò╡               
                          
        [32m^[0m


[31mX [41;31m[[41;97mER
ROR[41;31m][0m 
[1mTS2304: Cannot find 
name 'n'.[0m 
[1m[35m[plugin 
angular-compiler][0m

    src/app/models/product
.model.ts:1:143:
[37m      1 Γöé ...r;\n  
imageUrl: string;\n  
category: 
string;\[32mn[37m  
stock: number;\n}\n
        Γò╡               
                          
        [32m^[0m


[31mX [41;31m[[41;97mER
ROR[41;31m][0m 
[1mTS2693: 'number' only 
refers to a type, but is 
being used as a value 
here.[0m 
[1m[35m[plugin 
angular-compiler][0m

    src/app/models/product
.model.ts:1:153:
[37m      1 Γöé ...r;\n  
imageUrl: string;\n  
category: string;\n  
stock: 
[32mnumber[37m;\n}\n
        Γò╡               
                          
                  
[32m~~~~~~[0m


[31mX [41;31m[[41;97mER
ROR[41;31m][0m 
[1mTS1127: Invalid 
character.[0m 
[1m[35m[plugin 
angular-compiler][0m

    src/app/models/product
.model.ts:1:160:
[37m      1 Γöé ...r;\n  
imageUrl: string;\n  
category: string;\n  
stock: 
number;[32m[37m\n}\n
        Γò╡               
                          
                         
[32m^[0m


[31mX [41;31m[[41;97mER
ROR[41;31m][0m 
[1mTS2304: Cannot find 
name 'n'.[0m 
[1m[35m[plugin 
angular-compiler][0m

    src/app/models/product
.model.ts:1:161:
[37m      1 Γöé ...r;\n  
imageUrl: string;\n  
category: string;\n  
stock: 
number;\[32mn[37m}\n
        Γò╡               
                          
                          
[32m^[0m


[31mX [41;31m[[41;97mER
ROR[41;31m][0m 
[1mTS1128: Declaration 
or statement 
expected.[0m 
[1m[35m[plugin 
angular-compiler][0m

    src/app/models/product
.model.ts:1:162:
[37m      1 Γöé ...r;\n  
imageUrl: string;\n  
category: string;\n  
stock: 
number;\n[32m}[37m\n
        Γò╡               
                          
                          
 [32m^[0m


[31mX [41;31m[[41;97mER
ROR[41;31m][0m 
[1mTS1127: Invalid 
character.[0m 
[1m[35m[plugin 
angular-compiler][0m

    src/app/models/product
.model.ts:1:163:
[37m      1 Γöé ...r;\n  
imageUrl: string;\n  
category: string;\n  
stock: 
number;\n}[32m[37m\n
        Γò╡               
                          
                          
  [32m^[0m


[31mX [41;31m[[41;97mER
ROR[41;31m][0m 
[1mTS2304: Cannot find 
name 'n'.[0m 
[1m[35m[plugin 
angular-compiler][0m

    src/app/models/product
.model.ts:1:164:
[37m      1 Γöé ...r;\n  
imageUrl: string;\n  
category: string;\n  
stock: 
number;\n}\[32mn[37m
        Γò╡               
                          
                          
   [32m^[0m


[31mX [41;31m[[41;97mER
ROR[41;31m][0m 
[1mTS1127: Invalid 
character.[0m 
[1m[35m[plugin 
angular-compiler][0m

    src/app/models/user.mo
del.ts:1:23:
[37m      1 Γöé export 
interface User 
{[32m[37m\n  id: 
string;\n  email: 
string;\n  firstNa...
        Γò╡               
         [32m^[0m


[31mX [41;31m[[41;97mER
ROR[41;31m][0m 
[1mTS1131: Property or 
signature expected.[0m 
[1m[35m[plugin 
angular-compiler][0m

    src/app/models/user.mo
del.ts:1:24:
[37m      1 Γöé export 
interface User 
{\[32mn[37m  id: 
string;\n  email: 
string;\n  firstNa...
        Γò╡               
          [32m^[0m


[31mX [41;31m[[41;97mER
ROR[41;31m][0m 
[1mTS2304: Cannot find 
name 'n'.[0m 
[1m[35m[plugin 
angular-compiler][0m

    src/app/models/user.mo
del.ts:1:24:
[37m      1 Γöé export 
interface User 
{\[32mn[37m  id: 
string;\n  email: 
string;\n  firstNa...
        Γò╡               
          [32m^[0m


[31mX [41;31m[[41;97mER
ROR[41;31m][0m 
[1mTS2693: 'string' only 
refers to a type, but is 
being used as a value 
here.[0m 
[1m[35m[plugin 
angular-compiler][0m

    src/app/models/user.mo
del.ts:1:31:
[37m      1 Γöé export 
interface User {\n  id: 
[32mstring[37m;\n  
email: string;\n  
firstNa...
        Γò╡               
                 
[32m~~~~~~[0m


[31mX [41;31m[[41;97mER
ROR[41;31m][0m 
[1mTS1127: Invalid 
character.[0m 
[1m[35m[plugin 
angular-compiler][0m

    src/app/models/user.mo
del.ts:1:38:
[37m      1 Γöé ... 
interface User {\n  id: 
string;[32m[37m\n  
email: string;\n  
firstName:...
        Γò╡               
                     
[32m^[0m


[31mX [41;31m[[41;97mER
ROR[41;31m][0m 
[1mTS1434: Unexpected 
keyword or 
identifier.[0m 
[1m[35m[plugin 
angular-compiler][0m

    src/app/models/user.mo
del.ts:1:39:
[37m      1 Γöé 
...interface User {\n  
id: string;\[32mn[37m  
email: string;\n  
firstName: ...
        Γò╡               
                     
[32m^[0m


[31mX [41;31m[[41;97mER
ROR[41;31m][0m 
[1mTS2304: Cannot find 
name 'n'.[0m 
[1m[35m[plugin 
angular-compiler][0m

    src/app/models/user.mo
del.ts:1:39:
[37m      1 Γöé 
...interface User {\n  
id: string;\[32mn[37m  
email: string;\n  
firstName: ...
        Γò╡               
                     
[32m^[0m


[31mX [41;31m[[41;97mER
ROR[41;31m][0m 
[1mTS2693: 'string' only 
refers to a type, but is 
being used as a value 
here.[0m 
[1m[35m[plugin 
angular-compiler][0m

    src/app/models/user.mo
del.ts:1:49:
[37m      1 Γöé ...r {\n 
 id: string;\n  email: 
[32mstring[37m;\n  
firstName: string;\n  
la...
        Γò╡               
                  
[32m~~~~~~[0m


[31mX [41;31m[[41;97mER
ROR[41;31m][0m 
[1mTS1127: Invalid 
character.[0m 
[1m[35m[plugin 
angular-compiler][0m

    src/app/models/user.mo
del.ts:1:56:
[37m      1 Γöé ...n  
id: string;\n  email: 
string;[32m[37m\n  
firstName: string;\n  
lastNa...
        Γò╡               
                     
[32m^[0m


[31mX [41;31m[[41;97mER
ROR[41;31m][0m 
[1mTS1434: Unexpected 
keyword or 
identifier.[0m 
[1m[35m[plugin 
angular-compiler][0m

    src/app/models/user.mo
del.ts:1:57:
[37m      1 Γöé ...  id: 
string;\n  email: 
string;\[32mn[37m  
firstName: string;\n  
lastNam...
        Γò╡               
                     
[32m^[0m


[31mX [41;31m[[41;97mER
ROR[41;31m][0m 
[1mTS2304: Cannot find 
name 'n'.[0m 
[1m[35m[plugin 
angular-compiler][0m

    src/app/models/user.mo
del.ts:1:57:
[37m      1 Γöé ...  id: 
string;\n  email: 
string;\[32mn[37m  
firstName: string;\n  
lastNam...
        Γò╡               
                     
[32m^[0m


[31mX [41;31m[[41;97mER
ROR[41;31m][0m 
[1mTS2693: 'string' only 
refers to a type, but is 
being used as a value 
here.[0m 
[1m[35m[plugin 
angular-compiler][0m

    src/app/models/user.mo
del.ts:1:71:
[37m      1 Γöé 
...email: string;\n  
firstName: 
[32mstring[37m;\n  
lastName: string;\n  
rol...
        Γò╡               
                  
[32m~~~~~~[0m


[31mX [41;31m[[41;97mER
ROR[41;31m][0m 
[1mTS1127: Invalid 
character.[0m 
[1m[35m[plugin 
angular-compiler][0m

    src/app/models/user.mo
del.ts:1:78:
[37m      1 Γöé ...l: 
string;\n  firstName: 
string;[32m[37m\n  
lastName: string;\n  
role: '...
        Γò╡               
                     
[32m^[0m


[31mX [41;31m[[41;97mER
ROR[41;31m][0m 
[1mTS1434: Unexpected 
keyword or 
identifier.[0m 
[1m[35m[plugin 
angular-compiler][0m

    src/app/models/user.mo
del.ts:1:79:
[37m      1 Γöé ...: 
string;\n  firstName: 
string;\[32mn[37m  
lastName: string;\n  
role: 'c...
        Γò╡               
                     
[32m^[0m


[31mX [41;31m[[41;97mER
ROR[41;31m][0m 
[1mTS2304: Cannot find 
name 'n'.[0m 
[1m[35m[plugin 
angular-compiler][0m

    src/app/models/user.mo
del.ts:1:79:
[37m      1 Γöé ...: 
string;\n  firstName: 
string;\[32mn[37m  
lastName: string;\n  
role: 'c...
        Γò╡               
                     
[32m^[0m


[31mX [41;31m[[41;97mER
ROR[41;31m][0m 
[1mTS2693: 'string' only 
refers to a type, but is 
being used as a value 
here.[0m 
[1m[35m[plugin 
angular-compiler][0m

    src/app/models/user.mo
del.ts:1:92:
[37m      1 Γöé 
...stName: string;\n  
lastName: 
[32mstring[37m;\n  
role: 'customer' | 
'admi...
        Γò╡               
                  
[32m~~~~~~[0m


[31mX [41;31m[[41;97mER
ROR[41;31m][0m 
[1mTS1127: Invalid 
character.[0m 
[1m[35m[plugin 
angular-compiler][0m

    src/app/models/user.mo
del.ts:1:99:
[37m      1 Γöé ...me: 
string;\n  lastName: 
string;[32m[37m\n  
role: 'customer' | 
'admin';\...
        Γò╡               
                     
[32m^[0m


[31mX [41;31m[[41;97mER
ROR[41;31m][0m 
[1mTS1434: Unexpected 
keyword or 
identifier.[0m 
[1m[35m[plugin 
angular-compiler][0m

    src/app/models/user.mo
del.ts:1:100:
[37m      1 Γöé ...e: 
string;\n  lastName: 
string;\[32mn[37m  
role: 'customer' | 
'admin';\n}\n
        Γò╡               
                     
[32m^[0m


[31mX [41;31m[[41;97mER
ROR[41;31m][0m 
[1mTS2304: Cannot find 
name 'n'.[0m 
[1m[35m[plugin 
angular-compiler][0m

    src/app/models/user.mo
del.ts:1:100:
[37m      1 Γöé ...e: 
string;\n  lastName: 
string;\[32mn[37m  
role: 'customer' | 
'admin';\n}\n
        Γò╡               
                     
[32m^[0m


[31mX [41;31m[[41;97mER
ROR[41;31m][0m 
[1mTS2362: The left-hand 
side of an arithmetic 
operation must be of type 
'any', 'number', 'bigint' 
or an enum type.[0m 
[1m[35m[plugin 
angular-compiler][0m

    src/app/models/user.mo
del.ts:1:109:
[37m      1 Γöé ...e: 
string;\n  lastName: 
string;\n  role: 
[32m'customer'[37m | 
'admin';\n}\n
        Γò╡               
                          
    [32m~~~~~~~~~~[0m


[31mX [41;31m[[41;97mER
ROR[41;31m][0m 
[1mTS2363: The 
right-hand side of an 
arithmetic operation must 
be of type 'any', 
'number', 'bigint' or an 
enum type.[0m 
[1m[35m[plugin 
angular-compiler][0m

    src/app/models/user.mo
del.ts:1:122:
[37m      1 Γöé ...e: 
string;\n  lastName: 
string;\n  role: 
'customer' | 
[32m'admin'[37m;\n}\n
        Γò╡               
                          
                 
[32m~~~~~~~[0m


[31mX [41;31m[[41;97mER
ROR[41;31m][0m 
[1mTS1127: Invalid 
character.[0m 
[1m[35m[plugin 
angular-compiler][0m

    src/app/models/user.mo
del.ts:1:130:
[37m      1 Γöé ...e: 
string;\n  lastName: 
string;\n  role: 
'customer' | 
'admin';[32m[37m\n}\n
        Γò╡               
                          
                         
[32m^[0m


[31mX [41;31m[[41;97mER
ROR[41;31m][0m 
[1mTS2304: Cannot find 
name 'n'.[0m 
[1m[35m[plugin 
angular-compiler][0m

    src/app/models/user.mo
del.ts:1:131:
[37m      1 Γöé ...e: 
string;\n  lastName: 
string;\n  role: 
'customer' | 
'admin';\[32mn[37m}\n
        Γò╡               
                          
                          
[32m^[0m


[31mX [41;31m[[41;97mER
ROR[41;31m][0m 
[1mTS1128: Declaration 
or statement 
expected.[0m 
[1m[35m[plugin 
angular-compiler][0m

    src/app/models/user.mo
del.ts:1:132:
[37m      1 Γöé ...e: 
string;\n  lastName: 
string;\n  role: 
'customer' | 
'admin';\n[32m}[37m\n
        Γò╡               
                          
                          
 [32m^[0m


[31mX [41;31m[[41;97mER
ROR[41;31m][0m 
[1mTS1127: Invalid 
character.[0m 
[1m[35m[plugin 
angular-compiler][0m

    src/app/models/user.mo
del.ts:1:133:
[37m      1 Γöé ...e: 
string;\n  lastName: 
string;\n  role: 
'customer' | 
'admin';\n}[32m[37m\n
        Γò╡               
                          
                          
  [32m^[0m


[31mX [41;31m[[41;97mER
ROR[41;31m][0m 
[1mTS2304: Cannot find 
name 'n'.[0m 
[1m[35m[plugin 
angular-compiler][0m

    src/app/models/user.mo
del.ts:1:134:
[37m      1 Γöé ...e: 
string;\n  lastName: 
string;\n  role: 
'customer' | 
'admin';\n}\[32mn[37m
        Γò╡               
                          
                          
   [32m^[0m


[31mX [41;31m[[41;97mER
ROR[41;31m][0m 
[1mTS1127: Invalid 
character.[0m 
[1m[35m[plugin 
angular-compiler][0m

    src/app/services/auth.
service.ts:1:51:
[37m      1 Γöé ..., 
signal } from '@angular/co
re';[32m[37m\nimport { 
User } from '../model...
        Γò╡               
                     
[32m^[0m


[31mX [41;31m[[41;97mER
ROR[41;31m][0m 
[1mTS1435: Unknown 
keyword or identifier. 
Did you mean 
'import'?[0m 
[1m[35m[plugin 
angular-compiler][0m

    src/app/services/auth.
service.ts:1:52:
[37m      1 Γöé ...gnal 
} from '@angular/core';\[
32mnimport[37m { User } 
from '../models/us...
        Γò╡               
                  
[32m~~~~~~~[0m


[31mX [41;31m[[41;97mER
ROR[41;31m][0m 
[1mTS2304: Cannot find 
name 'nimport'.[0m 
[1m[35m[plugin 
angular-compiler][0m

    src/app/services/auth.
service.ts:1:52:
[37m      1 Γöé ...gnal 
} from '@angular/core';\[
32mnimport[37m { User } 
from '../models/us...
        Γò╡               
                  
[32m~~~~~~~[0m


[31mX [41;31m[[41;97mER
ROR[41;31m][0m 
[1mTS2304: Cannot find 
name 'User'.[0m 
[1m[35m[plugin 
angular-compiler][0m

    src/app/services/auth.
service.ts:1:62:
[37m      1 Γöé ...om 
'@angular/core';\nimport 
{ [32mUser[37m } from 
'../models/user.model'...
        Γò╡               
                   
[32m~~~~[0m


[31mX [41;31m[[41;97mER
ROR[41;31m][0m 
[1mTS1434: Unexpected 
keyword or 
identifier.[0m 
[1m[35m[plugin 
angular-compiler][0m

    src/app/services/auth.
service.ts:1:69:
[37m      1 Γöé 
...gular/core';\nimport { 
User } [32mfrom[37m '../
models/user.model';\n\n@I.
..
        Γò╡               
                   
[32m~~~~[0m


[31mX [41;31m[[41;97mER
ROR[41;31m][0m 
[1mTS2304: Cannot find 
name 'from'.[0m 
[1m[35m[plugin 
angular-compiler][0m

    src/app/services/auth.
service.ts:1:69:
[37m      1 Γöé 
...gular/core';\nimport { 
User } [32mfrom[37m '../
models/user.model';\n\n@I.
..
        Γò╡               
                   
[32m~~~~[0m


[31mX [41;31m[[41;97mER
ROR[41;31m][0m 
[1mTS1127: Invalid 
character.[0m 
[1m[35m[plugin 
angular-compiler][0m

    src/app/services/auth.
service.ts:1:97:
[37m      1 Γöé ...r } 
from '../models/user.model
';[32m[37m\n\n@Injectabl
e({\n  providedIn:...
        Γò╡               
                     
[32m^[0m


[31mX [41;31m[[41;97mER
ROR[41;31m][0m 
[1mTS2304: Cannot find 
name 'n'.[0m 
[1m[35m[plugin 
angular-compiler][0m

    src/app/services/auth.
service.ts:1:98:
[37m      1 Γöé ... } 
from '../models/user.model
';\[32mn[37m\n@Injectabl
e({\n  providedIn: ...
        Γò╡               
                     
[32m^[0m


[31mX [41;31m[[41;97mER
ROR[41;31m][0m 
[1mTS1127: Invalid 
character.[0m 
[1m[35m[plugin 
angular-compiler][0m

    src/app/services/auth.
service.ts:1:99:
[37m      1 Γöé ...} 
from '../models/user.model
';\n[32m[37m\n@Injectabl
e({\n  providedIn: '...
        Γò╡               
                     
[32m^[0m


[31mX [41;31m[[41;97mER
ROR[41;31m][0m 
[1mTS1434: Unexpected 
keyword or 
identifier.[0m 
[1m[35m[plugin 
angular-compiler][0m

    src/app/services/auth.
service.ts:1:100:
[37m      1 Γöé ... from 
'../models/user.model';\n\
[32mn[37m@Injectable({\n
  providedIn: 'r...
        Γò╡               
                     
[32m^[0m


[31mX [41;31m[[41;97mER
ROR[41;31m][0m 
[1mTS2304: Cannot find 
name 'n'.[0m 
[1m[35m[plugin 
angular-compiler][0m

    src/app/services/auth.
service.ts:1:100:
[37m      1 Γöé ... from 
'../models/user.model';\n\
[32mn[37m@Injectable({\n
  providedIn: 'r...
        Γò╡               
                     
[32m^[0m


[31mX [41;31m[[41;97mER
ROR[41;31m][0m 
[1mTS1127: Invalid 
character.[0m 
[1m[35m[plugin 
angular-compiler][0m

    src/app/services/auth.
service.ts:1:114:
[37m      1 Γöé ...ls/use
r.model';\n\n@Injectable({
[32m[37m\n  providedIn: 
'root'\n})\nexpo...
        Γò╡               
                     
[32m^[0m


[31mX [41;31m[[41;97mER
ROR[41;31m][0m 
[1mTS1005: ',' 
expected.[0m 
[1m[35m[plugin 
angular-compiler][0m

    src/app/services/auth.
service.ts:1:118:
[37m      1 Γöé ...odel';
\n\n@Injectable({\n  
[32mprovidedIn[37m: 
'root'\n})\nexport class 
...
        Γò╡               
                
[32m~~~~~~~~~~[0m


[31mX [41;31m[[41;97mER
ROR[41;31m][0m 
[1mTS1127: Invalid 
character.[0m 
[1m[35m[plugin 
angular-compiler][0m

    src/app/services/auth.
service.ts:1:136:
[37m      1 Γöé 
...jectable({\n  
providedIn: 'root'[32m[3
7m\n})\nexport class 
AuthService {...
        Γò╡               
                     
[32m^[0m


[31mX [41;31m[[41;97mER
ROR[41;31m][0m 
[1mTS1127: Invalid 
character.[0m 
[1m[35m[plugin 
angular-compiler][0m

    src/app/services/auth.
service.ts:1:140:
[37m      1 Γöé 
...able({\n  providedIn: '
root'\n})[32m[37m\nexpor
t class AuthService {\n  
...
        Γò╡               
                     
[32m^[0m


[31mX [41;31m[[41;97mER
ROR[41;31m][0m 
[1mTS1435: Unknown 
keyword or identifier. 
Did you mean 
'export'?[0m 
[1m[35m[plugin 
angular-compiler][0m

    src/app/services/auth.
service.ts:1:141:
[37m      1 Γöé ...({\n  
providedIn: 'root'\n})\[3
2mnexport[37m class 
AuthService {\n  priv...
        Γò╡               
                  
[32m~~~~~~~[0m


[31mX [41;31m[[41;97mER
ROR[41;31m][0m 
[1mTS2304: Cannot find 
name 'nexport'.[0m 
[1m[35m[plugin 
angular-compiler][0m

    src/app/services/auth.
service.ts:1:141:
[37m      1 Γöé ...({\n  
providedIn: 'root'\n})\[3
2mnexport[37m class 
AuthService {\n  priv...
        Γò╡               
                  
[32m~~~~~~~[0m


[31mX [41;31m[[41;97mER
ROR[41;31m][0m 
[1mTS1127: Invalid 
character.[0m 
[1m[35m[plugin 
angular-compiler][0m

    src/app/services/auth.
service.ts:1:168:
[37m      1 Γöé 
...\n})\nexport class 
AuthService {[32m[37m\n 
 private readonly 
currentUser...
        Γò╡               
                     
[32m^[0m


[31mX [41;31m[[41;97mER
ROR[41;31m][0m 
[1mTS1434: Unexpected 
keyword or 
identifier.[0m 
[1m[35m[plugin 
angular-compiler][0m

    src/app/services/auth.
service.ts:1:169:
[37m      1 Γöé 
...n})\nexport class 
AuthService {\[32mn[37m 
 private readonly 
currentUserS...
        Γò╡               
                     
[32m^[0m


[31mX [41;31m[[41;97mER
ROR[41;31m][0m 
[1mTS7008: Member 'n' 
implicitly has an 'any' 
type.[0m 
[1m[35m[plugin 
angular-compiler][0m

    src/app/services/auth.
service.ts:1:169:
[37m      1 Γöé 
...n})\nexport class 
AuthService {\[32mn[37m 
 private readonly 
currentUserS...
        Γò╡               
                     
[32m^[0m


[31mX [41;31m[[41;97mER
ROR[41;31m][0m 
[1mTS2304: Cannot find 
name 'User'.[0m 
[1m[35m[plugin 
angular-compiler][0m

    src/app/services/auth.
service.ts:1:216:
[37m      1 Γöé ...ly 
currentUserSignal = 
signal<[32mUser[37m | 
null>(null);\n\n  get 
curre...
        Γò╡               
                   
[32m~~~~[0m


[31mX [41;31m[[41;97mER
ROR[41;31m][0m 
[1mTS1127: Invalid 
character.[0m 
[1m[35m[plugin 
angular-compiler][0m

    src/app/services/auth.
service.ts:1:235:
[37m      1 Γöé ...nal = 
signal<User | null>(null);
[32m[37m\n\n  get 
currentUser() {\n    r...
        Γò╡               
                     
[32m^[0m


[31mX [41;31m[[41;97mER
ROR[41;31m][0m 
[1mTS2300: Duplicate 
identifier 'n'.[0m 
[1m[35m[plugin 
angular-compiler][0m

    src/app/services/auth.
service.ts:1:236:
[37m      1 Γöé ...al = 
signal<User | null>(null);
\[32mn[37m\n  get 
currentUser() {\n    re...
        Γò╡               
                     
[32m^[0m


[31mX [41;31m[[41;97mER
ROR[41;31m][0m 
[1mTS1127: Invalid 
character.[0m 
[1m[35m[plugin 
angular-compiler][0m

    src/app/services/auth.
service.ts:1:237:
[37m      1 Γöé ...l = 
signal<User | null>(null);
\n[32m[37m\n  get 
currentUser() {\n    
ret...
        Γò╡               
                     
[32m^[0m


[31mX [41;31m[[41;97mER
ROR[41;31m][0m 
[1mTS1434: Unexpected 
keyword or 
identifier.[0m 
[1m[35m[plugin 
angular-compiler][0m

    src/app/services/auth.
service.ts:1:238:
[37m      1 Γöé ... = 
signal<User | null>(null);
\n\[32mn[37m  get 
currentUser() {\n    
retu...
        Γò╡               
                     
[32m^[0m


[31mX [41;31m[[41;97mER
ROR[41;31m][0m 
[1mTS2300: Duplicate 
identifier 'n'.[0m 
[1m[35m[plugin 
angular-compiler][0m

    src/app/services/auth.
service.ts:1:238:
[37m      1 Γöé ... = 
signal<User | null>(null);
\n\[32mn[37m  get 
currentUser() {\n    
retu...
        Γò╡               
                     
[32m^[0m


[31mX [41;31m[[41;97mER
ROR[41;31m][0m 
[1mTS1127: Invalid 
character.[0m 
[1m[35m[plugin 
angular-compiler][0m

    src/app/services/auth.
service.ts:1:260:
[37m      1 Γöé 
...(null);\n\n  get 
currentUser() 
{[32m[37m\n    return 
this.currentUserSig...
        Γò╡               
                     
[32m^[0m


[31mX [41;31m[[41;97mER
ROR[41;31m][0m 
[1mTS1434: Unexpected 
keyword or 
identifier.[0m 
[1m[35m[plugin 
angular-compiler][0m

    src/app/services/auth.
service.ts:1:261:
[37m      1 Γöé 
...null);\n\n  get 
currentUser() 
{\[32mn[37m    return 
this.currentUserSign...
        Γò╡               
                     
[32m^[0m


[31mX [41;31m[[41;97mER
ROR[41;31m][0m 
[1mTS2663: Cannot find 
name 'n'. Did you mean 
the instance member 
'this.n'?[0m 
[1m[35m[plugin 
angular-compiler][0m

    src/app/services/auth.
service.ts:1:261:
[37m      1 Γöé 
...null);\n\n  get 
currentUser() 
{\[32mn[37m    return 
this.currentUserSign...
        Γò╡               
                     
[32m^[0m


[31mX [41;31m[[41;97mER
ROR[41;31m][0m 
[1mTS1127: Invalid 
character.[0m 
[1m[35m[plugin 
angular-compiler][0m

    src/app/services/auth.
service.ts:1:309:
[37m      1 Γöé ....curre
ntUserSignal.asReadonly();
[32m[37m\n  }\n\n  get 
isAuthenticated()...
        Γò╡               
                     
[32m^[0m


[31mX [41;31m[[41;97mER
ROR[41;31m][0m 
[1mTS2663: Cannot find 
name 'n'. Did you mean 
the instance member 
'this.n'?[0m 
[1m[35m[plugin 
angular-compiler][0m

    src/app/services/auth.
service.ts:1:310:
[37m      1 Γöé ...curren
tUserSignal.asReadonly();\
[32mn[37m  }\n\n  get 
isAuthenticated() ...
        Γò╡               
                     
[32m^[0m


[31mX [41;31m[[41;97mER
ROR[41;31m][0m 
[1mTS1127: Invalid 
character.[0m 
[1m[35m[plugin 
angular-compiler][0m

    src/app/services/auth.
service.ts:1:314:
[37m      1 Γöé ...entUse
rSignal.asReadonly();\n  
}[32m[37m\n\n  get 
isAuthenticated() {\n ...
        Γò╡               
                     
[32m^[0m


[31mX [41;31m[[41;97mER
ROR[41;31m][0m 
[1mTS2300: Duplicate 
identifier 'n'.[0m 
[1m[35m[plugin 
angular-compiler][0m

    src/app/services/auth.
service.ts:1:315:
[37m      1 Γöé ...ntUser
Signal.asReadonly();\n  
}\[32mn[37m\n  get 
isAuthenticated() {\n  ...
        Γò╡               
                     
[32m^[0m


[31mX [41;31m[[41;97mER
ROR[41;31m][0m 
[1mTS1127: Invalid 
character.[0m 
[1m[35m[plugin 
angular-compiler][0m

    src/app/services/auth.
service.ts:1:316:
[37m      1 Γöé ...tUserS
ignal.asReadonly();\n  
}\n[32m[37m\n  get 
isAuthenticated() {\n   
...
        Γò╡               
                     
[32m^[0m


[31mX [41;31m[[41;97mER
ROR[41;31m][0m 
[1mTS1434: Unexpected 
keyword or 
identifier.[0m 
[1m[35m[plugin 
angular-compiler][0m

    src/app/services/auth.
service.ts:1:317:
[37m      1 Γöé ...UserSi
gnal.asReadonly();\n  
}\n\[32mn[37m  get 
isAuthenticated() {\n    
...
        Γò╡               
                     
[32m^[0m


[31mX [41;31m[[41;97mER
ROR[41;31m][0m 
[1mTS2300: Duplicate 
identifier 'n'.[0m 
[1m[35m[plugin 
angular-compiler][0m

    src/app/services/auth.
service.ts:1:317:
[37m      1 Γöé ...UserSi
gnal.asReadonly();\n  
}\n\[32mn[37m  get 
isAuthenticated() {\n    
...
        Γò╡               
                     
[32m^[0m


[31mX [41;31m[[41;97mER
ROR[41;31m][0m 
[1mTS1127: Invalid 
character.[0m 
[1m[35m[plugin 
angular-compiler][0m

    src/app/services/auth.
service.ts:1:343:
[37m      1 Γöé ...  
}\n\n  get 
isAuthenticated() 
{[32m[37m\n    return 
!!this.currentUserS...
        Γò╡               
                     
[32m^[0m


[31mX [41;31m[[41;97mER
ROR[41;31m][0m 
[1mTS1434: Unexpected 
keyword or 
identifier.[0m 
[1m[35m[plugin 
angular-compiler][0m

    src/app/services/auth.
service.ts:1:344:
[37m      1 Γöé ... 
}\n\n  get 
isAuthenticated() 
{\[32mn[37m    return 
!!this.currentUserSi...
        Γò╡               
                     
[32m^[0m


[31mX [41;31m[[41;97mER
ROR[41;31m][0m 
[1mTS2663: Cannot find 
name 'n'. Did you mean 
the instance member 
'this.n'?[0m 
[1m[35m[plugin 
angular-compiler][0m

    src/app/services/auth.
service.ts:1:344:
[37m      1 Γöé ... 
}\n\n  get 
isAuthenticated() 
{\[32mn[37m    return 
!!this.currentUserSi...
        Γò╡               
                     
[32m^[0m


[31mX [41;31m[[41;97mER
ROR[41;31m][0m 
[1mTS1127: Invalid 
character.[0m 
[1m[35m[plugin 
angular-compiler][0m

    src/app/services/auth.
service.ts:1:383:
[37m      1 Γöé ...turn !
!this.currentUserSignal();
[32m[37m\n  }\n\n  
login(email: string, ...
        Γò╡               
                     
[32m^[0m


[31mX [41;31m[[41;97mER
ROR[41;31m][0m 
[1mTS2663: Cannot find 
name 'n'. Did you mean 
the instance member 
'this.n'?[0m 
[1m[35m[plugin 
angular-compiler][0m

    src/app/services/auth.
service.ts:1:384:
[37m      1 Γöé ...urn !!
this.currentUserSignal();\
[32mn[37m  }\n\n  
login(email: string, p...
        Γò╡               
                     
[32m^[0m


[31mX [41;31m[[41;97mER
ROR[41;31m][0m 
[1mTS1127: Invalid 
character.[0m 
[1m[35m[plugin 
angular-compiler][0m

    src/app/services/auth.
service.ts:1:388:
[37m      1 Γöé ...!!this
.currentUserSignal();\n  
}[32m[37m\n\n  
login(email: string, 
passw...
        Γò╡               
                     
[32m^[0m


[31mX [41;31m[[41;97mER
ROR[41;31m][0m 
[1mTS2300: Duplicate 
identifier 'n'.[0m 
[1m[35m[plugin 
angular-compiler][0m

    src/app/services/auth.
service.ts:1:389:
[37m      1 Γöé ...!this.
currentUserSignal();\n  
}\[32mn[37m\n  
login(email: string, 
passwo...
        Γò╡               
                     
[32m^[0m


[31mX [41;31m[[41;97mER
ROR[41;31m][0m 
[1mTS1127: Invalid 
character.[0m 
[1m[35m[plugin 
angular-compiler][0m

    src/app/services/auth.
service.ts:1:390:
[37m      1 Γöé ...this.c
urrentUserSignal();\n  
}\n[32m[37m\n  
login(email: string, 
passwor...
        Γò╡               
                     
[32m^[0m


[31mX [41;31m[[41;97mER
ROR[41;31m][0m 
[1mTS1434: Unexpected 
keyword or 
identifier.[0m 
[1m[35m[plugin 
angular-compiler][0m

    src/app/services/auth.
service.ts:1:391:
[37m      1 Γöé ...his.cu
rrentUserSignal();\n  
}\n\[32mn[37m  
login(email: string, 
password...
        Γò╡               
                     
[32m^[0m


[31mX [41;31m[[41;97mER
ROR[41;31m][0m 
[1mTS2300: Duplicate 
identifier 'n'.[0m 
[1m[35m[plugin 
angular-compiler][0m

    src/app/services/auth.
service.ts:1:391:
[37m      1 Γöé ...his.cu
rrentUserSignal();\n  
}\n\[32mn[37m  
login(email: string, 
password...
        Γò╡               
                     
[32m^[0m


[31mX [41;31m[[41;97mER
ROR[41;31m][0m 
[1mTS2355: A function 
whose declared type is 
neither 'undefined', 
'void', nor 'any' must 
return a value.[0m 
[1m[35m[plugin 
angular-compiler][0m

    src/app/services/auth.
service.ts:1:434:
[37m      1 Γöé ...ing, 
password: string): [32mPr
omise<boolean>[37m {\n   
 // Mock login lo...
        Γò╡               
             
[32m~~~~~~~~~~~~~~~~[0m


[31mX [41;31m[[41;97mER
ROR[41;31m][0m 
[1mTS1127: Invalid 
character.[0m 
[1m[35m[plugin 
angular-compiler][0m

    src/app/services/auth.
service.ts:1:452:
[37m      1 Γöé ...ord: 
string): Promise<boolean> 
{[32m[37m\n    // Mock 
login logic\n    r...
        Γò╡               
                     
[32m^[0m


[31mX [41;31m[[41;97mER
ROR[41;31m][0m 
[1mTS2663: Cannot find 
name 'n'. Did you mean 
the instance member 
'this.n'?[0m 
[1m[35m[plugin 
angular-compiler][0m

    src/app/services/auth.
service.ts:1:453:
[37m      1 Γöé ...rd: 
string): Promise<boolean> 
{\[32mn[37m    // Mock 
login logic\n    re...
        Γò╡               
                     
[32m^[0m


[31mX [41;31m[[41;97mER
ROR[41;31m][0m 
[1mTS1005: '}' 
expected.[0m 
[1m[35m[plugin 
angular-compiler][0m

    src/app/services/auth.
service.ts:2:0:
[37m      2 Γöé 
[32m[37m
        Γò╡ [32m^[0m

  The parser expected to 
find a '}' to match the 
'{' token here.

    src/app/services/auth.
service.ts:1:451:
[37m      1 Γöé ...word: 
string): Promise<boolean> 
[32m{[37m\n    // Mock 
login logic\n    ...
        Γò╡               
                     
[32m^[0m


[31mX [41;31m[[41;97mER
ROR[41;31m][0m 
[1mTS1127: Invalid 
character.[0m 
[1m[35m[plugin 
angular-compiler][0m

    src/app/services/order
.service.ts:1:61:
[37m      1 Γöé 
...computed } from '@angul
ar/core';[32m[37m\nimpor
t { Order, CartItem } 
fro...
        Γò╡               
                     
[32m^[0m


[31mX [41;31m[[41;97mER
ROR[41;31m][0m 
[1mTS1435: Unknown 
keyword or identifier. 
Did you mean 
'import'?[0m 
[1m[35m[plugin 
angular-compiler][0m

    src/app/services/order
.service.ts:1:62:
[37m      1 Γöé ...uted 
} from '@angular/core';\[
32mnimport[37m { Order, 
CartItem } from '....
        Γò╡               
                  
[32m~~~~~~~[0m


[31mX [41;31m[[41;97mER
ROR[41;31m][0m 
[1mTS2304: Cannot find 
name 'nimport'.[0m 
[1m[35m[plugin 
angular-compiler][0m

    src/app/services/order
.service.ts:1:62:
[37m      1 Γöé ...uted 
} from '@angular/core';\[
32mnimport[37m { Order, 
CartItem } from '....
        Γò╡               
                  
[32m~~~~~~~[0m


[31mX [41;31m[[41;97mER
ROR[41;31m][0m 
[1mTS2304: Cannot find 
name 'Order'.[0m 
[1m[35m[plugin 
angular-compiler][0m

    src/app/services/order
.service.ts:1:72:
[37m      1 Γöé ...om 
'@angular/core';\nimport 
{ [32mOrder[37m, 
CartItem } from 
'../models/...
        Γò╡               
                   
[32m~~~~~[0m


[31mX [41;31m[[41;97mER
ROR[41;31m][0m 
[1mTS2695: Left side of 
comma operator is unused 
and has no side 
effects.[0m 
[1m[35m[plugin 
angular-compiler][0m

    src/app/services/order
.service.ts:1:72:
[37m      1 Γöé ...om 
'@angular/core';\nimport 
{ [32mOrder[37m, 
CartItem } from 
'../models/...
        Γò╡               
                   
[32m~~~~~[0m


[31mX [41;31m[[41;97mER
ROR[41;31m][0m 
[1mTS2304: Cannot find 
name 'CartItem'.[0m 
[1m[35m[plugin 
angular-compiler][0m

    src/app/services/order
.service.ts:1:79:
[37m      1 Γöé 
...lar/core';\nimport { 
Order, [32mCartItem[37m 
} from 
'../models/order.mod...
        Γò╡               
                 
[32m~~~~~~~~[0m


[31mX [41;31m[[41;97mER
ROR[41;31m][0m 
[1mTS1434: Unexpected 
keyword or 
identifier.[0m 
[1m[35m[plugin 
angular-compiler][0m

    src/app/services/order
.service.ts:1:90:
[37m      1 Γöé 
...;\nimport { Order, 
CartItem } [32mfrom[37m 
'../models/order.model';\n
imp...
        Γò╡               
                   
[32m~~~~[0m


[31mX [41;31m[[41;97mER
ROR[41;31m][0m 
[1mTS2304: Cannot find 
name 'from'.[0m 
[1m[35m[plugin 
angular-compiler][0m

    src/app/services/order
.service.ts:1:90:
[37m      1 Γöé 
...;\nimport { Order, 
CartItem } [32mfrom[37m 
'../models/order.model';\n
imp...
        Γò╡               
                   
[32m~~~~[0m


[31mX [41;31m[[41;97mER
ROR[41;31m][0m 
[1mTS1127: Invalid 
character.[0m 
[1m[35m[plugin 
angular-compiler][0m

    src/app/services/order
.service.ts:1:119:
[37m      1 Γöé ... } 
from '../models/order.mode
l';[32m[37m\nimport { 
Product } from '../mo...
        Γò╡               
                     
[32m^[0m


[31mX [41;31m[[41;97mER
ROR[41;31m][0m 
[1mTS1435: Unknown 
keyword or identifier. 
Did you mean 
'import'?[0m 
[1m[35m[plugin 
angular-compiler][0m

    src/app/services/order
.service.ts:1:120:
[37m      1 Γöé ...rom '.
./models/order.model';\[3
2mnimport[37m { Product 
} from '../models...
        Γò╡               
                  
[32m~~~~~~~[0m


[31mX [41;31m[[41;97mER
ROR[41;31m][0m 
[1mTS2304: Cannot find 
name 'nimport'.[0m 
[1m[35m[plugin 
angular-compiler][0m

    src/app/services/order
.service.ts:1:120:
[37m      1 Γöé ...rom '.
./models/order.model';\[3
2mnimport[37m { Product 
} from '../models...
        Γò╡               
                  
[32m~~~~~~~[0m


[31mX [41;31m[[41;97mER
ROR[41;31m][0m 
[1mTS2304: Cannot find 
name 'Product'.[0m 
[1m[35m[plugin 
angular-compiler][0m

    src/app/services/order
.service.ts:1:130:
[37m      1 Γöé ...dels/o
rder.model';\nimport { 
[32mProduct[37m } from 
'../models/product.m...
        Γò╡               
                  
[32m~~~~~~~[0m


[31mX [41;31m[[41;97mER
ROR[41;31m][0m 
[1mTS1434: Unexpected 
keyword or 
identifier.[0m 
[1m[35m[plugin 
angular-compiler][0m

    src/app/services/order
.service.ts:1:140:
[37m      1 Γöé 
...r.model';\nimport { 
Product } [32mfrom[37m '
../models/product.model';\
n\...
        Γò╡               
                   
[32m~~~~[0m


[31mX [41;31m[[41;97mER
ROR[41;31m][0m 
[1mTS2304: Cannot find 
name 'from'.[0m 
[1m[35m[plugin 
angular-compiler][0m

    src/app/services/order
.service.ts:1:140:
[37m      1 Γöé 
...r.model';\nimport { 
Product } [32mfrom[37m '
../models/product.model';\
n\...
        Γò╡               
                   
[32m~~~~[0m


[31mX [41;31m[[41;97mER
ROR[41;31m][0m 
[1mTS1127: Invalid 
character.[0m 
[1m[35m[plugin 
angular-compiler][0m

    src/app/services/order
.service.ts:1:171:
[37m      1 Γöé ... from 
'../models/product.model';
[32m[37m\n\n@Injectable(
{\n  providedIn:...
        Γò╡               
                     
[32m^[0m


[31mX [41;31m[[41;97mER
ROR[41;31m][0m 
[1mTS2304: Cannot find 
name 'n'.[0m 
[1m[35m[plugin 
angular-compiler][0m

    src/app/services/order
.service.ts:1:172:
[37m      1 Γöé ...from '
../models/product.model';\
[32mn[37m\n@Injectable({
\n  providedIn: ...
        Γò╡               
                     
[32m^[0m


[31mX [41;31m[[41;97mER
ROR[41;31m][0m 
[1mTS1127: Invalid 
character.[0m 
[1m[35m[plugin 
angular-compiler][0m

    src/app/services/order
.service.ts:1:173:
[37m      1 Γöé ...rom '.
./models/product.model';\n
[32m[37m\n@Injectable({\
n  providedIn: '...
        Γò╡               
                     
[32m^[0m


[31mX [41;31m[[41;97mER
ROR[41;31m][0m 
[1mTS1434: Unexpected 
keyword or 
identifier.[0m 
[1m[35m[plugin 
angular-compiler][0m

    src/app/services/order
.service.ts:1:174:
[37m      1 Γöé ...om '..
/models/product.model';\n\
[32mn[37m@Injectable({\n
  providedIn: 'r...
        Γò╡               
                     
[32m^[0m


[31mX [41;31m[[41;97mER
ROR[41;31m][0m 
[1mTS2304: Cannot find 
name 'n'.[0m 
[1m[35m[plugin 
angular-compiler][0m

    src/app/services/order
.service.ts:1:174:
[37m      1 Γöé ...om '..
/models/product.model';\n\
[32mn[37m@Injectable({\n
  providedIn: 'r...
        Γò╡               
                     
[32m^[0m


[31mX [41;31m[[41;97mER
ROR[41;31m][0m 
[1mTS1127: Invalid 
character.[0m 
[1m[35m[plugin 
angular-compiler][0m

    src/app/services/order
.service.ts:1:188:
[37m      1 Γöé ...produc
t.model';\n\n@Injectable({
[32m[37m\n  providedIn: 
'root'\n})\nexpo...
        Γò╡               
                     
[32m^[0m


[31mX [41;31m[[41;97mER
ROR[41;31m][0m 
[1mTS1005: ',' 
expected.[0m 
[1m[35m[plugin 
angular-compiler][0m

    src/app/services/order
.service.ts:1:192:
[37m      1 Γöé ...odel';
\n\n@Injectable({\n  
[32mprovidedIn[37m: 
'root'\n})\nexport class 
...
        Γò╡               
                
[32m~~~~~~~~~~[0m


[31mX [41;31m[[41;97mER
ROR[41;31m][0m 
[1mTS1127: Invalid 
character.[0m 
[1m[35m[plugin 
angular-compiler][0m

    src/app/services/order
.service.ts:1:210:
[37m      1 Γöé 
...jectable({\n  
providedIn: 'root'[32m[3
7m\n})\nexport class 
OrderService ...
        Γò╡               
                     
[32m^[0m


[31mX [41;31m[[41;97mER
ROR[41;31m][0m 
[1mTS1127: Invalid 
character.[0m 
[1m[35m[plugin 
angular-compiler][0m

    src/app/services/order
.service.ts:1:214:
[37m      1 Γöé 
...able({\n  providedIn: '
root'\n})[32m[37m\nexpor
t class OrderService {\n 
...
        Γò╡               
                     
[32m^[0m


[31mX [41;31m[[41;97mER
ROR[41;31m][0m 
[1mTS1435: Unknown 
keyword or identifier. 
Did you mean 
'export'?[0m 
[1m[35m[plugin 
angular-compiler][0m

    src/app/services/order
.service.ts:1:215:
[37m      1 Γöé ...({\n  
providedIn: 'root'\n})\[3
2mnexport[37m class 
OrderService {\n  pri...
        Γò╡               
                  
[32m~~~~~~~[0m


[31mX [41;31m[[41;97mER
ROR[41;31m][0m 
[1mTS2304: Cannot find 
name 'nexport'.[0m 
[1m[35m[plugin 
angular-compiler][0m

    src/app/services/order
.service.ts:1:215:
[37m      1 Γöé ...({\n  
providedIn: 'root'\n})\[3
2mnexport[37m class 
OrderService {\n  pri...
        Γò╡               
                  
[32m~~~~~~~[0m


[31mX [41;31m[[41;97mER
ROR[41;31m][0m 
[1mTS1127: Invalid 
character.[0m 
[1m[35m[plugin 
angular-compiler][0m

    src/app/services/order
.service.ts:1:243:
[37m      1 Γöé 
...n})\nexport class 
OrderService 
{[32m[37m\n  private 
readonly cartItemsSi...
        Γò╡               
                     
[32m^[0m


[31mX [41;31m[[41;97mER
ROR[41;31m][0m 
[1mTS1434: Unexpected 
keyword or 
identifier.[0m 
[1m[35m[plugin 
angular-compiler][0m

    src/app/services/order
.service.ts:1:244:
[37m      1 Γöé 
...})\nexport class 
OrderService 
{\[32mn[37m  private 
readonly cartItemsSig...
        Γò╡               
                     
[32m^[0m


[31mX [41;31m[[41;97mER
ROR[41;31m][0m 
[1mTS7008: Member 'n' 
implicitly has an 'any' 
type.[0m 
[1m[35m[plugin 
angular-compiler][0m

    src/app/services/order
.service.ts:1:244:
[37m      1 Γöé 
...})\nexport class 
OrderService 
{\[32mn[37m  private 
readonly cartItemsSig...
        Γò╡               
                     
[32m^[0m


[31mX [41;31m[[41;97mER
ROR[41;31m][0m 
[1mTS2304: Cannot find 
name 'CartItem'.[0m 
[1m[35m[plugin 
angular-compiler][0m

    src/app/services/order
.service.ts:1:289:
[37m      1 Γöé ...ly 
cartItemsSignal = signal<
[32mCartItem[37m[]>([]);\
n  private readonly...
        Γò╡               
                 
[32m~~~~~~~~[0m


[31mX [41;31m[[41;97mER
ROR[41;31m][0m 
[1mTS1127: Invalid 
character.[0m 
[1m[35m[plugin 
angular-compiler][0m

    src/app/services/order
.service.ts:1:305:
[37m      1 Γöé 
...Signal = signal<CartIte
m[]>([]);[32m[37m\n  
private readonly 
userOrdersS...
        Γò╡               
                     
[32m^[0m


[31mX [41;31m[[41;97mER
ROR[41;31m][0m 
[1mTS1434: Unexpected 
keyword or 
identifier.[0m 
[1m[35m[plugin 
angular-compiler][0m

    src/app/services/order
.service.ts:1:306:
[37m      1 Γöé ...ignal 
= signal<CartItem[]>([]);\
[32mn[37m  private 
readonly userOrdersSi...
        Γò╡               
                     
[32m^[0m


[31mX [41;31m[[41;97mER
ROR[41;31m][0m 
[1mTS2300: Duplicate 
identifier 'n'.[0m 
[1m[35m[plugin 
angular-compiler][0m

    src/app/services/order
.service.ts:1:306:
[37m      1 Γöé ...ignal 
= signal<CartItem[]>([]);\
[32mn[37m  private 
readonly userOrdersSi...
        Γò╡               
                     
[32m^[0m


[31mX [41;31m[[41;97mER
ROR[41;31m][0m 
[1mTS2304: Cannot find 
name 'Order'.[0m 
[1m[35m[plugin 
angular-compiler][0m

    src/app/services/order
.service.ts:1:352:
[37m      1 Γöé ...nly 
userOrdersSignal = signal<
[32mOrder[37m[]>([]);\n\
n  get cartItems()...
        Γò╡               
                   
[32m~~~~~[0m


[31mX [41;31m[[41;97mER
ROR[41;31m][0m 
[1mTS1127: Invalid 
character.[0m 
[1m[35m[plugin 
angular-compiler][0m

    src/app/services/order
.service.ts:1:365:
[37m      1 Γöé 
...ersSignal = signal<Orde
r[]>([]);[32m[37m\n\n  
get cartItems() {\n    
ret...
        Γò╡               
                     
[32m^[0m


[31mX [41;31m[[41;97mER
ROR[41;31m][0m 
[1mTS2300: Duplicate 
identifier 'n'.[0m 
[1m[35m[plugin 
angular-compiler][0m

    src/app/services/order
.service.ts:1:366:
[37m      1 Γöé 
...rsSignal = signal<Order
[]>([]);\[32mn[37m\n  
get cartItems() {\n    
retu...
        Γò╡               
                     
[32m^[0m


[31mX [41;31m[[41;97mER
ROR[41;31m][0m 
[1mTS1127: Invalid 
character.[0m 
[1m[35m[plugin 
angular-compiler][0m

    src/app/services/order
.service.ts:1:367:
[37m      1 Γöé 
...sSignal = signal<Order[
]>([]);\n[32m[37m\n  
get cartItems() {\n    
retur...
        Γò╡               
                     
[32m^[0m


[31mX [41;31m[[41;97mER
ROR[41;31m][0m 
[1mTS1434: Unexpected 
keyword or 
identifier.[0m 
[1m[35m[plugin 
angular-compiler][0m

    src/app/services/order
.service.ts:1:368:
[37m      1 Γöé 
...Signal = signal<Order[]
>([]);\n\[32mn[37m  get 
cartItems() {\n    
return...
        Γò╡               
                     
[32m^[0m


[31mX [41;31m[[41;97mER
ROR[41;31m][0m 
[1mTS2300: Duplicate 
identifier 'n'.[0m 
[1m[35m[plugin 
angular-compiler][0m

    src/app/services/order
.service.ts:1:368:
[37m      1 Γöé 
...Signal = signal<Order[]
>([]);\n\[32mn[37m  get 
cartItems() {\n    
return...
        Γò╡               
                     
[32m^[0m


[31mX [41;31m[[41;97mER
ROR[41;31m][0m 
[1mTS1127: Invalid 
character.[0m 
[1m[35m[plugin 
angular-compiler][0m

    src/app/services/order
.service.ts:1:388:
[37m      1 Γöé 
...r[]>([]);\n\n  get 
cartItems() {[32m[37m\n 
   return 
this.cartItemsSigna...
        Γò╡               
                     
[32m^[0m


[31mX [41;31m[[41;97mER
ROR[41;31m][0m 
[1mTS1434: Unexpected 
keyword or 
identifier.[0m 
[1m[35m[plugin 
angular-compiler][0m

    src/app/services/order
.service.ts:1:389:
[37m      1 Γöé 
...[]>([]);\n\n  get 
cartItems() {\[32mn[37m 
   return 
this.cartItemsSignal...
        Γò╡               
                     
[32m^[0m


[31mX [41;31m[[41;97mER
ROR[41;31m][0m 
[1mTS2663: Cannot find 
name 'n'. Did you mean 
the instance member 
'this.n'?[0m 
[1m[35m[plugin 
angular-compiler][0m

    src/app/services/order
.service.ts:1:389:
[37m      1 Γöé 
...[]>([]);\n\n  get 
cartItems() {\[32mn[37m 
   return 
this.cartItemsSignal...
        Γò╡               
                     
[32m^[0m


[31mX [41;31m[[41;97mER
ROR[41;31m][0m 
[1mTS1127: Invalid 
character.[0m 
[1m[35m[plugin 
angular-compiler][0m

    src/app/services/order
.service.ts:1:435:
[37m      1 Γöé ...is.car
tItemsSignal.asReadonly();
[32m[37m\n  }\n\n  get 
userOrders() {\n ...
        Γò╡               
                     
[32m^[0m


[31mX [41;31m[[41;97mER
ROR[41;31m][0m 
[1mTS2663: Cannot find 
name 'n'. Did you mean 
the instance member 
'this.n'?[0m 
[1m[35m[plugin 
angular-compiler][0m

    src/app/services/order
.service.ts:1:436:
[37m      1 Γöé ...s.cart
ItemsSignal.asReadonly();\
[32mn[37m  }\n\n  get 
userOrders() {\n  ...
        Γò╡               
                     
[32m^[0m


[31mX [41;31m[[41;97mER
ROR[41;31m][0m 
[1mTS1127: Invalid 
character.[0m 
[1m[35m[plugin 
angular-compiler][0m

    src/app/services/order
.service.ts:1:440:
[37m      1 Γöé ...rtItem
sSignal.asReadonly();\n  
}[32m[37m\n\n  get 
userOrders() {\n    re...
        Γò╡               
                     
[32m^[0m


[31mX [41;31m[[41;97mER
ROR[41;31m][0m 
[1mTS2300: Duplicate 
identifier 'n'.[0m 
[1m[35m[plugin 
angular-compiler][0m

    src/app/services/order
.service.ts:1:441:
[37m      1 Γöé ...tItems
Signal.asReadonly();\n  
}\[32mn[37m\n  get 
userOrders() {\n    ret...
        Γò╡               
                     
[32m^[0m


[31mX [41;31m[[41;97mER
ROR[41;31m][0m 
[1mTS1127: Invalid 
character.[0m 
[1m[35m[plugin 
angular-compiler][0m

    src/app/services/order
.service.ts:1:442:
[37m      1 Γöé ...ItemsS
ignal.asReadonly();\n  
}\n[32m[37m\n  get 
userOrders() {\n    
retu...
        Γò╡               
                     
[32m^[0m


[31mX [41;31m[[41;97mER
ROR[41;31m][0m 
[1mTS1434: Unexpected 
keyword or 
identifier.[0m 
[1m[35m[plugin 
angular-compiler][0m

    src/app/services/order
.service.ts:1:443:
[37m      1 Γöé ...temsSi
gnal.asReadonly();\n  
}\n\[32mn[37m  get 
userOrders() {\n    
retur...
        Γò╡               
                     
[32m^[0m


[31mX [41;31m[[41;97mER
ROR[41;31m][0m 
[1mTS2300: Duplicate 
identifier 'n'.[0m 
[1m[35m[plugin 
angular-compiler][0m

    src/app/services/order
.service.ts:1:443:
[37m      1 Γöé ...temsSi
gnal.asReadonly();\n  
}\n\[32mn[37m  get 
userOrders() {\n    
retur...
        Γò╡               
                     
[32m^[0m


[31mX [41;31m[[41;97mER
ROR[41;31m][0m 
[1mTS1127: Invalid 
character.[0m 
[1m[35m[plugin 
angular-compiler][0m

    src/app/services/order
.service.ts:1:464:
[37m      1 Γöé ...();\n 
 }\n\n  get userOrders() 
{[32m[37m\n    return 
this.userOrdersSign...
        Γò╡               
                     
[32m^[0m


[31mX [41;31m[[41;97mER
ROR[41;31m][0m 
[1mTS1434: Unexpected 
keyword or 
identifier.[0m 
[1m[35m[plugin 
angular-compiler][0m

    src/app/services/order
.service.ts:1:465:
[37m      1 Γöé ...);\n  
}\n\n  get userOrders() 
{\[32mn[37m    return 
this.userOrdersSigna...
        Γò╡               
                     
[32m^[0m


[31mX [41;31m[[41;97mER
ROR[41;31m][0m 
[1mTS2663: Cannot find 
name 'n'. Did you mean 
the instance member 
'this.n'?[0m 
[1m[35m[plugin 
angular-compiler][0m

    src/app/services/order
.service.ts:1:465:
[37m      1 Γöé ...);\n  
}\n\n  get userOrders() 
{\[32mn[37m    return 
this.userOrdersSigna...
        Γò╡               
                     
[32m^[0m


[31mX [41;31m[[41;97mER
ROR[41;31m][0m 
[1mTS1127: Invalid 
character.[0m 
[1m[35m[plugin 
angular-compiler][0m

    src/app/services/order
.service.ts:1:512:
[37m      1 Γöé ...s.user
OrdersSignal.asReadonly();
[32m[37m\n  }\n\n  
readonly cartTotal = ...
        Γò╡               
                     
[32m^[0m


[31mX [41;31m[[41;97mER
ROR[41;31m][0m 
[1mTS2663: Cannot find 
name 'n'. Did you mean 
the instance member 
'this.n'?[0m 
[1m[35m[plugin 
angular-compiler][0m

    src/app/services/order
.service.ts:1:513:
[37m      1 Γöé ....userO
rdersSignal.asReadonly();\
[32mn[37m  }\n\n  
readonly cartTotal = c...
        Γò╡               
                     
[32m^[0m


[31mX [41;31m[[41;97mER
ROR[41;31m][0m 
[1mTS1127: Invalid 
character.[0m 
[1m[35m[plugin 
angular-compiler][0m

    src/app/services/order
.service.ts:1:517:
[37m      1 Γöé ...rOrder
sSignal.asReadonly();\n  
}[32m[37m\n\n  readonly 
cartTotal = compu...
        Γò╡               
                     
[32m^[0m


[31mX [41;31m[[41;97mER
ROR[41;31m][0m 
[1mTS2300: Duplicate 
identifier 'n'.[0m 
[1m[35m[plugin 
angular-compiler][0m

    src/app/services/order
.service.ts:1:518:
[37m      1 Γöé ...Orders
Signal.asReadonly();\n  
}\[32mn[37m\n  readonly 
cartTotal = comput...
        Γò╡               
                     
[32m^[0m


[31mX [41;31m[[41;97mER
ROR[41;31m][0m 
[1mTS1127: Invalid 
character.[0m 
[1m[35m[plugin 
angular-compiler][0m

    src/app/services/order
.service.ts:1:519:
[37m      1 Γöé ...rdersS
ignal.asReadonly();\n  
}\n[32m[37m\n  readonly 
cartTotal = compute...
        Γò╡               
                     
[32m^[0m


[31mX [41;31m[[41;97mER
ROR[41;31m][0m 
[1mTS1434: Unexpected 
keyword or 
identifier.[0m 
[1m[35m[plugin 
angular-compiler][0m

    src/app/services/order
.service.ts:1:520:
[37m      1 Γöé ...dersSi
gnal.asReadonly();\n  
}\n\[32mn[37m  readonly 
cartTotal = computed...
        Γò╡               
                     
[32m^[0m


[31mX [41;31m[[41;97mER
ROR[41;31m][0m 
[1mTS2300: Duplicate 
identifier 'n'.[0m 
[1m[35m[plugin 
angular-compiler][0m

    src/app/services/order
.service.ts:1:520:
[37m      1 Γöé ...dersSi
gnal.asReadonly();\n  
}\n\[32mn[37m  readonly 
cartTotal = computed...
        Γò╡               
                     
[32m^[0m


[31mX [41;31m[[41;97mER
ROR[41;31m][0m 
[1mTS1127: Invalid 
character.[0m 
[1m[35m[plugin 
angular-compiler][0m

    src/app/services/order
.service.ts:1:560:
[37m      1 Γöé ...nly 
cartTotal = computed(() 
=> {[32m[37m\n    
return 
this.cartItemsSigna...
        Γò╡               
                     
[32m^[0m


[31mX [41;31m[[41;97mER
ROR[41;31m][0m 
[1mTS1434: Unexpected 
keyword or 
identifier.[0m 
[1m[35m[plugin 
angular-compiler][0m

    src/app/services/order
.service.ts:1:561:
[37m      1 Γöé ...ly 
cartTotal = computed(() 
=> {\[32mn[37m    
return 
this.cartItemsSignal...
        Γò╡               
                     
[32m^[0m


[31mX [41;31m[[41;97mER
ROR[41;31m][0m 
[1mTS2663: Cannot find 
name 'n'. Did you mean 
the instance member 
'this.n'?[0m 
[1m[35m[plugin 
angular-compiler][0m

    src/app/services/order
.service.ts:1:561:
[37m      1 Γöé ...ly 
cartTotal = computed(() 
=> {\[32mn[37m    
return 
this.cartItemsSignal...
        Γò╡               
                     
[32m^[0m


[31mX [41;31m[[41;97mER
ROR[41;31m][0m 
[1mTS1127: Invalid 
character.[0m 
[1m[35m[plugin 
angular-compiler][0m

    src/app/services/order
.service.ts:1:669:
[37m      1 Γöé 
...duct.price * 
item.quantity), 
0);[32m[37m\n  });\n\n  
addToCart(product: ...
        Γò╡               
                     
[32m^[0m


[31mX [41;31m[[41;97mER
ROR[41;31m][0m 
[1mTS2663: Cannot find 
name 'n'. Did you mean 
the instance member 
'this.n'?[0m 
[1m[35m[plugin 
angular-compiler][0m

    src/app/services/order
.service.ts:1:670:
[37m      1 Γöé 
...uct.price * 
item.quantity), 
0);\[32mn[37m  });\n\n  
addToCart(product: P...
        Γò╡               
                     
[32m^[0m


[31mX [41;31m[[41;97mER
ROR[41;31m][0m 
[1mTS1127: Invalid 
character.[0m 
[1m[35m[plugin 
angular-compiler][0m

    src/app/services/order
.service.ts:1:676:
[37m      1 Γöé ...ice * 
item.quantity), 0);\n  
});[32m[37m\n\n  
addToCart(product: 
Product...
        Γò╡               
                     
[32m^[0m


[31mX [41;31m[[41;97mER
ROR[41;31m][0m 
[1mTS2300: Duplicate 
identifier 'n'.[0m 
[1m[35m[plugin 
angular-compiler][0m

    src/app/services/order
.service.ts:1:677:
[37m      1 Γöé ...ce * 
item.quantity), 0);\n  
});\[32mn[37m\n  
addToCart(product: 
Product,...
        Γò╡               
                     
[32m^[0m


[31mX [41;31m[[41;97mER
ROR[41;31m][0m 
[1mTS1127: Invalid 
character.[0m 
[1m[35m[plugin 
angular-compiler][0m

    src/app/services/order
.service.ts:1:678:
[37m      1 Γöé ...e * 
item.quantity), 0);\n  
});\n[32m[37m\n  
addToCart(product: 
Product, ...
        Γò╡               
                     
[32m^[0m


[31mX [41;31m[[41;97mER
ROR[41;31m][0m 
[1mTS1434: Unexpected 
keyword or 
identifier.[0m 
[1m[35m[plugin 
angular-compiler][0m

    src/app/services/order
.service.ts:1:679:
[37m      1 Γöé ... * 
item.quantity), 0);\n  
});\n\[32mn[37m  
addToCart(product: 
Product, q...
        Γò╡               
                     
[32m^[0m


[31mX [41;31m[[41;97mER
ROR[41;31m][0m 
[1mTS2300: Duplicate 
identifier 'n'.[0m 
[1m[35m[plugin 
angular-compiler][0m

    src/app/services/order
.service.ts:1:679:
[37m      1 Γöé ... * 
item.quantity), 0);\n  
});\n\[32mn[37m  
addToCart(product: 
Product, q...
        Γò╡               
                     
[32m^[0m


[31mX [41;31m[[41;97mER
ROR[41;31m][0m 
[1mTS2304: Cannot find 
name 'Product'.[0m 
[1m[35m[plugin 
angular-compiler][0m

    src/app/services/order
.service.ts:1:701:
[37m      1 Γöé ... 
});\n\n  
addToCart(product: 
[32mProduct[37m, 
quantity: number = 1): 
voi...
        Γò╡               
                  
[32m~~~~~~~[0m


[31mX [41;31m[[41;97mER
ROR[41;31m][0m 
[1mTS1127: Invalid 
character.[0m 
[1m[35m[plugin 
angular-compiler][0m

    src/app/services/order
.service.ts:1:739:
[37m      1 Γöé ...t, 
quantity: number = 1): 
void {[32m[37m\n    
const currentItems = 
this....
        Γò╡               
                     
[32m^[0m


[31mX [41;31m[[41;97mER
ROR[41;31m][0m 
[1mTS1434: Unexpected 
keyword or 
identifier.[0m 
[1m[35m[plugin 
angular-compiler][0m

    src/app/services/order
.service.ts:1:740:
[37m      1 Γöé ..., 
quantity: number = 1): 
void {\[32mn[37m    
const currentItems = 
this.c...
        Γò╡               
                     
[32m^[0m


[31mX [41;31m[[41;97mER
ROR[41;31m][0m 
[1mTS2663: Cannot find 
name 'n'. Did you mean 
the instance member 
'this.n'?[0m 
[1m[35m[plugin 
angular-compiler][0m

    src/app/services/order
.service.ts:1:740:
[37m      1 Γöé ..., 
quantity: number = 1): 
void {\[32mn[37m    
const currentItems = 
this.c...
        Γò╡               
                     
[32m^[0m


[31mX [41;31m[[41;97mER
ROR[41;31m][0m 
[1mTS1127: Invalid 
character.[0m 
[1m[35m[plugin 
angular-compiler][0m

    src/app/services/order
.service.ts:1:789:
[37m      1 Γöé 
...tItems = this.cartItems
Signal();[32m[37m\n    
const existingItem = 
curre...
        Γò╡               
                     
[32m^[0m


[31mX [41;31m[[41;97mER
ROR[41;31m][0m 
[1mTS1434: Unexpected 
keyword or 
identifier.[0m 
[1m[35m[plugin 
angular-compiler][0m

    src/app/services/order
.service.ts:1:790:
[37m      1 Γöé ...Items 
= this.cartItemsSignal();\
[32mn[37m    const 
existingItem = curren...
        Γò╡               
                     
[32m^[0m


[31mX [41;31m[[41;97mER
ROR[41;31m][0m 
[1mTS2663: Cannot find 
name 'n'. Did you mean 
the instance member 
'this.n'?[0m 
[1m[35m[plugin 
angular-compiler][0m

    src/app/services/order
.service.ts:1:790:
[37m      1 Γöé ...Items 
= this.cartItemsSignal();\
[32mn[37m    const 
existingItem = curren...
        Γò╡               
                     
[32m^[0m


[31mX [41;31m[[41;97mER
ROR[41;31m][0m 
[1mTS1127: Invalid 
character.[0m 
[1m[35m[plugin 
angular-compiler][0m

    src/app/services/order
.service.ts:1:874:
[37m      1 Γöé 
...item.product.id === pro
duct.id);[32m[37m\n\n   
 if (existingItem) {\n   
...
        Γò╡               
                     
[32m^[0m


[31mX [41;31m[[41;97mER
ROR[41;31m][0m 
[1mTS2663: Cannot find 
name 'n'. Did you mean 
the instance member 
'this.n'?[0m 
[1m[35m[plugin 
angular-compiler][0m

    src/app/services/order
.service.ts:1:875:
[37m      1 Γöé 
...tem.product.id === prod
uct.id);\[32mn[37m\n    
if (existingItem) {\n    
...
        Γò╡               
                     
[32m^[0m


[31mX [41;31m[[41;97mER
ROR[41;31m][0m 
[1mTS1127: Invalid 
character.[0m 
[1m[35m[plugin 
angular-compiler][0m

    src/app/services/order
.service.ts:1:876:
[37m      1 Γöé 
...em.product.id === produ
ct.id);\n[32m[37m\n    
if (existingItem) {\n     
...
        Γò╡               
                     
[32m^[0m


[31mX [41;31m[[41;97mER
ROR[41;31m][0m 
[1mTS1434: Unexpected 
keyword or 
identifier.[0m 
[1m[35m[plugin 
angular-compiler][0m

    src/app/services/order
.service.ts:1:877:
[37m      1 Γöé 
...m.product.id === produc
t.id);\n\[32mn[37m    
if (existingItem) {\n     
 ...
        Γò╡               
                     
[32m^[0m


[31mX [41;31m[[41;97mER
ROR[41;31m][0m 
[1mTS2663: Cannot find 
name 'n'. Did you mean 
the instance member 
'this.n'?[0m 
[1m[35m[plugin 
angular-compiler][0m

    src/app/services/order
.service.ts:1:877:
[37m      1 Γöé 
...m.product.id === produc
t.id);\n\[32mn[37m    
if (existingItem) {\n     
 ...
        Γò╡               
                     
[32m^[0m


[31mX [41;31m[[41;97mER
ROR[41;31m][0m 
[1mTS1127: Invalid 
character.[0m 
[1m[35m[plugin 
angular-compiler][0m

    src/app/services/order
.service.ts:1:901:
[37m      1 Γöé 
....id);\n\n    if 
(existingItem) 
{[32m[37m\n      this.ca
rtItemsSignal.upd...
        Γò╡               
                     
[32m^[0m


[31mX [41;31m[[41;97mER
ROR[41;31m][0m 
[1mTS1434: Unexpected 
keyword or 
identifier.[0m 
[1m[35m[plugin 
angular-compiler][0m

    src/app/services/order
.service.ts:1:902:
[37m      1 Γöé 
...id);\n\n    if 
(existingItem) 
{\[32mn[37m      this.ca
rtItemsSignal.upda...
        Γò╡               
                     
[32m^[0m


[31mX [41;31m[[41;97mER
ROR[41;31m][0m 
[1mTS2663: Cannot find 
name 'n'. Did you mean 
the instance member 
'this.n'?[0m 
[1m[35m[plugin 
angular-compiler][0m

    src/app/services/order
.service.ts:1:902:
[37m      1 Γöé 
...id);\n\n    if 
(existingItem) 
{\[32mn[37m      this.ca
rtItemsSignal.upda...
        Γò╡               
                     
[32m^[0m


[31mX [41;31m[[41;97mER
ROR[41;31m][0m 
[1mTS1127: Invalid 
character.[0m 
[1m[35m[plugin 
angular-compiler][0m

    src/app/services/order
.service.ts:1:964:
[37m      1 Γöé 
...date(items => 
items.map(item => 
[32m[37m\n        
item.product.id === pr...
        Γò╡               
                     
[32m^[0m


[31mX [41;31m[[41;97mER
ROR[41;31m][0m 
[1mTS2663: Cannot find 
name 'n'. Did you mean 
the instance member 
'this.n'?[0m 
[1m[35m[plugin 
angular-compiler][0m

    src/app/services/order
.service.ts:1:965:
[37m      1 Γöé 
...ate(items => 
items.map(item => 
\[32mn[37m        
item.product.id === pro...
        Γò╡               
                     
[32m^[0m


[31mX [41;31m[[41;97mER
ROR[41;31m][0m 
[1mTS1005: ',' 
expected.[0m 
[1m[35m[plugin 
angular-compiler][0m

    src/app/services/order
.service.ts:1:974:
[37m      1 Γöé ...> 
items.map(item => \n      
  
[32mitem[37m.product.id 
=== product.id ? {...
        Γò╡               
                   
[32m~~~~[0m


[31mX [41;31m[[41;97mER
ROR[41;31m][0m 
[1mTS2304: Cannot find 
name 'item'.[0m 
[1m[35m[plugin 
angular-compiler][0m

    src/app/services/order
.service.ts:1:974:
[37m      1 Γöé ...> 
items.map(item => \n      
  
[32mitem[37m.product.id 
=== product.id ? {...
        Γò╡               
                   
[32m~~~~[0m


[31mX [41;31m[[41;97mER
ROR[41;31m][0m 
[1mTS2554: Expected 1-2 
arguments, but got 4.[0m 
[1m[35m[plugin 
angular-compiler][0m

    src/app/services/order
.service.ts:1:974:
[37m      1 Γöé ... \n   
     [32mitem.product.id 
=== product.id ? { 
...item, quantity:[37m...
        Γò╡               
[32m~~~~~~~~~~~~~~~~~~~~~
~~~~~~~~~~~~~~~~~~~~~~~~~~
~~~~~~[0m


[31mX [41;31m[[41;97mER
ROR[41;31m][0m 
[1mTS2304: Cannot find 
name 'item'.[0m 
[1m[35m[plugin 
angular-compiler][0m

    src/app/services/order
.service.ts:1:1012:
[37m      1 Γöé 
...duct.id === product.id 
? { ...[32mitem[37m, 
quantity: item.quantity + 
qu...
        Γò╡               
                   
[32m~~~~[0m


[31mX [41;31m[[41;97mER
ROR[41;31m][0m 
[1mTS2304: Cannot find 
name 'item'.[0m 
[1m[35m[plugin 
angular-compiler][0m

    src/app/services/order
.service.ts:1:1028:
[37m      1 Γöé 
...uct.id ? { ...item, 
quantity: 
[32mitem[37m.quantity + 
quantity } : item\...
        Γò╡               
                   
[32m~~~~[0m


[31mX [41;31m[[41;97mER
ROR[41;31m][0m 
[1mTS2304: Cannot find 
name 'item'.[0m 
[1m[35m[plugin 
angular-compiler][0m

    src/app/services/order
.service.ts:1:1057:
[37m      1 Γöé ... 
item.quantity + quantity 
} : [32mitem[37m\n      
));\n    } else {\n   ...
        Γò╡               
                   
[32m~~~~[0m


[31mX [41;31m[[41;97mER
ROR[41;31m][0m 
[1mTS1127: Invalid 
character.[0m 
[1m[35m[plugin 
angular-compiler][0m

    src/app/services/order
.service.ts:1:1061:
[37m      1 Γöé 
...tem.quantity + 
quantity } : 
item[32m[37m\n      
));\n    } else {\n     
...
        Γò╡               
                     
[32m^[0m


[31mX [41;31m[[41;97mER
ROR[41;31m][0m 
[1mTS2663: Cannot find 
name 'n'. Did you mean 
the instance member 
'this.n'?[0m 
[1m[35m[plugin 
angular-compiler][0m

    src/app/services/order
.service.ts:1:1062:
[37m      1 Γöé 
...em.quantity + quantity 
} : item\[32mn[37m      
));\n    } else {\n      
...
        Γò╡               
                     
[32m^[0m


[31mX [41;31m[[41;97mER
ROR[41;31m][0m 
[1mTS1127: Invalid 
character.[0m 
[1m[35m[plugin 
angular-compiler][0m

    src/app/services/order
.service.ts:1:1072:
[37m      1 Γöé ...y + 
quantity } : item\n      
));[32m[37m\n    } else 
{\n      this.cartI...
        Γò╡               
                     
[32m^[0m


[31mX [41;31m[[41;97mER
ROR[41;31m][0m 
[1mTS2663: Cannot find 
name 'n'. Did you mean 
the instance member 
'this.n'?[0m 
[1m[35m[plugin 
angular-compiler][0m

    src/app/services/order
.service.ts:1:1073:
[37m      1 Γöé ... + 
quantity } : item\n      
));\[32mn[37m    } else 
{\n      this.cartIt...
        Γò╡               
                     
[32m^[0m


[31mX [41;31m[[41;97mER
ROR[41;31m][0m 
[1mTS1127: Invalid 
character.[0m 
[1m[35m[plugin 
angular-compiler][0m

    src/app/services/order
.service.ts:1:1086:
[37m      1 Γöé ... : 
item\n      ));\n    } 
else {[32m[37m\n      th
is.cartItemsSignal.upd...
        Γò╡               
                     
[32m^[0m


[31mX [41;31m[[41;97mER
ROR[41;31m][0m 
[1mTS1434: Unexpected 
keyword or 
identifier.[0m 
[1m[35m[plugin 
angular-compiler][0m

    src/app/services/order
.service.ts:1:1087:
[37m      1 Γöé ...: 
item\n      ));\n    } 
else {\[32mn[37m      th
is.cartItemsSignal.upda...
        Γò╡               
                     
[32m^[0m


[31mX [41;31m[[41;97mER
ROR[41;31m][0m 
[1mTS2663: Cannot find 
name 'n'. Did you mean 
the instance member 
'this.n'?[0m 
[1m[35m[plugin 
angular-compiler][0m

    src/app/services/order
.service.ts:1:1087:
[37m      1 Γöé ...: 
item\n      ));\n    } 
else {\[32mn[37m      th
is.cartItemsSignal.upda...
        Γò╡               
                     
[32m^[0m


[31mX [41;31m[[41;97mER
ROR[41;31m][0m 
[1mTS1127: Invalid 
character.[0m 
[1m[35m[plugin 
angular-compiler][0m

    src/app/services/order
.service.ts:1:1166:
[37m      1 Γöé 
....items, { product, 
quantity }]);[32m[37m\n 
   }\n  }\n\n  
updateCartItem...
        Γò╡               
                     
[32m^[0m


[31mX [41;31m[[41;97mER
ROR[41;31m][0m 
[1mTS2663: Cannot find 
name 'n'. Did you mean 
the instance member 
'this.n'?[0m 
[1m[35m[plugin 
angular-compiler][0m

    src/app/services/order
.service.ts:1:1167:
[37m      1 Γöé 
...items, { product, 
quantity }]);\[32mn[37m 
   }\n  }\n\n  
updateCartItemQ...
        Γò╡               
                     
[32m^[0m


[31mX [41;31m[[41;97mER
ROR[41;31m][0m 
[1mTS1127: Invalid 
character.[0m 
[1m[35m[plugin 
angular-compiler][0m

    src/app/services/order
.service.ts:1:1173:
[37m      1 Γöé ... { 
product, quantity }]);\n  
  }[32m[37m\n  }\n\n  
updateCartItemQuantit...
        Γò╡               
                     
[32m^[0m


[31mX [41;31m[[41;97mER
ROR[41;31m][0m 
[1mTS2663: Cannot find 
name 'n'. Did you mean 
the instance member 
'this.n'?[0m 
[1m[35m[plugin 
angular-compiler][0m

    src/app/services/order
.service.ts:1:1174:
[37m      1 Γöé ...{ 
product, quantity }]);\n  
  }\[32mn[37m  }\n\n  
updateCartItemQuantity...
        Γò╡               
                     
[32m^[0m


[31mX [41;31m[[41;97mER
ROR[41;31m][0m 
[1mTS1127: Invalid 
character.[0m 
[1m[35m[plugin 
angular-compiler][0m

    src/app/services/order
.service.ts:1:1178:
[37m      1 Γöé 
...oduct, quantity }]);\n 
   }\n  }[32m[37m\n\n  u
pdateCartItemQuantity(pro.
..
        Γò╡               
                     
[32m^[0m


[31mX [41;31m[[41;97mER
ROR[41;31m][0m 
[1mTS2300: Duplicate 
identifier 'n'.[0m 
[1m[35m[plugin 
angular-compiler][0m

    src/app/services/order
.service.ts:1:1179:
[37m      1 Γöé ...duct, 
quantity }]);\n    }\n  
}\[32mn[37m\n  updateCar
tItemQuantity(prod...
        Γò╡               
                     
[32m^[0m


[31mX [41;31m[[41;97mER
ROR[41;31m][0m 
[1mTS1127: Invalid 
character.[0m 
[1m[35m[plugin 
angular-compiler][0m

    src/app/services/order
.service.ts:1:1180:
[37m      1 Γöé ...uct, 
quantity }]);\n    }\n  
}\n[32m[37m\n  updateCar
tItemQuantity(produ...
        Γò╡               
                     
[32m^[0m


[31mX [41;31m[[41;97mER
ROR[41;31m][0m 
[1mTS1434: Unexpected 
keyword or 
identifier.[0m 
[1m[35m[plugin 
angular-compiler][0m

    src/app/services/order
.service.ts:1:1181:
[37m      1 Γöé ...ct, 
quantity }]);\n    }\n  
}\n\[32mn[37m  updateCar
tItemQuantity(produc...
        Γò╡               
                     
[32m^[0m


[31mX [41;31m[[41;97mER
ROR[41;31m][0m 
[1mTS2300: Duplicate 
identifier 'n'.[0m 
[1m[35m[plugin 
angular-compiler][0m

    src/app/services/order
.service.ts:1:1181:
[37m      1 Γöé ...ct, 
quantity }]);\n    }\n  
}\n\[32mn[37m  updateCar
tItemQuantity(produc...
        Γò╡               
                     
[32m^[0m


[31mX [41;31m[[41;97mER
ROR[41;31m][0m 
[1mTS1127: Invalid 
character.[0m 
[1m[35m[plugin 
angular-compiler][0m

    src/app/services/order
.service.ts:1:1251:
[37m      1 Γöé 
...tring, quantity: 
number): void 
{[32m[37m\n    if 
(quantity <= 0) {\n    ...
        Γò╡               
                     
[32m^[0m


[31mX [41;31m[[41;97mER
ROR[41;31m][0m 
[1mTS1434: Unexpected 
keyword or 
identifier.[0m 
[1m[35m[plugin 
angular-compiler][0m

    src/app/services/order
.service.ts:1:1252:
[37m      1 Γöé ...ring, 
quantity: number): void 
{\[32mn[37m    if 
(quantity <= 0) {\n     
...
        Γò╡               
                     
[32m^[0m


[31mX [41;31m[[41;97mER
ROR[41;31m][0m 
[1mTS2663: Cannot find 
name 'n'. Did you mean 
the instance member 
'this.n'?[0m 
[1m[35m[plugin 
angular-compiler][0m

    src/app/services/order
.service.ts:1:1252:
[37m      1 Γöé ...ring, 
quantity: number): void 
{\[32mn[37m    if 
(quantity <= 0) {\n     
...
        Γò╡               
                     
[32m^[0m


[31mX [41;31m[[41;97mER
ROR[41;31m][0m 
[1mTS1127: Invalid 
character.[0m 
[1m[35m[plugin 
angular-compiler][0m

    src/app/services/order
.service.ts:1:1277:
[37m      1 Γöé ...void 
{\n    if (quantity <= 0) 
{[32m[37m\n      this.re
moveFromCart(prod...
        Γò╡               
                     
[32m^[0m


[31mX [41;31m[[41;97mER
ROR[41;31m][0m 
[1mTS1434: Unexpected 
keyword or 
identifier.[0m 
[1m[35m[plugin 
angular-compiler][0m

    src/app/services/order
.service.ts:1:1278:
[37m      1 Γöé ...oid 
{\n    if (quantity <= 0) 
{\[32mn[37m      this.re
moveFromCart(produ...
        Γò╡               
                     
[32m^[0m


[31mX [41;31m[[41;97mER
ROR[41;31m][0m 
[1mTS2663: Cannot find 
name 'n'. Did you mean 
the instance member 
'this.n'?[0m 
[1m[35m[plugin 
angular-compiler][0m

    src/app/services/order
.service.ts:1:1278:
[37m      1 Γöé ...oid 
{\n    if (quantity <= 0) 
{\[32mn[37m      this.re
moveFromCart(produ...
        Γò╡               
                     
[32m^[0m


[31mX [41;31m[[41;97mER
ROR[41;31m][0m 
[1mTS1127: Invalid 
character.[0m 
[1m[35m[plugin 
angular-compiler][0m

    src/app/services/order
.service.ts:1:1316:
[37m      1 Γöé ... this.
removeFromCart(productId);
[32m[37m\n      
return;\n    }\n    \n  
...
        Γò╡               
                     
[32m^[0m


[31mX [41;31m[[41;97mER
ROR[41;31m][0m 
[1mTS1434: Unexpected 
keyword or 
identifier.[0m 
[1m[35m[plugin 
angular-compiler][0m

    src/app/services/order
.service.ts:1:1317:
[37m      1 Γöé ...this.r
emoveFromCart(productId);\
[32mn[37m      
return;\n    }\n    \n   
...
        Γò╡               
                     
[32m^[0m


[31mX [41;31m[[41;97mER
ROR[41;31m][0m 
[1mTS2663: Cannot find 
name 'n'. Did you mean 
the instance member 
'this.n'?[0m 
[1m[35m[plugin 
angular-compiler][0m

    src/app/services/order
.service.ts:1:1317:
[37m      1 Γöé ...this.r
emoveFromCart(productId);\
[32mn[37m      
return;\n    }\n    \n   
...
        Γò╡               
                     
[32m^[0m


[31mX [41;31m[[41;97mER
ROR[41;31m][0m 
[1mTS1127: Invalid 
character.[0m 
[1m[35m[plugin 
angular-compiler][0m

    src/app/services/order
.service.ts:1:1331:
[37m      1 Γöé 
...mCart(productId);\n    
  return;[32m[37m\n    
}\n    \n    
this.cartItem...
        Γò╡               
                     
[32m^[0m


[31mX [41;31m[[41;97mER
ROR[41;31m][0m 
[1mTS2663: Cannot find 
name 'n'. Did you mean 
the instance member 
'this.n'?[0m 
[1m[35m[plugin 
angular-compiler][0m

    src/app/services/order
.service.ts:1:1332:
[37m      1 Γöé 
...Cart(productId);\n     
 return;\[32mn[37m    
}\n    \n    
this.cartItems...
        Γò╡               
                     
[32m^[0m


[31mX [41;31m[[41;97mER
ROR[41;31m][0m 
[1mTS1127: Invalid 
character.[0m 
[1m[35m[plugin 
angular-compiler][0m

    src/app/services/order
.service.ts:1:1338:
[37m      1 Γöé 
...roductId);\n      
return;\n    
}[32m[37m\n    \n    
this.cartItemsSignal...
        Γò╡               
                     
[32m^[0m


[31mX [41;31m[[41;97mER
ROR[41;31m][0m 
[1mTS2663: Cannot find 
name 'n'. Did you mean 
the instance member 
'this.n'?[0m 
[1m[35m[plugin 
angular-compiler][0m

    src/app/services/order
.service.ts:1:1339:
[37m      1 Γöé 
...oductId);\n      
return;\n    
}\[32mn[37m    \n    
this.cartItemsSignal....
        Γò╡               
                     
[32m^[0m


[31mX [41;31m[[41;97mER
ROR[41;31m][0m 
[1mTS1127: Invalid 
character.[0m 
[1m[35m[plugin 
angular-compiler][0m

    src/app/services/order
.service.ts:1:1344:
[37m      1 Γöé 
...Id);\n      return;\n  
  }\n    [32m[37m\n    t
his.cartItemsSignal.updat.
..
        Γò╡               
                     
[32m^[0m


[31mX [41;31m[[41;97mER
ROR[41;31m][0m 
[1mTS1434: Unexpected 
keyword or 
identifier.[0m 
[1m[35m[plugin 
angular-compiler][0m

    src/app/services/order
.service.ts:1:1345:
[37m      1 Γöé ...d);\n 
     return;\n    }\n    
\[32mn[37m    this.cartI
temsSignal.update...
        Γò╡               
                     
[32m^[0m


[31mX [41;31m[[41;97mER
ROR[41;31m][0m 
[1mTS2663: Cannot find 
name 'n'. Did you mean 
the instance member 
'this.n'?[0m 
[1m[35m[plugin 
angular-compiler][0m

    src/app/services/order
.service.ts:1:1345:
[37m      1 Γöé ...d);\n 
     return;\n    }\n    
\[32mn[37m    this.cartI
temsSignal.update...
        Γò╡               
                     
[32m^[0m


[31mX [41;31m[[41;97mER
ROR[41;31m][0m 
[1mTS1127: Invalid 
character.[0m 
[1m[35m[plugin 
angular-compiler][0m

    src/app/services/order
.service.ts:1:1405:
[37m      1 Γöé 
...date(items => 
items.map(item => 
[32m[37m\n      
item.product.id === 
prod...
        Γò╡               
                     
[32m^[0m


[31mX [41;31m[[41;97mER
ROR[41;31m][0m 
[1mTS2663: Cannot find 
name 'n'. Did you mean 
the instance member 
'this.n'?[0m 
[1m[35m[plugin 
angular-compiler][0m

    src/app/services/order
.service.ts:1:1406:
[37m      1 Γöé 
...ate(items => 
items.map(item => 
\[32mn[37m      
item.product.id === 
produ...
        Γò╡               
                     
[32m^[0m


[31mX [41;31m[[41;97mER
ROR[41;31m][0m 
[1mTS1005: ',' 
expected.[0m 
[1m[35m[plugin 
angular-compiler][0m

    src/app/services/order
.service.ts:1:1413:
[37m      1 Γöé ... => 
items.map(item => \n      
[32mitem[37m.product.id 
=== productId ? { ...
        Γò╡               
                   
[32m~~~~[0m


[31mX [41;31m[[41;97mER
ROR[41;31m][0m 
[1mTS2304: Cannot find 
name 'item'.[0m 
[1m[35m[plugin 
angular-compiler][0m

    src/app/services/order
.service.ts:1:1413:
[37m      1 Γöé ... => 
items.map(item => \n      
[32mitem[37m.product.id 
=== productId ? { ...
        Γò╡               
                   
[32m~~~~[0m


[31mX [41;31m[[41;97mER
ROR[41;31m][0m 
[1mTS2554: Expected 1-2 
arguments, but got 4.[0m 
[1m[35m[plugin 
angular-compiler][0m

    src/app/services/order
.service.ts:1:1413:
[37m      1 Γöé ...=> \n 
     [32mitem.product.id 
=== productId ? { 
...item, quantity 
}[37m...
        Γò╡               
[32m~~~~~~~~~~~~~~~~~~~~~
~~~~~~~~~~~~~~~~~~~~~~~~~~
~~~~~~[0m


[31mX [41;31m[[41;97mER
ROR[41;31m][0m 
[1mTS2304: Cannot find 
name 'item'.[0m 
[1m[35m[plugin 
angular-compiler][0m

    src/app/services/order
.service.ts:1:1450:
[37m      1 Γöé 
...oduct.id === productId 
? { ...[32mitem[37m, 
quantity } : item\n    
));\n...
        Γò╡               
                   
[32m~~~~[0m


[31mX [41;31m[[41;97mER
ROR[41;31m][0m 
[1mTS2304: Cannot find 
name 'item'.[0m 
[1m[35m[plugin 
angular-compiler][0m

    src/app/services/order
.service.ts:1:1469:
[37m      1 Γöé ...tId ? 
{ ...item, quantity } : 
[32mitem[37m\n    ));\n 
 }\n\n  removeFrom...
        Γò╡               
                   
[32m~~~~[0m


[31mX [41;31m[[41;97mER
ROR[41;31m][0m 
[1mTS1127: Invalid 
character.[0m 
[1m[35m[plugin 
angular-compiler][0m

    src/app/services/order
.service.ts:1:1473:
[37m      1 Γöé ...d ? { 
...item, quantity } : 
item[32m[37m\n    ));\n 
 }\n\n  removeFromCa...
        Γò╡               
                     
[32m^[0m


[31mX [41;31m[[41;97mER
ROR[41;31m][0m 
[1mTS2663: Cannot find 
name 'n'. Did you mean 
the instance member 
'this.n'?[0m 
[1m[35m[plugin 
angular-compiler][0m

    src/app/services/order
.service.ts:1:1474:
[37m      1 Γöé ... ? { 
...item, quantity } : 
item\[32mn[37m    ));\n 
 }\n\n  removeFromCar...
        Γò╡               
                     
[32m^[0m


[31mX [41;31m[[41;97mER
ROR[41;31m][0m 
[1mTS1127: Invalid 
character.[0m 
[1m[35m[plugin 
angular-compiler][0m

    src/app/services/order
.service.ts:1:1482:
[37m      1 Γöé ...item, 
quantity } : item\n    
));[32m[37m\n  }\n\n  
removeFromCart(produc...
        Γò╡               
                     
[32m^[0m


[31mX [41;31m[[41;97mER
ROR[41;31m][0m 
[1mTS2663: Cannot find 
name 'n'. Did you mean 
the instance member 
'this.n'?[0m 
[1m[35m[plugin 
angular-compiler][0m

    src/app/services/order
.service.ts:1:1483:
[37m      1 Γöé ...tem, 
quantity } : item\n    
));\[32mn[37m  }\n\n  
removeFromCart(product...
        Γò╡               
                     
[32m^[0m


[31mX [41;31m[[41;97mER
ROR[41;31m][0m 
[1mTS1127: Invalid 
character.[0m 
[1m[35m[plugin 
angular-compiler][0m

    src/app/services/order
.service.ts:1:1487:
[37m      1 Γöé ... 
quantity } : item\n    
));\n  }[32m[37m\n\n  
removeFromCart(productId: 
...
        Γò╡               
                     
[32m^[0m


[31mX [41;31m[[41;97mER
ROR[41;31m][0m 
[1mTS2300: Duplicate 
identifier 'n'.[0m 
[1m[35m[plugin 
angular-compiler][0m

    src/app/services/order
.service.ts:1:1488:
[37m      1 Γöé 
...quantity } : item\n    
));\n  }\[32mn[37m\n  
removeFromCart(productId: 
s...
        Γò╡               
                     
[32m^[0m


[31mX [41;31m[[41;97mER
ROR[41;31m][0m 
[1mTS1127: Invalid 
character.[0m 
[1m[35m[plugin 
angular-compiler][0m

    src/app/services/order
.service.ts:1:1489:
[37m      1 Γöé 
...uantity } : item\n    
));\n  }\n[32m[37m\n  
removeFromCart(productId: 
st...
        Γò╡               
                     
[32m^[0m


[31mX [41;31m[[41;97mER
ROR[41;31m][0m 
[1mTS1434: Unexpected 
keyword or 
identifier.[0m 
[1m[35m[plugin 
angular-compiler][0m

    src/app/services/order
.service.ts:1:1490:
[37m      1 Γöé 
...antity } : item\n    
));\n  }\n\[32mn[37m  
removeFromCart(productId: 
str...
        Γò╡               
                     
[32m^[0m


[31mX [41;31m[[41;97mER
ROR[41;31m][0m 
[1mTS2300: Duplicate 
identifier 'n'.[0m 
[1m[35m[plugin 
angular-compiler][0m

    src/app/services/order
.service.ts:1:1490:
[37m      1 Γöé 
...antity } : item\n    
));\n  }\n\[32mn[37m  
removeFromCart(productId: 
str...
        Γò╡               
                     
[32m^[0m


[31mX [41;31m[[41;97mER
ROR[41;31m][0m 
[1mTS1127: Invalid 
character.[0m 
[1m[35m[plugin 
angular-compiler][0m

    src/app/services/order
.service.ts:1:1534:
[37m      1 Γöé 
...mCart(productId: 
string): void 
{[32m[37m\n    this.cart
ItemsSignal.updat...
        Γò╡               
                     
[32m^[0m


[31mX [41;31m[[41;97mER
ROR[41;31m][0m 
[1mTS1434: Unexpected 
keyword or 
identifier.[0m 
[1m[35m[plugin 
angular-compiler][0m

    src/app/services/order
.service.ts:1:1535:
[37m      1 Γöé 
...Cart(productId: 
string): void 
{\[32mn[37m    this.cart
ItemsSignal.update...
        Γò╡               
                     
[32m^[0m


[31mX [41;31m[[41;97mER
ROR[41;31m][0m 
[1mTS2663: Cannot find 
name 'n'. Did you mean 
the instance member 
'this.n'?[0m 
[1m[35m[plugin 
angular-compiler][0m

    src/app/services/order
.service.ts:1:1535:
[37m      1 Γöé 
...Cart(productId: 
string): void 
{\[32mn[37m    this.cart
ItemsSignal.update...
        Γò╡               
                     
[32m^[0m


[31mX [41;31m[[41;97mER
ROR[41;31m][0m 
[1mTS1127: Invalid 
character.[0m 
[1m[35m[plugin 
angular-compiler][0m

    src/app/services/order
.service.ts:1:1630:
[37m      1 Γöé 
...item.product.id !== 
productId));[32m[37m\n  
}\n\n  clearCart(): void 
{\n...
        Γò╡               
                     
[32m^[0m


[31mX [41;31m[[41;97mER
ROR[41;31m][0m 
[1mTS2663: Cannot find 
name 'n'. Did you mean 
the instance member 
'this.n'?[0m 
[1m[35m[plugin 
angular-compiler][0m

    src/app/services/order
.service.ts:1:1631:
[37m      1 Γöé 
...tem.product.id !== 
productId));\[32mn[37m  
}\n\n  clearCart(): void 
{\n ...
        Γò╡               
                     
[32m^[0m


[31mX [41;31m[[41;97mER
ROR[41;31m][0m 
[1mTS1127: Invalid 
character.[0m 
[1m[35m[plugin 
angular-compiler][0m

    src/app/services/order
.service.ts:1:1635:
[37m      1 Γöé 
...product.id !== 
productId));\n  
}[32m[37m\n\n  
clearCart(): void {\n    
t...
        Γò╡               
                     
[32m^[0m


[31mX [41;31m[[41;97mER
ROR[41;31m][0m 
[1mTS2300: Duplicate 
identifier 'n'.[0m 
[1m[35m[plugin 
angular-compiler][0m

    src/app/services/order
.service.ts:1:1636:
[37m      1 Γöé 
...roduct.id !== 
productId));\n  
}\[32mn[37m\n  
clearCart(): void {\n    
th...
        Γò╡               
                     
[32m^[0m


[31mX [41;31m[[41;97mER
ROR[41;31m][0m 
[1mTS1127: Invalid 
character.[0m 
[1m[35m[plugin 
angular-compiler][0m

    src/app/services/order
.service.ts:1:1637:
[37m      1 Γöé 
...oduct.id !== 
productId));\n  
}\n[32m[37m\n  
clearCart(): void {\n    
thi...
        Γò╡               
                     
[32m^[0m


[31mX [41;31m[[41;97mER
ROR[41;31m][0m 
[1mTS1434: Unexpected 
keyword or 
identifier.[0m 
[1m[35m[plugin 
angular-compiler][0m

    src/app/services/order
.service.ts:1:1638:
[37m      1 Γöé 
...duct.id !== 
productId));\n  
}\n\[32mn[37m  
clearCart(): void {\n    
this...
        Γò╡               
                     
[32m^[0m


[31mX [41;31m[[41;97mER
ROR[41;31m][0m 
[1mTS2300: Duplicate 
identifier 'n'.[0m 
[1m[35m[plugin 
angular-compiler][0m

    src/app/services/order
.service.ts:1:1638:
[37m      1 Γöé 
...duct.id !== 
productId));\n  
}\n\[32mn[37m  
clearCart(): void {\n    
this...
        Γò╡               
                     
[32m^[0m


[31mX [41;31m[[41;97mER
ROR[41;31m][0m 
[1mTS1127: Invalid 
character.[0m 
[1m[35m[plugin 
angular-compiler][0m

    src/app/services/order
.service.ts:1:1660:
[37m      1 Γöé ...);\n  
}\n\n  clearCart(): void 
{[32m[37m\n    this.cart
ItemsSignal.set([...
        Γò╡               
                     
[32m^[0m


[31mX [41;31m[[41;97mER
ROR[41;31m][0m 
[1mTS1434: Unexpected 
keyword or 
identifier.[0m 
[1m[35m[plugin 
angular-compiler][0m

    src/app/services/order
.service.ts:1:1661:
[37m      1 Γöé ...;\n  
}\n\n  clearCart(): void 
{\[32mn[37m    this.cart
ItemsSignal.set([]...
        Γò╡               
                     
[32m^[0m


[31mX [41;31m[[41;97mER
ROR[41;31m][0m 
[1mTS2663: Cannot find 
name 'n'. Did you mean 
the instance member 
'this.n'?[0m 
[1m[35m[plugin 
angular-compiler][0m

    src/app/services/order
.service.ts:1:1661:
[37m      1 Γöé ...;\n  
}\n\n  clearCart(): void 
{\[32mn[37m    this.cart
ItemsSignal.set([]...
        Γò╡               
                     
[32m^[0m


[31mX [41;31m[[41;97mER
ROR[41;31m][0m 
[1mTS1127: Invalid 
character.[0m 
[1m[35m[plugin 
angular-compiler][0m

    src/app/services/order
.service.ts:1:1695:
[37m      1 Γöé ...   thi
s.cartItemsSignal.set([]);
[32m[37m\n  }\n\n  
placeOrder(userId: st...
        Γò╡               
                     
[32m^[0m


[31mX [41;31m[[41;97mER
ROR[41;31m][0m 
[1mTS2663: Cannot find 
name 'n'. Did you mean 
the instance member 
'this.n'?[0m 
[1m[35m[plugin 
angular-compiler][0m

    src/app/services/order
.service.ts:1:1696:
[37m      1 Γöé ...  this
.cartItemsSignal.set([]);\
[32mn[37m  }\n\n  
placeOrder(userId: str...
        Γò╡               
                     
[32m^[0m


[31mX [41;31m[[41;97mER
ROR[41;31m][0m 
[1mTS1127: Invalid 
character.[0m 
[1m[35m[plugin 
angular-compiler][0m

    src/app/services/order
.service.ts:1:1700:
[37m      1 Γöé ...is.car
tItemsSignal.set([]);\n  
}[32m[37m\n\n  
placeOrder(userId: 
string)...
        Γò╡               
                     
[32m^[0m


[31mX [41;31m[[41;97mER
ROR[41;31m][0m 
[1mTS2300: Duplicate 
identifier 'n'.[0m 
[1m[35m[plugin 
angular-compiler][0m

    src/app/services/order
.service.ts:1:1701:
[37m      1 Γöé ...s.cart
ItemsSignal.set([]);\n  
}\[32mn[37m\n  
placeOrder(userId: 
string):...
        Γò╡               
                     
[32m^[0m


[31mX [41;31m[[41;97mER
ROR[41;31m][0m 
[1mTS1127: Invalid 
character.[0m 
[1m[35m[plugin 
angular-compiler][0m

    src/app/services/order
.service.ts:1:1702:
[37m      1 Γöé ....cartI
temsSignal.set([]);\n  
}\n[32m[37m\n  
placeOrder(userId: 
string): ...
        Γò╡               
                     
[32m^[0m


[31mX [41;31m[[41;97mER
ROR[41;31m][0m 
[1mTS1434: Unexpected 
keyword or 
identifier.[0m 
[1m[35m[plugin 
angular-compiler][0m

    src/app/services/order
.service.ts:1:1703:
[37m      1 Γöé ...cartIt
emsSignal.set([]);\n  
}\n\[32mn[37m  
placeOrder(userId: 
string): P...
        Γò╡               
                     
[32m^[0m


[31mX [41;31m[[41;97mER
ROR[41;31m][0m 
[1mTS2300: Duplicate 
identifier 'n'.[0m 
[1m[35m[plugin 
angular-compiler][0m

    src/app/services/order
.service.ts:1:1703:
[37m      1 Γöé ...cartIt
emsSignal.set([]);\n  
}\n\[32mn[37m  
placeOrder(userId: 
string): P...
        Γò╡               
                     
[32m^[0m


[31mX [41;31m[[41;97mER
ROR[41;31m][0m 
[1mTS2304: Cannot find 
name 'Order'.[0m 
[1m[35m[plugin 
angular-compiler][0m

    src/app/services/order
.service.ts:1:1742:
[37m      1 Γöé 
...rder(userId: string): 
Promise<[32mOrder[37m> 
{\n    return new 
Promise((...
        Γò╡               
                   
[32m~~~~~[0m


[31mX [41;31m[[41;97mER
ROR[41;31m][0m 
[1mTS1127: Invalid 
character.[0m 
[1m[35m[plugin 
angular-compiler][0m

    src/app/services/order
.service.ts:1:1750:
[37m      1 Γöé 
...serId: string): 
Promise<Order> 
{[32m[37m\n    return 
new Promise((resolv...
        Γò╡               
                     
[32m^[0m


[31mX [41;31m[[41;97mER
ROR[41;31m][0m 
[1mTS1434: Unexpected 
keyword or 
identifier.[0m 
[1m[35m[plugin 
angular-compiler][0m

    src/app/services/order
.service.ts:1:1751:
[37m      1 Γöé ...erId: 
string): Promise<Order> 
{\[32mn[37m    return 
new Promise((resolve...
        Γò╡               
                     
[32m^[0m


[31mX [41;31m[[41;97mER
ROR[41;31m][0m 
[1mTS2663: Cannot find 
name 'n'. Did you mean 
the instance member 
'this.n'?[0m 
[1m[35m[plugin 
angular-compiler][0m

    src/app/services/order
.service.ts:1:1751:
[37m      1 Γöé ...erId: 
string): Promise<Order> 
{\[32mn[37m    return 
new Promise((resolve...
        Γò╡               
                     
[32m^[0m


[31mX [41;31m[[41;97mER
ROR[41;31m][0m 
[1mTS1127: Invalid 
character.[0m 
[1m[35m[plugin 
angular-compiler][0m

    src/app/services/order
.service.ts:1:1797:
[37m      1 Γöé ...w 
Promise((resolve, reject) 
=> {[32m[37m\n      
const items = 
this.cartI...
        Γò╡               
                     
[32m^[0m


[31mX [41;31m[[41;97mER
ROR[41;31m][0m 
[1mTS1434: Unexpected 
keyword or 
identifier.[0m 
[1m[35m[plugin 
angular-compiler][0m

    src/app/services/order
.service.ts:1:1798:
[37m      1 Γöé ... 
Promise((resolve, reject) 
=> {\[32mn[37m      
const items = 
this.cartIt...
        Γò╡               
                     
[32m^[0m


[31mX [41;31m[[41;97mER
ROR[41;31m][0m 
[1mTS2663: Cannot find 
name 'n'. Did you mean 
the instance member 
'this.n'?[0m 
[1m[35m[plugin 
angular-compiler][0m

    src/app/services/order
.service.ts:1:1798:
[37m      1 Γöé ... 
Promise((resolve, reject) 
=> {\[32mn[37m      
const items = 
this.cartIt...
        Γò╡               
                     
[32m^[0m


[31mX [41;31m[[41;97mER
ROR[41;31m][0m 
[1mTS1127: Invalid 
character.[0m 
[1m[35m[plugin 
angular-compiler][0m

    src/app/services/order
.service.ts:1:1842:
[37m      1 Γöé ... 
items = this.cartItemsSign
al();[32m[37m\n      if 
(items.length === 0) ...
        Γò╡               
                     
[32m^[0m


[31mX [41;31m[[41;97mER
ROR[41;31m][0m 
[1mTS1434: Unexpected 
keyword or 
identifier.[0m 
[1m[35m[plugin 
angular-compiler][0m

    src/app/services/order
.service.ts:1:1843:
[37m      1 Γöé ...items 
= this.cartItemsSignal();\
[32mn[37m      if 
(items.length === 0) {...
        Γò╡               
                     
[32m^[0m


[31mX [41;31m[[41;97mER
ROR[41;31m][0m 
[1mTS2663: Cannot find 
name 'n'. Did you mean 
the instance member 
'this.n'?[0m 
[1m[35m[plugin 
angular-compiler][0m

    src/app/services/order
.service.ts:1:1843:
[37m      1 Γöé ...items 
= this.cartItemsSignal();\
[32mn[37m      if 
(items.length === 0) {...
        Γò╡               
                     
[32m^[0m


[31mX [41;31m[[41;97mER
ROR[41;31m][0m 
[1mTS1127: Invalid 
character.[0m 
[1m[35m[plugin 
angular-compiler][0m

    src/app/services/order
.service.ts:1:1875:
[37m      1 Γöé ...n     
 if (items.length === 0) 
{[32m[37m\n        
return reject(new Erro...
        Γò╡               
                     
[32m^[0m


[31mX [41;31m[[41;97mER
ROR[41;31m][0m 
[1mTS1434: Unexpected 
keyword or 
identifier.[0m 
[1m[35m[plugin 
angular-compiler][0m

    src/app/services/order
.service.ts:1:1876:
[37m      1 Γöé ...      
if (items.length === 0) 
{\[32mn[37m        
return reject(new Error...
        Γò╡               
                     
[32m^[0m


[31mX [41;31m[[41;97mER
ROR[41;31m][0m 
[1mTS2663: Cannot find 
name 'n'. Did you mean 
the instance member 
'this.n'?[0m 
[1m[35m[plugin 
angular-compiler][0m

    src/app/services/order
.service.ts:1:1876:
[37m      1 Γöé ...      
if (items.length === 0) 
{\[32mn[37m        
return reject(new Error...
        Γò╡               
                     
[32m^[0m


[31mX [41;31m[[41;97mER
ROR[41;31m][0m 
[1mTS1127: Invalid 
character.[0m 
[1m[35m[plugin 
angular-compiler][0m

    src/app/services/order
.service.ts:1:1927:
[37m      1 Γöé 
...ect(new Error('Cart is 
empty'));[32m[37m\n     
 }\n\n      const 
newOrde...
        Γò╡               
                     
[32m^[0m


[31mX [41;31m[[41;97mER
ROR[41;31m][0m 
[1mTS2663: Cannot find 
name 'n'. Did you mean 
the instance member 
'this.n'?[0m 
[1m[35m[plugin 
angular-compiler][0m

    src/app/services/order
.service.ts:1:1928:
[37m      1 Γöé 
...ct(new Error('Cart is 
empty'));\[32mn[37m     
 }\n\n      const 
newOrder...
        Γò╡               
                     
[32m^[0m


[31mX [41;31m[[41;97mER
ROR[41;31m][0m 
[1mTS1127: Invalid 
character.[0m 
[1m[35m[plugin 
angular-compiler][0m

    src/app/services/order
.service.ts:1:1936:
[37m      1 Γöé 
...rror('Cart is 
empty'));\n      
}[32m[37m\n\n      
const newOrder: Order ...
        Γò╡               
                     
[32m^[0m


[31mX [41;31m[[41;97mER
ROR[41;31m][0m 
[1mTS2663: Cannot find 
name 'n'. Did you mean 
the instance member 
'this.n'?[0m 
[1m[35m[plugin 
angular-compiler][0m

    src/app/services/order
.service.ts:1:1937:
[37m      1 Γöé 
...ror('Cart is 
empty'));\n      
}\[32mn[37m\n      
const newOrder: Order =...
        Γò╡               
                     
[32m^[0m


[31mX [41;31m[[41;97mER
ROR[41;31m][0m 
[1mTS1127: Invalid 
character.[0m 
[1m[35m[plugin 
angular-compiler][0m

    src/app/services/order
.service.ts:1:1938:
[37m      1 Γöé 
...or('Cart is 
empty'));\n      
}\n[32m[37m\n      
const newOrder: Order = 
...
        Γò╡               
                     
[32m^[0m


[31mX [41;31m[[41;97mER
ROR[41;31m][0m 
[1mTS1434: Unexpected 
keyword or 
identifier.[0m 
[1m[35m[plugin 
angular-compiler][0m

    src/app/services/order
.service.ts:1:1939:
[37m      1 Γöé 
...r('Cart is empty'));\n 
     }\n\[32mn[37m      
const newOrder: Order = 
{...
        Γò╡               
                     
[32m^[0m


[31mX [41;31m[[41;97mER
ROR[41;31m][0m 
[1mTS2663: Cannot find 
name 'n'. Did you mean 
the instance member 
'this.n'?[0m 
[1m[35m[plugin 
angular-compiler][0m

    src/app/services/order
.service.ts:1:1939:
[37m      1 Γöé 
...r('Cart is empty'));\n 
     }\n\[32mn[37m      
const newOrder: Order = 
{...
        Γò╡               
                     
[32m^[0m


[31mX [41;31m[[41;97mER
ROR[41;31m][0m 
[1mTS2304: Cannot find 
name 'Order'.[0m 
[1m[35m[plugin 
angular-compiler][0m

    src/app/services/order
.service.ts:1:1962:
[37m      1 Γöé ...   
}\n\n      const 
newOrder: [32mOrder[37m 
= {\n        id: 
`ord_${Date...
        Γò╡               
                   
[32m~~~~~[0m


[31mX [41;31m[[41;97mER
ROR[41;31m][0m 
[1mTS1127: Invalid 
character.[0m 
[1m[35m[plugin 
angular-compiler][0m

    src/app/services/order
.service.ts:1:1971:
[37m      1 Γöé ...n     
 const newOrder: Order = 
{[32m[37m\n        id: 
`ord_${Date.now()}...
        Γò╡               
                     
[32m^[0m


[31mX [41;31m[[41;97mER
ROR[41;31m][0m 
[1mTS2663: Cannot find 
name 'n'. Did you mean 
the instance member 
'this.n'?[0m 
[1m[35m[plugin 
angular-compiler][0m

    src/app/services/order
.service.ts:1:1972:
[37m      1 Γöé ...      
const newOrder: Order = 
{\[32mn[37m        id: 
`ord_${Date.now()}`...
        Γò╡               
                     
[32m^[0m


[31mX [41;31m[[41;97mER
ROR[41;31m][0m 
[1mTS1005: ',' 
expected.[0m 
[1m[35m[plugin 
angular-compiler][0m

    src/app/services/order
.service.ts:1:1981:
[37m      1 Γöé ...t 
newOrder: Order = {\n     
   [32mid[37m: 
`ord_${Date.now()}`,\n    
   ...
        Γò╡               
                    
[32m~~[0m


[31mX [41;31m[[41;97mER
ROR[41;31m][0m 
[1mTS1127: Invalid 
character.[0m 
[1m[35m[plugin 
angular-compiler][0m

    src/app/services/order
.service.ts:1:2005:
[37m      1 Γöé ...      
  id: `ord_${Date.now()}`,
[32m[37m\n        
userId,\n        items...
        Γò╡               
                     
[32m^[0m


[31mX [41;31m[[41;97mER
ROR[41;31m][0m 
[1mTS2663: Cannot find 
name 'n'. Did you mean 
the instance member 
'this.n'?[0m 
[1m[35m[plugin 
angular-compiler][0m

    src/app/services/order
.service.ts:1:2006:
[37m      1 Γöé ...      
 id: `ord_${Date.now()}`,\
[32mn[37m        
userId,\n        items:...
        Γò╡               
                     
[32m^[0m


[31mX [41;31m[[41;97mER
ROR[41;31m][0m 
[1mTS1005: ',' 
expected.[0m 
[1m[35m[plugin 
angular-compiler][0m

    src/app/services/order
.service.ts:1:2015:
[37m      1 Γöé 
...ord_${Date.now()}`,\n  
      [32muserId[37m,\n 
       items: 
items.map(i...
        Γò╡               
                  
[32m~~~~~~[0m


[31mX [41;31m[[41;97mER
ROR[41;31m][0m 
[1mTS1127: Invalid 
character.[0m 
[1m[35m[plugin 
angular-compiler][0m

    src/app/services/order
.service.ts:1:2022:
[37m      1 Γöé 
...${Date.now()}`,\n      
  userId,[32m[37m\n     
   items: items.map(i => 
...
        Γò╡               
                     
[32m^[0m


[31mX [41;31m[[41;97mER
ROR[41;31m][0m 
[1mTS2663: Cannot find 
name 'n'. Did you mean 
the instance member 
'this.n'?[0m 
[1m[35m[plugin 
angular-compiler][0m

    src/app/services/order
.service.ts:1:2023:
[37m      1 Γöé 
...{Date.now()}`,\n       
 userId,\[32mn[37m      
  items: items.map(i => 
(...
        Γò╡               
                     
[32m^[0m


[31mX [41;31m[[41;97mER
ROR[41;31m][0m 
[1mTS1005: ',' 
expected.[0m 
[1m[35m[plugin 
angular-compiler][0m

    src/app/services/order
.service.ts:1:2032:
[37m      1 Γöé ...}`,\n 
       userId,\n        
[32mitems[37m: 
items.map(i => ({ 
product: ...
        Γò╡               
                   
[32m~~~~~[0m


[31mX [41;31m[[41;97mER
ROR[41;31m][0m 
[1mTS1127: Invalid 
character.[0m 
[1m[35m[plugin 
angular-compiler][0m

    src/app/services/order
.service.ts:1:2142:
[37m      1 Γöé 
....product.price * 
i.quantity 
})),[32m[37m\n        
totalAmount: this.cart...
        Γò╡               
                     
[32m^[0m


[31mX [41;31m[[41;97mER
ROR[41;31m][0m 
[1mTS2663: Cannot find 
name 'n'. Did you mean 
the instance member 
'this.n'?[0m 
[1m[35m[plugin 
angular-compiler][0m

    src/app/services/order
.service.ts:1:2143:
[37m      1 Γöé 
...product.price * 
i.quantity 
})),\[32mn[37m        
totalAmount: this.cartT...
        Γò╡               
                     
[32m^[0m


[31mX [41;31m[[41;97mER
ROR[41;31m][0m 
[1mTS1005: ',' 
expected.[0m 
[1m[35m[plugin 
angular-compiler][0m

    src/app/services/order
.service.ts:1:2152:
[37m      1 Γöé ...* 
i.quantity })),\n        
[32mtotalAmount[37m: 
this.cartTotal(),\n     
...
        Γò╡               
                
[32m~~~~~~~~~~~[0m


[31mX [41;31m[[41;97mER
ROR[41;31m][0m 
[1mTS1127: Invalid 
character.[0m 
[1m[35m[plugin 
angular-compiler][0m

    src/app/services/order
.service.ts:1:2182:
[37m      1 Γöé ...  
totalAmount: this.cartTota
l(),[32m[37m\n        
status: 'pending',\n  ...
        Γò╡               
                     
[32m^[0m


[31mX [41;31m[[41;97mER
ROR[41;31m][0m 
[1mTS2663: Cannot find 
name 'n'. Did you mean 
the instance member 
'this.n'?[0m 
[1m[35m[plugin 
angular-compiler][0m

    src/app/services/order
.service.ts:1:2183:
[37m      1 Γöé ... 
totalAmount: this.cartTota
l(),\[32mn[37m        
status: 'pending',\n   ...
        Γò╡               
                     
[32m^[0m


[31mX [41;31m[[41;97mER
ROR[41;31m][0m 
[1mTS1005: ',' 
expected.[0m 
[1m[35m[plugin 
angular-compiler][0m

    src/app/services/order
.service.ts:1:2192:
[37m      1 Γöé ...: 
this.cartTotal(),\n       
 [32mstatus[37m: 
'pending',\n        
orderDa...
        Γò╡               
                  
[32m~~~~~~[0m


[31mX [41;31m[[41;97mER
ROR[41;31m][0m 
[1mTS1127: Invalid 
character.[0m 
[1m[35m[plugin 
angular-compiler][0m

    src/app/services/order
.service.ts:1:2210:
[37m      1 Γöé 
...l(),\n        status: 
'pending',[32m[37m\n    
    orderDate: new 
Date()....
        Γò╡               
                     
[32m^[0m


[31mX [41;31m[[41;97mER
ROR[41;31m][0m 
[1mTS2663: Cannot find 
name 'n'. Did you mean 
the instance member 
'this.n'?[0m 
[1m[35m[plugin 
angular-compiler][0m

    src/app/services/order
.service.ts:1:2211:
[37m      1 Γöé ...(),\n 
       status: 
'pending',\[32mn[37m    
    orderDate: new 
Date().t...
        Γò╡               
                     
[32m^[0m


[31mX [41;31m[[41;97mER
ROR[41;31m][0m 
[1mTS1005: ',' 
expected.[0m 
[1m[35m[plugin 
angular-compiler][0m

    src/app/services/order
.service.ts:1:2220:
[37m      1 Γöé 
...status: 'pending',\n   
     [32morderDate[37m: 
new 
Date().toISOString()\...
        Γò╡               
                 
[32m~~~~~~~~~[0m


[31mX [41;31m[[41;97mER
ROR[41;31m][0m 
[1mTS1127: Invalid 
character.[0m 
[1m[35m[plugin 
angular-compiler][0m

    src/app/services/order
.service.ts:1:2255:
[37m      1 Γöé 
...erDate: new Date().toIS
OString()[32m[37m\n     
 };\n\n      
this.userOrd...
        Γò╡               
                     
[32m^[0m


[31mX [41;31m[[41;97mER
ROR[41;31m][0m 
[1mTS2663: Cannot find 
name 'n'. Did you mean 
the instance member 
'this.n'?[0m 
[1m[35m[plugin 
angular-compiler][0m

    src/app/services/order
.service.ts:1:2256:
[37m      1 Γöé 
...rDate: new Date().toISO
String()\[32mn[37m      
};\n\n      
this.userOrde...
        Γò╡               
                     
[32m^[0m


[31mX [41;31m[[41;97mER
ROR[41;31m][0m 
[1mTS1127: Invalid 
character.[0m 
[1m[35m[plugin 
angular-compiler][0m

    src/app/services/order
.service.ts:1:2265:
[37m      1 Γöé ...w 
Date().toISOString()\n    
  };[32m[37m\n\n      
this.userOrdersSignal....
        Γò╡               
                     
[32m^[0m


[31mX [41;31m[[41;97mER
ROR[41;31m][0m 
[1mTS2663: Cannot find 
name 'n'. Did you mean 
the instance member 
'this.n'?[0m 
[1m[35m[plugin 
angular-compiler][0m

    src/app/services/order
.service.ts:1:2266:
[37m      1 Γöé ... 
Date().toISOString()\n    
  };\[32mn[37m\n      
this.userOrdersSignal.u...
        Γò╡               
                     
[32m^[0m


[31mX [41;31m[[41;97mER
ROR[41;31m][0m 
[1mTS1127: Invalid 
character.[0m 
[1m[35m[plugin 
angular-compiler][0m

    src/app/services/order
.service.ts:1:2267:
[37m      1 Γöé 
...Date().toISOString()\n 
     };\n[32m[37m\n     
 this.userOrdersSignal.up.
..
        Γò╡               
                     
[32m^[0m


[31mX [41;31m[[41;97mER
ROR[41;31m][0m 
[1mTS1434: Unexpected 
keyword or 
identifier.[0m 
[1m[35m[plugin 
angular-compiler][0m

    src/app/services/order
.service.ts:1:2268:
[37m      1 Γöé 
...ate().toISOString()\n  
    };\n\[32mn[37m      
this.userOrdersSignal.upd.
..
        Γò╡               
                     
[32m^[0m


[31mX [41;31m[[41;97mER
ROR[41;31m][0m 
[1mTS2663: Cannot find 
name 'n'. Did you mean 
the instance member 
'this.n'?[0m 
[1m[35m[plugin 
angular-compiler][0m

    src/app/services/order
.service.ts:1:2268:
[37m      1 Γöé 
...ate().toISOString()\n  
    };\n\[32mn[37m      
this.userOrdersSignal.upd.
..
        Γò╡               
                     
[32m^[0m


[31mX [41;31m[[41;97mER
ROR[41;31m][0m 
[1mTS1127: Invalid 
character.[0m 
[1m[35m[plugin 
angular-compiler][0m

    src/app/services/order
.service.ts:1:2337:
[37m      1 Γöé ...rders 
=> [...orders, 
newOrder]);[32m[37m\n   
   this.clearCart();\n    
 ...
        Γò╡               
                     
[32m^[0m


[31mX [41;31m[[41;97mER
ROR[41;31m][0m 
[1mTS1434: Unexpected 
keyword or 
identifier.[0m 
[1m[35m[plugin 
angular-compiler][0m

    src/app/services/order
.service.ts:1:2338:
[37m      1 Γöé ...ders 
=> [...orders, 
newOrder]);\[32mn[37m   
   this.clearCart();\n    
  ...
        Γò╡               
                     
[32m^[0m


[31mX [41;31m[[41;97mER
ROR[41;31m][0m 
[1mTS2663: Cannot find 
name 'n'. Did you mean 
the instance member 
'this.n'?[0m 
[1m[35m[plugin 
angular-compiler][0m

    src/app/services/order
.service.ts:1:2338:
[37m      1 Γöé ...ders 
=> [...orders, 
newOrder]);\[32mn[37m   
   this.clearCart();\n    
  ...
        Γò╡               
                     
[32m^[0m


[31mX [41;31m[[41;97mER
ROR[41;31m][0m 
[1mTS1127: Invalid 
character.[0m 
[1m[35m[plugin 
angular-compiler][0m

    src/app/services/order
.service.ts:1:2362:
[37m      1 Γöé 
...rder]);\n      this.cle
arCart();[32m[37m\n     
 setTimeout(() => 
resolve...
        Γò╡               
                     
[32m^[0m


[31mX [41;31m[[41;97mER
ROR[41;31m][0m 
[1mTS1434: Unexpected 
keyword or 
identifier.[0m 
[1m[35m[plugin 
angular-compiler][0m

    src/app/services/order
.service.ts:1:2363:
[37m      1 Γöé 
...der]);\n      this.clea
rCart();\[32mn[37m      
setTimeout(() => 
resolve(...
        Γò╡               
                     
[32m^[0m


[31mX [41;31m[[41;97mER
ROR[41;31m][0m 
[1mTS2663: Cannot find 
name 'n'. Did you mean 
the instance member 
'this.n'?[0m 
[1m[35m[plugin 
angular-compiler][0m

    src/app/services/order
.service.ts:1:2363:
[37m      1 Γöé 
...der]);\n      this.clea
rCart();\[32mn[37m      
setTimeout(() => 
resolve(...
        Γò╡               
                     
[32m^[0m


[31mX [41;31m[[41;97mER
ROR[41;31m][0m 
[1mTS1127: Invalid 
character.[0m 
[1m[35m[plugin 
angular-compiler][0m

    src/app/services/order
.service.ts:1:2412:
[37m      1 Γöé ...      
setTimeout(() => 
resolve(newOrder), 
1000);[32m[37m\n    
});\n  }\n}\n
        Γò╡               
                          
           [32m^[0m


[31mX [41;31m[[41;97mER
ROR[41;31m][0m 
[1mTS2663: Cannot find 
name 'n'. Did you mean 
the instance member 
'this.n'?[0m 
[1m[35m[plugin 
angular-compiler][0m

    src/app/services/order
.service.ts:1:2413:
[37m      1 Γöé ...      
setTimeout(() => 
resolve(newOrder), 
1000);\[32mn[37m    
});\n  }\n}\n
        Γò╡               
                          
            [32m^[0m


[31mX [41;31m[[41;97mER
ROR[41;31m][0m 
[1mTS1127: Invalid 
character.[0m 
[1m[35m[plugin 
angular-compiler][0m

    src/app/services/order
.service.ts:1:2421:
[37m      1 Γöé ...      
setTimeout(() => 
resolve(newOrder), 
1000);\n    
});[32m[37m\n  }\n}\n
        Γò╡               
                          
                    
[32m^[0m


[31mX [41;31m[[41;97mER
ROR[41;31m][0m 
[1mTS2663: Cannot find 
name 'n'. Did you mean 
the instance member 
'this.n'?[0m 
[1m[35m[plugin 
angular-compiler][0m

    src/app/services/order
.service.ts:1:2422:
[37m      1 Γöé ...      
setTimeout(() => 
resolve(newOrder), 
1000);\n    
});\[32mn[37m  }\n}\n
        Γò╡               
                          
                     
[32m^[0m


[31mX [41;31m[[41;97mER
ROR[41;31m][0m 
[1mTS1127: Invalid 
character.[0m 
[1m[35m[plugin 
angular-compiler][0m

    src/app/services/order
.service.ts:1:2426:
[37m      1 Γöé ...      
setTimeout(() => 
resolve(newOrder), 
1000);\n    });\n  
}[32m[37m\n}\n
        Γò╡               
                          
                         
[32m^[0m


[31mX [41;31m[[41;97mER
ROR[41;31m][0m 
[1mTS2300: Duplicate 
identifier 'n'.[0m 
[1m[35m[plugin 
angular-compiler][0m

    src/app/services/order
.service.ts:1:2427:
[37m      1 Γöé ...      
setTimeout(() => 
resolve(newOrder), 
1000);\n    });\n  
}\[32mn[37m}\n
        Γò╡               
                          
                          
[32m^[0m


[31mX [41;31m[[41;97mER
ROR[41;31m][0m 
[1mTS1127: Invalid 
character.[0m 
[1m[35m[plugin 
angular-compiler][0m

    src/app/services/order
.service.ts:1:2429:
[37m      1 Γöé ...      
setTimeout(() => 
resolve(newOrder), 
1000);\n    });\n  
}\n}[32m[37m\n
        Γò╡               
                          
                          
  [32m^[0m


[31mX [41;31m[[41;97mER
ROR[41;31m][0m 
[1mTS2304: Cannot find 
name 'n'.[0m 
[1m[35m[plugin 
angular-compiler][0m

    src/app/services/order
.service.ts:1:2430:
[37m      1 Γöé ...      
setTimeout(() => 
resolve(newOrder), 
1000);\n    });\n  
}\n}\[32mn[37m
        Γò╡               
                          
                          
   [32m^[0m


[31mX [41;31m[[41;97mER
ROR[41;31m][0m 
[1mTS1127: Invalid 
character.[0m 
[1m[35m[plugin 
angular-compiler][0m

    src/app/services/produ
ct.service.ts:1:51:
[37m      1 Γöé ..., 
signal } from '@angular/co
re';[32m[37m\nimport { 
Product } from '../mo...
        Γò╡               
                     
[32m^[0m


[31mX [41;31m[[41;97mER
ROR[41;31m][0m 
[1mTS1435: Unknown 
keyword or identifier. 
Did you mean 
'import'?[0m 
[1m[35m[plugin 
angular-compiler][0m

    src/app/services/produ
ct.service.ts:1:52:
[37m      1 Γöé ...gnal 
} from '@angular/core';\[
32mnimport[37m { Product 
} from '../models...
        Γò╡               
                  
[32m~~~~~~~[0m


[31mX [41;31m[[41;97mER
ROR[41;31m][0m 
[1mTS2304: Cannot find 
name 'nimport'.[0m 
[1m[35m[plugin 
angular-compiler][0m

    src/app/services/produ
ct.service.ts:1:52:
[37m      1 Γöé ...gnal 
} from '@angular/core';\[
32mnimport[37m { Product 
} from '../models...
        Γò╡               
                  
[32m~~~~~~~[0m


[31mX [41;31m[[41;97mER
ROR[41;31m][0m 
[1mTS2304: Cannot find 
name 'Product'.[0m 
[1m[35m[plugin 
angular-compiler][0m

    src/app/services/produ
ct.service.ts:1:62:
[37m      1 Γöé ...m 
'@angular/core';\nimport 
{ [32mProduct[37m } 
from 
'../models/product.m...
        Γò╡               
                  
[32m~~~~~~~[0m


[31mX [41;31m[[41;97mER
ROR[41;31m][0m 
[1mTS1434: Unexpected 
keyword or 
identifier.[0m 
[1m[35m[plugin 
angular-compiler][0m

    src/app/services/produ
ct.service.ts:1:72:
[37m      1 Γöé 
...ar/core';\nimport { 
Product } [32mfrom[37m '
../models/product.model';\
n\...
        Γò╡               
                   
[32m~~~~[0m


[31mX [41;31m[[41;97mER
ROR[41;31m][0m 
[1mTS2304: Cannot find 
name 'from'.[0m 
[1m[35m[plugin 
angular-compiler][0m

    src/app/services/produ
ct.service.ts:1:72:
[37m      1 Γöé 
...ar/core';\nimport { 
Product } [32mfrom[37m '
../models/product.model';\
n\...
        Γò╡               
                   
[32m~~~~[0m


[31mX [41;31m[[41;97mER
ROR[41;31m][0m 
[1mTS1127: Invalid 
character.[0m 
[1m[35m[plugin 
angular-compiler][0m

    src/app/services/produ
ct.service.ts:1:103:
[37m      1 Γöé ... from 
'../models/product.model';
[32m[37m\n\n@Injectable(
{\n  providedIn:...
        Γò╡               
                     
[32m^[0m


[31mX [41;31m[[41;97mER
ROR[41;31m][0m 
[1mTS2304: Cannot find 
name 'n'.[0m 
[1m[35m[plugin 
angular-compiler][0m

    src/app/services/produ
ct.service.ts:1:104:
[37m      1 Γöé ...from '
../models/product.model';\
[32mn[37m\n@Injectable({
\n  providedIn: ...
        Γò╡               
                     
[32m^[0m


[31mX [41;31m[[41;97mER
ROR[41;31m][0m 
[1mTS1127: Invalid 
character.[0m 
[1m[35m[plugin 
angular-compiler][0m

    src/app/services/produ
ct.service.ts:1:105:
[37m      1 Γöé ...rom '.
./models/product.model';\n
[32m[37m\n@Injectable({\
n  providedIn: '...
        Γò╡               
                     
[32m^[0m


[31mX [41;31m[[41;97mER
ROR[41;31m][0m 
[1mTS1434: Unexpected 
keyword or 
identifier.[0m 
[1m[35m[plugin 
angular-compiler][0m

    src/app/services/produ
ct.service.ts:1:106:
[37m      1 Γöé ...om '..
/models/product.model';\n\
[32mn[37m@Injectable({\n
  providedIn: 'r...
        Γò╡               
                     
[32m^[0m


[31mX [41;31m[[41;97mER
ROR[41;31m][0m 
[1mTS2304: Cannot find 
name 'n'.[0m 
[1m[35m[plugin 
angular-compiler][0m

    src/app/services/produ
ct.service.ts:1:106:
[37m      1 Γöé ...om '..
/models/product.model';\n\
[32mn[37m@Injectable({\n
  providedIn: 'r...
        Γò╡               
                     
[32m^[0m


[31mX [41;31m[[41;97mER
ROR[41;31m][0m 
[1mTS1127: Invalid 
character.[0m 
[1m[35m[plugin 
angular-compiler][0m

    src/app/services/produ
ct.service.ts:1:120:
[37m      1 Γöé ...produc
t.model';\n\n@Injectable({
[32m[37m\n  providedIn: 
'root'\n})\nexpo...
        Γò╡               
                     
[32m^[0m


[31mX [41;31m[[41;97mER
ROR[41;31m][0m 
[1mTS1005: ',' 
expected.[0m 
[1m[35m[plugin 
angular-compiler][0m

    src/app/services/produ
ct.service.ts:1:124:
[37m      1 Γöé ...odel';
\n\n@Injectable({\n  
[32mprovidedIn[37m: 
'root'\n})\nexport class 
...
        Γò╡               
                
[32m~~~~~~~~~~[0m


[31mX [41;31m[[41;97mER
ROR[41;31m][0m 
[1mTS1127: Invalid 
character.[0m 
[1m[35m[plugin 
angular-compiler][0m

    src/app/services/produ
ct.service.ts:1:142:
[37m      1 Γöé 
...jectable({\n  
providedIn: 'root'[32m[3
7m\n})\nexport class 
ProductServic...
        Γò╡               
                     
[32m^[0m


[31mX [41;31m[[41;97mER
ROR[41;31m][0m 
[1mTS1127: Invalid 
character.[0m 
[1m[35m[plugin 
angular-compiler][0m

    src/app/services/produ
ct.service.ts:1:146:
[37m      1 Γöé 
...able({\n  providedIn: '
root'\n})[32m[37m\nexpor
t class ProductService 
{\...
        Γò╡               
                     
[32m^[0m


[31mX [41;31m[[41;97mER
ROR[41;31m][0m 
[1mTS1435: Unknown 
keyword or identifier. 
Did you mean 
'export'?[0m 
[1m[35m[plugin 
angular-compiler][0m

    src/app/services/produ
ct.service.ts:1:147:
[37m      1 Γöé ...({\n  
providedIn: 'root'\n})\[3
2mnexport[37m class 
ProductService {\n  p...
        Γò╡               
                  
[32m~~~~~~~[0m


[31mX [41;31m[[41;97mER
ROR[41;31m][0m 
[1mTS2304: Cannot find 
name 'nexport'.[0m 
[1m[35m[plugin 
angular-compiler][0m

    src/app/services/produ
ct.service.ts:1:147:
[37m      1 Γöé ...({\n  
providedIn: 'root'\n})\[3
2mnexport[37m class 
ProductService {\n  p...
        Γò╡               
                  
[32m~~~~~~~[0m


[31mX [41;31m[[41;97mER
ROR[41;31m][0m 
[1mTS1127: Invalid 
character.[0m 
[1m[35m[plugin 
angular-compiler][0m

    src/app/services/produ
ct.service.ts:1:177:
[37m      1 Γöé 
...)\nexport class 
ProductService 
{[32m[37m\n  private 
readonly productsSig...
        Γò╡               
                     
[32m^[0m


[31mX [41;31m[[41;97mER
ROR[41;31m][0m 
[1mTS1434: Unexpected 
keyword or 
identifier.[0m 
[1m[35m[plugin 
angular-compiler][0m

    src/app/services/produ
ct.service.ts:1:178:
[37m      1 Γöé 
...\nexport class 
ProductService 
{\[32mn[37m  private 
readonly productsSign...
        Γò╡               
                     
[32m^[0m


[31mX [41;31m[[41;97mER
ROR[41;31m][0m 
[1mTS7008: Member 'n' 
implicitly has an 'any' 
type.[0m 
[1m[35m[plugin 
angular-compiler][0m

    src/app/services/produ
ct.service.ts:1:178:
[37m      1 Γöé 
...\nexport class 
ProductService 
{\[32mn[37m  private 
readonly productsSign...
        Γò╡               
                     
[32m^[0m


[31mX [41;31m[[41;97mER
ROR[41;31m][0m 
[1mTS2304: Cannot find 
name 'Product'.[0m 
[1m[35m[plugin 
angular-compiler][0m

    src/app/services/produ
ct.service.ts:1:222:
[37m      1 Γöé ...only 
productsSignal = signal<[
32mProduct[37m[]>([\n    
{\n      id: 'p1'...
        Γò╡               
                  
[32m~~~~~~~[0m


[31mX [41;31m[[41;97mER
ROR[41;31m][0m 
[1mTS1127: Invalid 
character.[0m 
[1m[35m[plugin 
angular-compiler][0m

    src/app/services/produ
ct.service.ts:1:234:
[37m      1 Γöé 
...uctsSignal = signal<Pro
duct[]>([[32m[37m\n    
{\n      id: 'p1',\n      
...
        Γò╡               
                     
[32m^[0m


[31mX [41;31m[[41;97mER
ROR[41;31m][0m 
[1mTS2663: Cannot find 
name 'n'. Did you mean 
the instance member 
'this.n'?[0m 
[1m[35m[plugin 
angular-compiler][0m

    src/app/services/produ
ct.service.ts:1:235:
[37m      1 Γöé 
...ctsSignal = signal<Prod
uct[]>([\[32mn[37m    
{\n      id: 'p1',\n      
n...
        Γò╡               
                     
[32m^[0m


[31mX [41;31m[[41;97mER
ROR[41;31m][0m 
[1mTS1005: ',' 
expected.[0m 
[1m[35m[plugin 
angular-compiler][0m

    src/app/services/produ
ct.service.ts:1:240:
[37m      1 Γöé ...gnal 
= signal<Product[]>([\n   
 [32m{[37m\n      id: 
'p1',\n      name: ...
        Γò╡               
                     
[32m^[0m


[31mX [41;31m[[41;97mER
ROR[41;31m][0m 
[1mTS1127: Invalid 
character.[0m 
[1m[35m[plugin 
angular-compiler][0m

    src/app/services/produ
ct.service.ts:1:241:
[37m      1 Γöé ...nal = 
signal<Product[]>([\n    
{[32m[37m\n      id: 
'p1',\n      name: '...
        Γò╡               
                     
[32m^[0m


[31mX [41;31m[[41;97mER
ROR[41;31m][0m 
[1mTS2663: Cannot find 
name 'n'. Did you mean 
the instance member 
'this.n'?[0m 
[1m[35m[plugin 
angular-compiler][0m

    src/app/services/produ
ct.service.ts:1:242:
[37m      1 Γöé ...al = 
signal<Product[]>([\n    
{\[32mn[37m      id: 
'p1',\n      name: 'F...
        Γò╡               
                     
[32m^[0m


[31mX [41;31m[[41;97mER
ROR[41;31m][0m 
[1mTS1005: ',' 
expected.[0m 
[1m[35m[plugin 
angular-compiler][0m

    src/app/services/produ
ct.service.ts:1:249:
[37m      1 Γöé 
...nal<Product[]>([\n    
{\n      [32mid[37m: 
'p1',\n      name: 'Fresh 
App...
        Γò╡               
                    
[32m~~[0m


[31mX [41;31m[[41;97mER
ROR[41;31m][0m 
[1mTS1127: Invalid 
character.[0m 
[1m[35m[plugin 
angular-compiler][0m

    src/app/services/produ
ct.service.ts:1:258:
[37m      1 Γöé 
...uct[]>([\n    {\n      
id: 'p1',[32m[37m\n     
 name: 'Fresh Apples',\n 
...
        Γò╡               
                     
[32m^[0m


[31mX [41;31m[[41;97mER
ROR[41;31m][0m 
[1mTS2663: Cannot find 
name 'n'. Did you mean 
the instance member 
'this.n'?[0m 
[1m[35m[plugin 
angular-compiler][0m

    src/app/services/produ
ct.service.ts:1:259:
[37m      1 Γöé 
...ct[]>([\n    {\n      
id: 'p1',\[32mn[37m     
 name: 'Fresh Apples',\n  
...
        Γò╡               
                     
[32m^[0m


[31mX [41;31m[[41;97mER
ROR[41;31m][0m 
[1mTS1005: ',' 
expected.[0m 
[1m[35m[plugin 
angular-compiler][0m

    src/app/services/produ
ct.service.ts:1:266:
[37m      1 Γöé ...    
{\n      id: 'p1',\n      
[32mname[37m: 'Fresh 
Apples',\n      descr...
        Γò╡               
                   
[32m~~~~[0m


[31mX [41;31m[[41;97mER
ROR[41;31m][0m 
[1mTS1127: Invalid 
character.[0m 
[1m[35m[plugin 
angular-compiler][0m

    src/app/services/produ
ct.service.ts:1:287:
[37m      1 Γöé ...1',\n 
     name: 'Fresh 
Apples',[32m[37m\n      
description: 'Crisp and 
...
        Γò╡               
                     
[32m^[0m


[31mX [41;31m[[41;97mER
ROR[41;31m][0m 
[1mTS2663: Cannot find 
name 'n'. Did you mean 
the instance member 
'this.n'?[0m 
[1m[35m[plugin 
angular-compiler][0m

    src/app/services/produ
ct.service.ts:1:288:
[37m      1 Γöé ...',\n  
    name: 'Fresh 
Apples',\[32mn[37m      
description: 'Crisp and 
s...
        Γò╡               
                     
[32m^[0m


[31mX [41;31m[[41;97mER
ROR[41;31m][0m 
[1mTS1005: ',' 
expected.[0m 
[1m[35m[plugin 
angular-compiler][0m

    src/app/services/produ
ct.service.ts:1:295:
[37m      1 Γöé ...me: 
'Fresh Apples',\n      
[32mdescription[37m: 
'Crisp and sweet fresh 
a...
        Γò╡               
                
[32m~~~~~~~~~~~[0m


[31mX [41;31m[[41;97mER
ROR[41;31m][0m 
[1mTS1127: Invalid 
character.[0m 
[1m[35m[plugin 
angular-compiler][0m

    src/app/services/produ
ct.service.ts:1:340:
[37m      1 Γöé 
...'Crisp and sweet fresh 
apples.',[32m[37m\n     
 price: 2.99,\n      
imag...
        Γò╡               
                     
[32m^[0m


[31mX [41;31m[[41;97mER
ROR[41;31m][0m 
[1mTS2663: Cannot find 
name 'n'. Did you mean 
the instance member 
'this.n'?[0m 
[1m[35m[plugin 
angular-compiler][0m

    src/app/services/produ
ct.service.ts:1:341:
[37m      1 Γöé ...Crisp 
and sweet fresh 
apples.',\[32mn[37m     
 price: 2.99,\n      
image...
        Γò╡               
                     
[32m^[0m


[31mX [41;31m[[41;97mER
ROR[41;31m][0m 
[1mTS1005: ',' 
expected.[0m 
[1m[35m[plugin 
angular-compiler][0m

    src/app/services/produ
ct.service.ts:1:348:
[37m      1 Γöé ... 
sweet fresh apples.',\n   
   [32mprice[37m: 
2.99,\n      imageUrl: 
'htt...
        Γò╡               
                   
[32m~~~~~[0m


[31mX [41;31m[[41;97mER
ROR[41;31m][0m 
[1mTS1127: Invalid 
character.[0m 
[1m[35m[plugin 
angular-compiler][0m

    src/app/services/produ
ct.service.ts:1:360:
[37m      1 Γöé ...sh 
apples.',\n      price: 
2.99,[32m[37m\n      
imageUrl: 
'https://via.p...
        Γò╡               
                     
[32m^[0m


[31mX [41;31m[[41;97mER
ROR[41;31m][0m 
[1mTS2663: Cannot find 
name 'n'. Did you mean 
the instance member 
'this.n'?[0m 
[1m[35m[plugin 
angular-compiler][0m

    src/app/services/produ
ct.service.ts:1:361:
[37m      1 Γöé ...h 
apples.',\n      price: 
2.99,\[32mn[37m      
imageUrl: 
'https://via.pl...
        Γò╡               
                     
[32m^[0m


[31mX [41;31m[[41;97mER
ROR[41;31m][0m 
[1mTS1005: ',' 
expected.[0m 
[1m[35m[plugin 
angular-compiler][0m

    src/app/services/produ
ct.service.ts:1:368:
[37m      1 Γöé ...\n    
  price: 2.99,\n      
[32mimageUrl[37m: 'https
://via.placeholder.c...
        Γò╡               
                 
[32m~~~~~~~~[0m


[31mX [41;31m[[41;97mER
ROR[41;31m][0m 
[1mTS1127: Invalid 
character.[0m 
[1m[35m[plugin 
angular-compiler][0m

    src/app/services/produ
ct.service.ts:1:412:
[37m      1 Γöé ...ttps:/
/via.placeholder.com/150',
[32m[37m\n      
category: 'Fruits',\n   
...
        Γò╡               
                     
[32m^[0m


[31mX [41;31m[[41;97mER
ROR[41;31m][0m 
[1mTS2663: Cannot find 
name 'n'. Did you mean 
the instance member 
'this.n'?[0m 
[1m[35m[plugin 
angular-compiler][0m

    src/app/services/produ
ct.service.ts:1:413:
[37m      1 Γöé ...tps://
via.placeholder.com/150',\
[32mn[37m      
category: 'Fruits',\n    
...
        Γò╡               
                     
[32m^[0m


[31mX [41;31m[[41;97mER
ROR[41;31m][0m 
[1mTS1005: ',' 
expected.[0m 
[1m[35m[plugin 
angular-compiler][0m

    src/app/services/produ
ct.service.ts:1:420:
[37m      1 Γöé 
...laceholder.com/150',\n 
     [32mcategory[37m: 
'Fruits',\n      stock: 
50...
        Γò╡               
                 
[32m~~~~~~~~[0m


[31mX [41;31m[[41;97mER
ROR[41;31m][0m 
[1mTS1127: Invalid 
character.[0m 
[1m[35m[plugin 
angular-compiler][0m

    src/app/services/produ
ct.service.ts:1:439:
[37m      1 Γöé 
...150',\n      category: 
'Fruits',[32m[37m\n     
 stock: 50\n    },\n    
{...
        Γò╡               
                     
[32m^[0m


[31mX [41;31m[[41;97mER
ROR[41;31m][0m 
[1mTS2663: Cannot find 
name 'n'. Did you mean 
the instance member 
'this.n'?[0m 
[1m[35m[plugin 
angular-compiler][0m

    src/app/services/produ
ct.service.ts:1:440:
[37m      1 Γöé 
...50',\n      category: 
'Fruits',\[32mn[37m     
 stock: 50\n    },\n    
{\...
        Γò╡               
                     
[32m^[0m


[31mX [41;31m[[41;97mER
ROR[41;31m][0m 
[1mTS1005: ',' 
expected.[0m 
[1m[35m[plugin 
angular-compiler][0m

    src/app/services/produ
ct.service.ts:1:447:
[37m      1 Γöé ...   
category: 'Fruits',\n     
 [32mstock[37m: 50\n    
},\n    {\n      id...
        Γò╡               
                   
[32m~~~~~[0m


[31mX [41;31m[[41;97mER
ROR[41;31m][0m 
[1mTS1127: Invalid 
character.[0m 
[1m[35m[plugin 
angular-compiler][0m

    src/app/services/produ
ct.service.ts:1:456:
[37m      1 Γöé ...gory: 
'Fruits',\n      stock: 
50[32m[37m\n    },\n    
{\n      id: 'p2',...
        Γò╡               
                     
[32m^[0m


[31mX [41;31m[[41;97mER
ROR[41;31m][0m 
[1mTS2663: Cannot find 
name 'n'. Did you mean 
the instance member 
'this.n'?[0m 
[1m[35m[plugin 
angular-compiler][0m

    src/app/services/produ
ct.service.ts:1:457:
[37m      1 Γöé ...ory: 
'Fruits',\n      stock: 
50\[32mn[37m    },\n    
{\n      id: 'p2',\...
        Γò╡               
                     
[32m^[0m


[31mX [41;31m[[41;97mER
ROR[41;31m][0m 
[1mTS1127: Invalid 
character.[0m 
[1m[35m[plugin 
angular-compiler][0m

    src/app/services/produ
ct.service.ts:1:464:
[37m      1 Γöé 
...ruits',\n      stock: 
50\n    },[32m[37m\n    
{\n      id: 'p2',\n      
...
        Γò╡               
                     
[32m^[0m


[31mX [41;31m[[41;97mER
ROR[41;31m][0m 
[1mTS2663: Cannot find 
name 'n'. Did you mean 
the instance member 
'this.n'?[0m 
[1m[35m[plugin 
angular-compiler][0m

    src/app/services/produ
ct.service.ts:1:465:
[37m      1 Γöé 
...uits',\n      stock: 
50\n    },\[32mn[37m    
{\n      id: 'p2',\n      
n...
        Γò╡               
                     
[32m^[0m


[31mX [41;31m[[41;97mER
ROR[41;31m][0m 
[1mTS1005: ',' 
expected.[0m 
[1m[35m[plugin 
angular-compiler][0m

    src/app/services/produ
ct.service.ts:1:470:
[37m      1 Γöé ...,\n   
   stock: 50\n    },\n    
[32m{[37m\n      id: 
'p2',\n      name: ...
        Γò╡               
                     
[32m^[0m


[31mX [41;31m[[41;97mER
ROR[41;31m][0m 
[1mTS1127: Invalid 
character.[0m 
[1m[35m[plugin 
angular-compiler][0m

    src/app/services/produ
ct.service.ts:1:471:
[37m      1 Γöé ...\n    
  stock: 50\n    },\n    
{[32m[37m\n      id: 
'p2',\n      name: '...
        Γò╡               
                     
[32m^[0m


[31mX [41;31m[[41;97mER
ROR[41;31m][0m 
[1mTS2663: Cannot find 
name 'n'. Did you mean 
the instance member 
'this.n'?[0m 
[1m[35m[plugin 
angular-compiler][0m

    src/app/services/produ
ct.service.ts:1:472:
[37m      1 Γöé ...n     
 stock: 50\n    },\n    
{\[32mn[37m      id: 
'p2',\n      name: 'O...
        Γò╡               
                     
[32m^[0m


[31mX [41;31m[[41;97mER
ROR[41;31m][0m 
[1mTS1005: ',' 
expected.[0m 
[1m[35m[plugin 
angular-compiler][0m

    src/app/services/produ
ct.service.ts:1:479:
[37m      1 Γöé ...tock: 
50\n    },\n    {\n      
[32mid[37m: 'p2',\n     
 name: 'Organic B...
        Γò╡               
                    
[32m~~[0m


[31mX [41;31m[[41;97mER
ROR[41;31m][0m 
[1mTS1127: Invalid 
character.[0m 
[1m[35m[plugin 
angular-compiler][0m

    src/app/services/produ
ct.service.ts:1:488:
[37m      1 Γöé ...\n    
},\n    {\n      id: 
'p2',[32m[37m\n      
name: 'Organic 
Bananas',...
        Γò╡               
                     
[32m^[0m


[31mX [41;31m[[41;97mER
ROR[41;31m][0m 
[1mTS2663: Cannot find 
name 'n'. Did you mean 
the instance member 
'this.n'?[0m 
[1m[35m[plugin 
angular-compiler][0m

    src/app/services/produ
ct.service.ts:1:489:
[37m      1 Γöé ...n    
},\n    {\n      id: 
'p2',\[32mn[37m      
name: 'Organic 
Bananas',\...
        Γò╡               
                     
[32m^[0m


[31mX [41;31m[[41;97mER
ROR[41;31m][0m 
[1mTS1005: ',' 
expected.[0m 
[1m[35m[plugin 
angular-compiler][0m

    src/app/services/produ
ct.service.ts:1:496:
[37m      1 Γöé ...    
{\n      id: 'p2',\n      
[32mname[37m: 'Organic 
Bananas',\n      de...
        Γò╡               
                   
[32m~~~~[0m


[31mX [41;31m[[41;97mER
ROR[41;31m][0m 
[1mTS1127: Invalid 
character.[0m 
[1m[35m[plugin 
angular-compiler][0m

    src/app/services/produ
ct.service.ts:1:520:
[37m      1 Γöé ...\n    
  name: 'Organic 
Bananas',[32m[37m\n     
 description: 'A bunch 
of...
        Γò╡               
                     
[32m^[0m


[31mX [41;31m[[41;97mER
ROR[41;31m][0m 
[1mTS2663: Cannot find 
name 'n'. Did you mean 
the instance member 
'this.n'?[0m 
[1m[35m[plugin 
angular-compiler][0m

    src/app/services/produ
ct.service.ts:1:521:
[37m      1 Γöé ...n     
 name: 'Organic 
Bananas',\[32mn[37m     
 description: 'A bunch of 
...
        Γò╡               
                     
[32m^[0m


[31mX [41;31m[[41;97mER
ROR[41;31m][0m 
[1mTS1005: ',' 
expected.[0m 
[1m[35m[plugin 
angular-compiler][0m

    src/app/services/produ
ct.service.ts:1:528:
[37m      1 Γöé ... 
'Organic Bananas',\n      
[32mdescription[37m: 'A 
bunch of ripe bananas...
        Γò╡               
                
[32m~~~~~~~~~~~[0m


[31mX [41;31m[[41;97mER
ROR[41;31m][0m 
[1mTS1127: Invalid 
character.[0m 
[1m[35m[plugin 
angular-compiler][0m

    src/app/services/produ
ct.service.ts:1:568:
[37m      1 Γöé ...ion: 
'A bunch of ripe 
bananas.',[32m[37m\n    
  price: 1.99,\n      
imag...
        Γò╡               
                     
[32m^[0m


[31mX [41;31m[[41;97mER
ROR[41;31m][0m 
[1mTS2663: Cannot find 
name 'n'. Did you mean 
the instance member 
'this.n'?[0m 
[1m[35m[plugin 
angular-compiler][0m

    src/app/services/produ
ct.service.ts:1:569:
[37m      1 Γöé ...on: 
'A bunch of ripe 
bananas.',\[32mn[37m    
  price: 1.99,\n      
image...
        Γò╡               
                     
[32m^[0m


[31mX [41;31m[[41;97mER
ROR[41;31m][0m 
[1mTS1005: ',' 
expected.[0m 
[1m[35m[plugin 
angular-compiler][0m

    src/app/services/produ
ct.service.ts:1:576:
[37m      1 Γöé ...nch 
of ripe bananas.',\n      
[32mprice[37m: 1.99,\n  
    imageUrl: 'htt...
        Γò╡               
                   
[32m~~~~~[0m


[31mX [41;31m[[41;97mER
ROR[41;31m][0m 
[1mTS1127: Invalid 
character.[0m 
[1m[35m[plugin 
angular-compiler][0m

    src/app/services/produ
ct.service.ts:1:588:
[37m      1 Γöé ...e 
bananas.',\n      price: 
1.99,[32m[37m\n      
imageUrl: 
'https://via.p...
        Γò╡               
                     
[32m^[0m


[31mX [41;31m[[41;97mER
ROR[41;31m][0m 
[1mTS2663: Cannot find 
name 'n'. Did you mean 
the instance member 
'this.n'?[0m 
[1m[35m[plugin 
angular-compiler][0m

    src/app/services/produ
ct.service.ts:1:589:
[37m      1 Γöé ... 
bananas.',\n      price: 
1.99,\[32mn[37m      
imageUrl: 
'https://via.pl...
        Γò╡               
                     
[32m^[0m


[31mX [41;31m[[41;97mER
ROR[41;31m][0m 
[1mTS1005: ',' 
expected.[0m 
[1m[35m[plugin 
angular-compiler][0m

    src/app/services/produ
ct.service.ts:1:596:
[37m      1 Γöé ...\n    
  price: 1.99,\n      
[32mimageUrl[37m: 'https
://via.placeholder.c...
        Γò╡               
                 
[32m~~~~~~~~[0m


[31mX [41;31m[[41;97mER
ROR[41;31m][0m 
[1mTS1127: Invalid 
character.[0m 
[1m[35m[plugin 
angular-compiler][0m

    src/app/services/produ
ct.service.ts:1:640:
[37m      1 Γöé ...ttps:/
/via.placeholder.com/150',
[32m[37m\n      
category: 'Fruits',\n   
...
        Γò╡               
                     
[32m^[0m


[31mX [41;31m[[41;97mER
ROR[41;31m][0m 
[1mTS2663: Cannot find 
name 'n'. Did you mean 
the instance member 
'this.n'?[0m 
[1m[35m[plugin 
angular-compiler][0m

    src/app/services/produ
ct.service.ts:1:641:
[37m      1 Γöé ...tps://
via.placeholder.com/150',\
[32mn[37m      
category: 'Fruits',\n    
...
        Γò╡               
                     
[32m^[0m


[31mX [41;31m[[41;97mER
ROR[41;31m][0m 
[1mTS1005: ',' 
expected.[0m 
[1m[35m[plugin 
angular-compiler][0m

    src/app/services/produ
ct.service.ts:1:648:
[37m      1 Γöé 
...laceholder.com/150',\n 
     [32mcategory[37m: 
'Fruits',\n      stock: 
30...
        Γò╡               
                 
[32m~~~~~~~~[0m


[31mX [41;31m[[41;97mER
ROR[41;31m][0m 
[1mTS1127: Invalid 
character.[0m 
[1m[35m[plugin 
angular-compiler][0m

    src/app/services/produ
ct.service.ts:1:667:
[37m      1 Γöé 
...150',\n      category: 
'Fruits',[32m[37m\n     
 stock: 30\n    },\n    
{...
        Γò╡               
                     
[32m^[0m


[31mX [41;31m[[41;97mER
ROR[41;31m][0m 
[1mTS2663: Cannot find 
name 'n'. Did you mean 
the instance member 
'this.n'?[0m 
[1m[35m[plugin 
angular-compiler][0m

    src/app/services/produ
ct.service.ts:1:668:
[37m      1 Γöé 
...50',\n      category: 
'Fruits',\[32mn[37m     
 stock: 30\n    },\n    
{\...
        Γò╡               
                     
[32m^[0m


[31mX [41;31m[[41;97mER
ROR[41;31m][0m 
[1mTS1005: ',' 
expected.[0m 
[1m[35m[plugin 
angular-compiler][0m

    src/app/services/produ
ct.service.ts:1:675:
[37m      1 Γöé ...   
category: 'Fruits',\n     
 [32mstock[37m: 30\n    
},\n    {\n      id...
        Γò╡               
                   
[32m~~~~~[0m


[31mX [41;31m[[41;97mER
ROR[41;31m][0m 
[1mTS1127: Invalid 
character.[0m 
[1m[35m[plugin 
angular-compiler][0m

    src/app/services/produ
ct.service.ts:1:684:
[37m      1 Γöé ...gory: 
'Fruits',\n      stock: 
30[32m[37m\n    },\n    
{\n      id: 'p3',...
        Γò╡               
                     
[32m^[0m


[31mX [41;31m[[41;97mER
ROR[41;31m][0m 
[1mTS2663: Cannot find 
name 'n'. Did you mean 
the instance member 
'this.n'?[0m 
[1m[35m[plugin 
angular-compiler][0m

    src/app/services/produ
ct.service.ts:1:685:
[37m      1 Γöé ...ory: 
'Fruits',\n      stock: 
30\[32mn[37m    },\n    
{\n      id: 'p3',\...
        Γò╡               
                     
[32m^[0m


[31mX [41;31m[[41;97mER
ROR[41;31m][0m 
[1mTS1127: Invalid 
character.[0m 
[1m[35m[plugin 
angular-compiler][0m

    src/app/services/produ
ct.service.ts:1:692:
[37m      1 Γöé 
...ruits',\n      stock: 
30\n    },[32m[37m\n    
{\n      id: 'p3',\n      
...
        Γò╡               
                     
[32m^[0m


[31mX [41;31m[[41;97mER
ROR[41;31m][0m 
[1mTS2663: Cannot find 
name 'n'. Did you mean 
the instance member 
'this.n'?[0m 
[1m[35m[plugin 
angular-compiler][0m

    src/app/services/produ
ct.service.ts:1:693:
[37m      1 Γöé 
...uits',\n      stock: 
30\n    },\[32mn[37m    
{\n      id: 'p3',\n      
n...
        Γò╡               
                     
[32m^[0m


[31mX [41;31m[[41;97mER
ROR[41;31m][0m 
[1mTS1005: ',' 
expected.[0m 
[1m[35m[plugin 
angular-compiler][0m

    src/app/services/produ
ct.service.ts:1:698:
[37m      1 Γöé ...,\n   
   stock: 30\n    },\n    
[32m{[37m\n      id: 
'p3',\n      name: ...
        Γò╡               
                     
[32m^[0m


[31mX [41;31m[[41;97mER
ROR[41;31m][0m 
[1mTS1127: Invalid 
character.[0m 
[1m[35m[plugin 
angular-compiler][0m

    src/app/services/produ
ct.service.ts:1:699:
[37m      1 Γöé ...\n    
  stock: 30\n    },\n    
{[32m[37m\n      id: 
'p3',\n      name: '...
        Γò╡               
                     
[32m^[0m


[31mX [41;31m[[41;97mER
ROR[41;31m][0m 
[1mTS2663: Cannot find 
name 'n'. Did you mean 
the instance member 
'this.n'?[0m 
[1m[35m[plugin 
angular-compiler][0m

    src/app/services/produ
ct.service.ts:1:700:
[37m      1 Γöé ...n     
 stock: 30\n    },\n    
{\[32mn[37m      id: 
'p3',\n      name: 'W...
        Γò╡               
                     
[32m^[0m


[31mX [41;31m[[41;97mER
ROR[41;31m][0m 
[1mTS1005: ',' 
expected.[0m 
[1m[35m[plugin 
angular-compiler][0m

    src/app/services/produ
ct.service.ts:1:707:
[37m      1 Γöé ...tock: 
30\n    },\n    {\n      
[32mid[37m: 'p3',\n     
 name: 'Whole Mil...
        Γò╡               
                    
[32m~~[0m


[31mX [41;31m[[41;97mER
ROR[41;31m][0m 
[1mTS1127: Invalid 
character.[0m 
[1m[35m[plugin 
angular-compiler][0m

    src/app/services/produ
ct.service.ts:1:716:
[37m      1 Γöé ...\n    
},\n    {\n      id: 
'p3',[32m[37m\n      
name: 'Whole Milk',\n   
...
        Γò╡               
                     
[32m^[0m


[31mX [41;31m[[41;97mER
ROR[41;31m][0m 
[1mTS2663: Cannot find 
name 'n'. Did you mean 
the instance member 
'this.n'?[0m 
[1m[35m[plugin 
angular-compiler][0m

    src/app/services/produ
ct.service.ts:1:717:
[37m      1 Γöé ...n    
},\n    {\n      id: 
'p3',\[32mn[37m      
name: 'Whole Milk',\n    
...
        Γò╡               
                     
[32m^[0m


[31mX [41;31m[[41;97mER
ROR[41;31m][0m 
[1mTS1005: ',' 
expected.[0m 
[1m[35m[plugin 
angular-compiler][0m

    src/app/services/produ
ct.service.ts:1:724:
[37m      1 Γöé ...    
{\n      id: 'p3',\n      
[32mname[37m: 'Whole 
Milk',\n      descrip...
        Γò╡               
                   
[32m~~~~[0m


[31mX [41;31m[[41;97mER
ROR[41;31m][0m 
[1mTS1127: Invalid 
character.[0m 
[1m[35m[plugin 
angular-compiler][0m

    src/app/services/produ
ct.service.ts:1:743:
[37m      1 Γöé 
...'p3',\n      name: 
'Whole Milk',[32m[37m\n 
     description: '1 
Gallon o...
        Γò╡               
                     
[32m^[0m


[31mX [41;31m[[41;97mER
ROR[41;31m][0m 
[1mTS2663: Cannot find 
name 'n'. Did you mean 
the instance member 
'this.n'?[0m 
[1m[35m[plugin 
angular-compiler][0m

    src/app/services/produ
ct.service.ts:1:744:
[37m      1 Γöé 
...p3',\n      name: 
'Whole Milk',\[32mn[37m 
     description: '1 
Gallon of...
        Γò╡               
                     
[32m^[0m


[31mX [41;31m[[41;97mER
ROR[41;31m][0m 
[1mTS1005: ',' 
expected.[0m 
[1m[35m[plugin 
angular-compiler][0m

    src/app/services/produ
ct.service.ts:1:751:
[37m      1 Γöé ...name: 
'Whole Milk',\n      
[32mdescription[37m: '1 
Gallon of whole milk....
        Γò╡               
                
[32m~~~~~~~~~~~[0m


[31mX [41;31m[[41;97mER
ROR[41;31m][0m 
[1mTS1127: Invalid 
character.[0m 
[1m[35m[plugin 
angular-compiler][0m

    src/app/services/produ
ct.service.ts:1:790:
[37m      1 Γöé ...tion: 
'1 Gallon of whole 
milk.',[32m[37m\n      
price: 3.49,\n      
imag...
        Γò╡               
                     
[32m^[0m


[31mX [41;31m[[41;97mER
ROR[41;31m][0m 
[1mTS2663: Cannot find 
name 'n'. Did you mean 
the instance member 
'this.n'?[0m 
[1m[35m[plugin 
angular-compiler][0m

    src/app/services/produ
ct.service.ts:1:791:
[37m      1 Γöé ...ion: 
'1 Gallon of whole 
milk.',\[32mn[37m      
price: 3.49,\n      
image...
        Γò╡               
                     
[32m^[0m


[31mX [41;31m[[41;97mER
ROR[41;31m][0m 
[1mTS1005: ',' 
expected.[0m 
[1m[35m[plugin 
angular-compiler][0m

    src/app/services/produ
ct.service.ts:1:798:
[37m      1 Γöé ...allon 
of whole milk.',\n      
[32mprice[37m: 3.49,\n  
    imageUrl: 'htt...
        Γò╡               
                   
[32m~~~~~[0m


[31mX [41;31m[[41;97mER
ROR[41;31m][0m 
[1mTS1127: Invalid 
character.[0m 
[1m[35m[plugin 
angular-compiler][0m

    src/app/services/produ
ct.service.ts:1:810:
[37m      1 Γöé ...hole 
milk.',\n      price: 
3.49,[32m[37m\n      
imageUrl: 
'https://via.p...
        Γò╡               
                     
[32m^[0m


[31mX [41;31m[[41;97mER
ROR[41;31m][0m 
[1mTS2663: Cannot find 
name 'n'. Did you mean 
the instance member 
'this.n'?[0m 
[1m[35m[plugin 
angular-compiler][0m

    src/app/services/produ
ct.service.ts:1:811:
[37m      1 Γöé ...ole 
milk.',\n      price: 
3.49,\[32mn[37m      
imageUrl: 
'https://via.pl...
        Γò╡               
                     
[32m^[0m


[31mX [41;31m[[41;97mER
ROR[41;31m][0m 
[1mTS1005: ',' 
expected.[0m 
[1m[35m[plugin 
angular-compiler][0m

    src/app/services/produ
ct.service.ts:1:818:
[37m      1 Γöé ...\n    
  price: 3.49,\n      
[32mimageUrl[37m: 'https
://via.placeholder.c...
        Γò╡               
                 
[32m~~~~~~~~[0m


[31mX [41;31m[[41;97mER
ROR[41;31m][0m 
[1mTS1127: Invalid 
character.[0m 
[1m[35m[plugin 
angular-compiler][0m

    src/app/services/produ
ct.service.ts:1:862:
[37m      1 Γöé ...ttps:/
/via.placeholder.com/150',
[32m[37m\n      
category: 'Dairy',\n    
...
        Γò╡               
                     
[32m^[0m


[31mX [41;31m[[41;97mER
ROR[41;31m][0m 
[1mTS2663: Cannot find 
name 'n'. Did you mean 
the instance member 
'this.n'?[0m 
[1m[35m[plugin 
angular-compiler][0m

    src/app/services/produ
ct.service.ts:1:863:
[37m      1 Γöé ...tps://
via.placeholder.com/150',\
[32mn[37m      
category: 'Dairy',\n     
...
        Γò╡               
                     
[32m^[0m


[31mX [41;31m[[41;97mER
ROR[41;31m][0m 
[1mTS1005: ',' 
expected.[0m 
[1m[35m[plugin 
angular-compiler][0m

    src/app/services/produ
ct.service.ts:1:870:
[37m      1 Γöé 
...laceholder.com/150',\n 
     [32mcategory[37m: 
'Dairy',\n      stock: 
20\...
        Γò╡               
                 
[32m~~~~~~~~[0m


[31mX [41;31m[[41;97mER
ROR[41;31m][0m 
[1mTS1127: Invalid 
character.[0m 
[1m[35m[plugin 
angular-compiler][0m

    src/app/services/produ
ct.service.ts:1:888:
[37m      1 Γöé 
.../150',\n      
category: 
'Dairy',[32m[37m\n      
stock: 20\n    }\n  
]);\...
        Γò╡               
                     
[32m^[0m


[31mX [41;31m[[41;97mER
ROR[41;31m][0m 
[1mTS2663: Cannot find 
name 'n'. Did you mean 
the instance member 
'this.n'?[0m 
[1m[35m[plugin 
angular-compiler][0m

    src/app/services/produ
ct.service.ts:1:889:
[37m      1 Γöé 
...150',\n      category: 
'Dairy',\[32mn[37m      
stock: 20\n    }\n  
]);\n...
        Γò╡               
                     
[32m^[0m


[31mX [41;31m[[41;97mER
ROR[41;31m][0m 
[1mTS1005: ',' 
expected.[0m 
[1m[35m[plugin 
angular-compiler][0m

    src/app/services/produ
ct.service.ts:1:896:
[37m      1 Γöé ...    
category: 'Dairy',\n      
[32mstock[37m: 20\n    
}\n  ]);\n\n  get p...
        Γò╡               
                   
[32m~~~~~[0m


[31mX [41;31m[[41;97mER
ROR[41;31m][0m 
[1mTS1127: Invalid 
character.[0m 
[1m[35m[plugin 
angular-compiler][0m

    src/app/services/produ
ct.service.ts:1:905:
[37m      1 Γöé 
...egory: 'Dairy',\n      
stock: 20[32m[37m\n    
}\n  ]);\n\n  get 
products...
        Γò╡               
                     
[32m^[0m


[31mX [41;31m[[41;97mER
ROR[41;31m][0m 
[1mTS2663: Cannot find 
name 'n'. Did you mean 
the instance member 
'this.n'?[0m 
[1m[35m[plugin 
angular-compiler][0m

    src/app/services/produ
ct.service.ts:1:906:
[37m      1 Γöé ...gory: 
'Dairy',\n      stock: 
20\[32mn[37m    }\n  
]);\n\n  get products(...
        Γò╡               
                     
[32m^[0m


[31mX [41;31m[[41;97mER
ROR[41;31m][0m 
[1mTS1127: Invalid 
character.[0m 
[1m[35m[plugin 
angular-compiler][0m

    src/app/services/produ
ct.service.ts:1:912:
[37m      1 Γöé 
...'Dairy',\n      stock: 
20\n    }[32m[37m\n  
]);\n\n  get products() 
{\n ...
        Γò╡               
                     
[32m^[0m


[31mX [41;31m[[41;97mER
ROR[41;31m][0m 
[1mTS2663: Cannot find 
name 'n'. Did you mean 
the instance member 
'this.n'?[0m 
[1m[35m[plugin 
angular-compiler][0m

    src/app/services/produ
ct.service.ts:1:913:
[37m      1 Γöé 
...Dairy',\n      stock: 
20\n    }\[32mn[37m  
]);\n\n  get products() 
{\n  ...
        Γò╡               
                     
[32m^[0m


[31mX [41;31m[[41;97mER
ROR[41;31m][0m 
[1mTS1127: Invalid 
character.[0m 
[1m[35m[plugin 
angular-compiler][0m

    src/app/services/produ
ct.service.ts:1:919:
[37m      1 Γöé ...,\n   
   stock: 20\n    }\n  
]);[32m[37m\n\n  get 
products() {\n    retu...
        Γò╡               
                     
[32m^[0m


[31mX [41;31m[[41;97mER
ROR[41;31m][0m 
[1mTS2300: Duplicate 
identifier 'n'.[0m 
[1m[35m[plugin 
angular-compiler][0m

    src/app/services/produ
ct.service.ts:1:920:
[37m      1 Γöé ...\n    
  stock: 20\n    }\n  
]);\[32mn[37m\n  get 
products() {\n    retur...
        Γò╡               
                     
[32m^[0m


[31mX [41;31m[[41;97mER
ROR[41;31m][0m 
[1mTS1127: Invalid 
character.[0m 
[1m[35m[plugin 
angular-compiler][0m

    src/app/services/produ
ct.service.ts:1:921:
[37m      1 Γöé ...n     
 stock: 20\n    }\n  
]);\n[32m[37m\n  get 
products() {\n    
return...
        Γò╡               
                     
[32m^[0m


[31mX [41;31m[[41;97mER
ROR[41;31m][0m 
[1mTS1434: Unexpected 
keyword or 
identifier.[0m 
[1m[35m[plugin 
angular-compiler][0m

    src/app/services/produ
ct.service.ts:1:922:
[37m      1 Γöé ...      
stock: 20\n    }\n  
]);\n\[32mn[37m  get 
products() {\n    return 
...
        Γò╡               
                     
[32m^[0m


[31mX [41;31m[[41;97mER
ROR[41;31m][0m 
[1mTS2300: Duplicate 
identifier 'n'.[0m 
[1m[35m[plugin 
angular-compiler][0m

    src/app/services/produ
ct.service.ts:1:922:
[37m      1 Γöé ...      
stock: 20\n    }\n  
]);\n\[32mn[37m  get 
products() {\n    return 
...
        Γò╡               
                     
[32m^[0m


[31mX [41;31m[[41;97mER
ROR[41;31m][0m 
[1mTS1127: Invalid 
character.[0m 
[1m[35m[plugin 
angular-compiler][0m

    src/app/services/produ
ct.service.ts:1:941:
[37m      1 Γöé ...  }\n 
 ]);\n\n  get products() 
{[32m[37m\n    return 
this.productsSignal...
        Γò╡               
                     
[32m^[0m


[31mX [41;31m[[41;97mER
ROR[41;31m][0m 
[1mTS1434: Unexpected 
keyword or 
identifier.[0m 
[1m[35m[plugin 
angular-compiler][0m

    src/app/services/produ
ct.service.ts:1:942:
[37m      1 Γöé ... }\n  
]);\n\n  get products() 
{\[32mn[37m    return 
this.productsSignal....
        Γò╡               
                     
[32m^[0m


[31mX [41;31m[[41;97mER
ROR[41;31m][0m 
[1mTS2663: Cannot find 
name 'n'. Did you mean 
the instance member 
'this.n'?[0m 
[1m[35m[plugin 
angular-compiler][0m

    src/app/services/produ
ct.service.ts:1:942:
[37m      1 Γöé ... }\n  
]);\n\n  get products() 
{\[32mn[37m    return 
this.productsSignal....
        Γò╡               
                     
[32m^[0m


[31mX [41;31m[[41;97mER
ROR[41;31m][0m 
[1mTS1127: Invalid 
character.[0m 
[1m[35m[plugin 
angular-compiler][0m

    src/app/services/produ
ct.service.ts:1:987:
[37m      1 Γöé ...his.pr
oductsSignal.asReadonly();
[32m[37m\n  }\n\n  
getProductById(id: st...
        Γò╡               
                     
[32m^[0m


[31mX [41;31m[[41;97mER
ROR[41;31m][0m 
[1mTS2663: Cannot find 
name 'n'. Did you mean 
the instance member 
'this.n'?[0m 
[1m[35m[plugin 
angular-compiler][0m

    src/app/services/produ
ct.service.ts:1:988:
[37m      1 Γöé ...is.pro
ductsSignal.asReadonly();\
[32mn[37m  }\n\n  
getProductById(id: str...
        Γò╡               
                     
[32m^[0m


[31mX [41;31m[[41;97mER
ROR[41;31m][0m 
[1mTS1127: Invalid 
character.[0m 
[1m[35m[plugin 
angular-compiler][0m

    src/app/services/produ
ct.service.ts:1:992:
[37m      1 Γöé ...roduct
sSignal.asReadonly();\n  
}[32m[37m\n\n  
getProductById(id: 
string)...
        Γò╡               
                     
[32m^[0m


[31mX [41;31m[[41;97mER
ROR[41;31m][0m 
[1mTS2300: Duplicate 
identifier 'n'.[0m 
[1m[35m[plugin 
angular-compiler][0m

    src/app/services/produ
ct.service.ts:1:993:
[37m      1 Γöé ...oducts
Signal.asReadonly();\n  
}\[32mn[37m\n  
getProductById(id: 
string):...
        Γò╡               
                     
[32m^[0m


[31mX [41;31m[[41;97mER
ROR[41;31m][0m 
[1mTS1127: Invalid 
character.[0m 
[1m[35m[plugin 
angular-compiler][0m

    src/app/services/produ
ct.service.ts:1:994:
[37m      1 Γöé ...ductsS
ignal.asReadonly();\n  
}\n[32m[37m\n  
getProductById(id: 
string): ...
        Γò╡               
                     
[32m^[0m


[31mX [41;31m[[41;97mER
ROR[41;31m][0m 
[1mTS1434: Unexpected 
keyword or 
identifier.[0m 
[1m[35m[plugin 
angular-compiler][0m

    src/app/services/produ
ct.service.ts:1:995:
[37m      1 Γöé ...uctsSi
gnal.asReadonly();\n  
}\n\[32mn[37m  
getProductById(id: 
string): P...
        Γò╡               
                     
[32m^[0m


[31mX [41;31m[[41;97mER
ROR[41;31m][0m 
[1mTS2300: Duplicate 
identifier 'n'.[0m 
[1m[35m[plugin 
angular-compiler][0m

    src/app/services/produ
ct.service.ts:1:995:
[37m      1 Γöé ...uctsSi
gnal.asReadonly();\n  
}\n\[32mn[37m  
getProductById(id: 
string): P...
        Γò╡               
                     
[32m^[0m


[31mX [41;31m[[41;97mER
ROR[41;31m][0m 
[1mTS2304: Cannot find 
name 'Product'.[0m 
[1m[35m[plugin 
angular-compiler][0m

    src/app/services/produ
ct.service.ts:1:1026:
[37m      1 Γöé ... 
getProductById(id: 
string): 
[32mProduct[37m | 
undefined {\n    return 
t...
        Γò╡               
                  
[32m~~~~~~~[0m


[31mX [41;31m[[41;97mER
ROR[41;31m][0m 
[1mTS1127: Invalid 
character.[0m 
[1m[35m[plugin 
angular-compiler][0m

    src/app/services/produ
ct.service.ts:1:1047:
[37m      1 Γöé ...: 
string): Product | 
undefined {[32m[37m\n   
 return 
this.productsSignal...
        Γò╡               
                     
[32m^[0m


[31mX [41;31m[[41;97mER
ROR[41;31m][0m 
[1mTS1434: Unexpected 
keyword or 
identifier.[0m 
[1m[35m[plugin 
angular-compiler][0m

    src/app/services/produ
ct.service.ts:1:1048:
[37m      1 Γöé ... 
string): Product | 
undefined {\[32mn[37m   
 return 
this.productsSignal(...
        Γò╡               
                     
[32m^[0m


[31mX [41;31m[[41;97mER
ROR[41;31m][0m 
[1mTS2663: Cannot find 
name 'n'. Did you mean 
the instance member 
'this.n'?[0m 
[1m[35m[plugin 
angular-compiler][0m

    src/app/services/produ
ct.service.ts:1:1048:
[37m      1 Γöé ... 
string): Product | 
undefined {\[32mn[37m   
 return 
this.productsSignal(...
        Γò╡               
                     
[32m^[0m


[31mX [41;31m[[41;97mER
ROR[41;31m][0m 
[1mTS1127: Invalid 
character.[0m 
[1m[35m[plugin 
angular-compiler][0m

    src/app/services/produ
ct.service.ts:1:1105:
[37m      1 Γöé 
...Signal().find(p => 
p.id === id);[32m[37m\n 
 }\n\n  
filterProducts(query:...
        Γò╡               
                     
[32m^[0m


[31mX [41;31m[[41;97mER
ROR[41;31m][0m 
[1mTS2663: Cannot find 
name 'n'. Did you mean 
the instance member 
'this.n'?[0m 
[1m[35m[plugin 
angular-compiler][0m

    src/app/services/produ
ct.service.ts:1:1106:
[37m      1 Γöé 
...ignal().find(p => p.id 
=== id);\[32mn[37m  
}\n\n  
filterProducts(query: ...
        Γò╡               
                     
[32m^[0m


[31mX [41;31m[[41;97mER
ROR[41;31m][0m 
[1mTS1127: Invalid 
character.[0m 
[1m[35m[plugin 
angular-compiler][0m

    src/app/services/produ
ct.service.ts:1:1110:
[37m      1 Γöé 
...l().find(p => p.id === 
id);\n  }[32m[37m\n\n  
filterProducts(query: 
stri...
        Γò╡               
                     
[32m^[0m


[31mX [41;31m[[41;97mER
ROR[41;31m][0m 
[1mTS2300: Duplicate 
identifier 'n'.[0m 
[1m[35m[plugin 
angular-compiler][0m

    src/app/services/produ
ct.service.ts:1:1111:
[37m      1 Γöé 
...().find(p => p.id === 
id);\n  }\[32mn[37m\n  
filterProducts(query: 
strin...
        Γò╡               
                     
[32m^[0m


[31mX [41;31m[[41;97mER
ROR[41;31m][0m 
[1mTS1127: Invalid 
character.[0m 
[1m[35m[plugin 
angular-compiler][0m

    src/app/services/produ
ct.service.ts:1:1112:
[37m      1 Γöé 
...).find(p => p.id === 
id);\n  }\n[32m[37m\n  
filterProducts(query: 
string...
        Γò╡               
                     
[32m^[0m


[31mX [41;31m[[41;97mER
ROR[41;31m][0m 
[1mTS1434: Unexpected 
keyword or 
identifier.[0m 
[1m[35m[plugin 
angular-compiler][0m

    src/app/services/produ
ct.service.ts:1:1113:
[37m      1 Γöé 
....find(p => p.id === 
id);\n  }\n\[32mn[37m  
filterProducts(query: 
string)...
        Γò╡               
                     
[32m^[0m


[31mX [41;31m[[41;97mER
ROR[41;31m][0m 
[1mTS2300: Duplicate 
identifier 'n'.[0m 
[1m[35m[plugin 
angular-compiler][0m

    src/app/services/produ
ct.service.ts:1:1113:
[37m      1 Γöé 
....find(p => p.id === 
id);\n  }\n\[32mn[37m  
filterProducts(query: 
string)...
        Γò╡               
                     
[32m^[0m


[31mX [41;31m[[41;97mER
ROR[41;31m][0m 
[1mTS1127: Invalid 
character.[0m 
[1m[35m[plugin 
angular-compiler][0m

    src/app/services/produ
ct.service.ts:1:1147:
[37m      1 Γöé ... 
filterProducts(query: 
string) {[32m[37m\n    
if (!query) return 
this.pr...
        Γò╡               
                     
[32m^[0m


[31mX [41;31m[[41;97mER
ROR[41;31m][0m 
[1mTS1434: Unexpected 
keyword or 
identifier.[0m 
[1m[35m[plugin 
angular-compiler][0m

    src/app/services/produ
ct.service.ts:1:1148:
[37m      1 Γöé 
...filterProducts(query: 
string) {\[32mn[37m    
if (!query) return 
this.pro...
        Γò╡               
                     
[32m^[0m


[31mX [41;31m[[41;97mER
ROR[41;31m][0m 
[1mTS2663: Cannot find 
name 'n'. Did you mean 
the instance member 
'this.n'?[0m 
[1m[35m[plugin 
angular-compiler][0m

    src/app/services/produ
ct.service.ts:1:1148:
[37m      1 Γöé 
...filterProducts(query: 
string) {\[32mn[37m    
if (!query) return 
this.pro...
        Γò╡               
                     
[32m^[0m


[31mX [41;31m[[41;97mER
ROR[41;31m][0m 
[1mTS1127: Invalid 
character.[0m 
[1m[35m[plugin 
angular-compiler][0m

    src/app/services/produ
ct.service.ts:1:1194:
[37m      1 Γöé ...y) 
return this.productsSignal
();[32m[37m\n    return 
this.productsSignal...
        Γò╡               
                     
[32m^[0m


[31mX [41;31m[[41;97mER
ROR[41;31m][0m 
[1mTS1434: Unexpected 
keyword or 
identifier.[0m 
[1m[35m[plugin 
angular-compiler][0m

    src/app/services/produ
ct.service.ts:1:1195:
[37m      1 Γöé ...) 
return this.productsSignal
();\[32mn[37m    return 
this.productsSignal(...
        Γò╡               
                     
[32m^[0m


[31mX [41;31m[[41;97mER
ROR[41;31m][0m 
[1mTS2663: Cannot find 
name 'n'. Did you mean 
the instance member 
'this.n'?[0m 
[1m[35m[plugin 
angular-compiler][0m

    src/app/services/produ
ct.service.ts:1:1195:
[37m      1 Γöé ...) 
return this.productsSignal
();\[32mn[37m    return 
this.productsSignal(...
        Γò╡               
                     
[32m^[0m


[31mX [41;31m[[41;97mER
ROR[41;31m][0m 
[1mTS1127: Invalid 
character.[0m 
[1m[35m[plugin 
angular-compiler][0m

    src/app/services/produ
ct.service.ts:1:1293:
[37m      1 Γöé ...p => p
.name.toLowerCase().includ
es(query.toLowerCase()));
[32m[37m\n  }\n}\n
        Γò╡               
                          
                    
[32m^[0m


[31mX [41;31m[[41;97mER
ROR[41;31m][0m 
[1mTS2663: Cannot find 
name 'n'. Did you mean 
the instance member 
'this.n'?[0m 
[1m[35m[plugin 
angular-compiler][0m

    src/app/services/produ
ct.service.ts:1:1294:
[37m      1 Γöé ...p => p
.name.toLowerCase().includ
es(query.toLowerCase()));\
[32mn[37m  }\n}\n
        Γò╡               
                          
                     
[32m^[0m


[31mX [41;31m[[41;97mER
ROR[41;31m][0m 
[1mTS1127: Invalid 
character.[0m 
[1m[35m[plugin 
angular-compiler][0m

    src/app/services/produ
ct.service.ts:1:1298:
[37m      1 Γöé ...p => p
.name.toLowerCase().includ
es(query.toLowerCase()));\
n  }[32m[37m\n}\n
        Γò╡               
                          
                         
[32m^[0m


[31mX [41;31m[[41;97mER
ROR[41;31m][0m 
[1mTS2300: Duplicate 
identifier 'n'.[0m 
[1m[35m[plugin 
angular-compiler][0m

    src/app/services/produ
ct.service.ts:1:1299:
[37m      1 Γöé ...p => p
.name.toLowerCase().includ
es(query.toLowerCase()));\
n  }\[32mn[37m}\n
        Γò╡               
                          
                          
[32m^[0m


[31mX [41;31m[[41;97mER
ROR[41;31m][0m 
[1mTS1127: Invalid 
character.[0m 
[1m[35m[plugin 
angular-compiler][0m

    src/app/services/produ
ct.service.ts:1:1301:
[37m      1 Γöé ...p => p
.name.toLowerCase().includ
es(query.toLowerCase()));\
n  }\n}[32m[37m\n
        Γò╡               
                          
                          
  [32m^[0m


[31mX [41;31m[[41;97mER
ROR[41;31m][0m 
[1mTS2304: Cannot find 
name 'n'.[0m 
[1m[35m[plugin 
angular-compiler][0m

    src/app/services/produ
ct.service.ts:1:1302:
[37m      1 Γöé ...p => p
.name.toLowerCase().includ
es(query.toLowerCase()));\
n  }\n}\[32mn[37m
        Γò╡               
                          
                          
   [32m^[0m


[31mX [41;31m[[41;97mER
ROR[41;31m][0m 
[1mSyntax error "n"[0m

    src/app/components/car
t/cart.component.ts:1:51:
[37m      1 Γöé ... 
inject } from '@angular/co
re';\[32m[37mnimport { 
CommonModule } from '@...
        Γò╡               
                     
[32m^[0m


[31mX [41;31m[[41;97mER
ROR[41;31m][0m 
[1mSyntax error "n"[0m

    src/app/components/ord
ers/orders.component.ts:1:
51:
[37m      1 Γöé ... 
inject } from '@angular/co
re';\[32m[37mnimport { 
CommonModule, Currency...
        Γò╡               
                     
[32m^[0m


[31mX [41;31m[[41;97mER
ROR[41;31m][0m 
[1mSyntax error "n"[0m

    src/app/components/pro
ducts/products.component.t
s:1:51:
[37m      1 Γöé ... 
inject } from '@angular/co
re';\[32m[37mnimport { 
CommonModule } from '@...
        Γò╡               
                     
[32m^[0m


[31mX [41;31m[[41;97mER
ROR[41;31m][0m 
[1mSyntax error "n"[0m

    src/app/components/car
t/cart.component.ts:1:51:
[37m      1 Γöé ... 
inject } from '@angular/co
re';\[32m[37mnimport { 
CommonModule } from '@...
        Γò╡               
                     
[32m^[0m


[31mX [41;31m[[41;97mER
ROR[41;31m][0m 
[1mSyntax error "n"[0m

    src/app/components/ord
ers/orders.component.ts:1:
51:
[37m      1 Γöé ... 
inject } from '@angular/co
re';\[32m[37mnimport { 
CommonModule, Currency...
        Γò╡               
                     
[32m^[0m


[31mX [41;31m[[41;97mER
ROR[41;31m][0m 
[1mSyntax error "n"[0m

    src/app/components/pro
ducts/products.component.t
s:1:51:
[37m      1 Γöé ... 
inject } from '@angular/co
re';\[32m[37mnimport { 
CommonModule } from '@...
        Γò╡               
                     
[32m^[0m

[39m[22m
